Component: Arm Compiler for Embedded 6.23 Tool: armlink [5f102400]

==============================================================================

Section Cross References

    adc.o(.ARM.exidx.text.ADC0_Init) refers to adc.o(.text.ADC0_Init) for [Anonymous Symbol]
    adc.o(.ARM.exidx.text.ADC0_In) refers to adc.o(.text.ADC0_In) for [Anonymous Symbol]
    buttons.o(.ARM.exidx.text.Debounce_GPIOE) refers to buttons.o(.text.Debounce_GPIOE) for [Anonymous Symbol]
    buttons.o(.text.Buttons_Init) refers to buttons.o(.text.Debounce_GPIOE) for Debounce_GPIOE
    buttons.o(.text.Buttons_Init) refers to timer2.o(.text.Timer2_Init) for Timer2_Init
    buttons.o(.ARM.exidx.text.Buttons_Init) refers to buttons.o(.text.Buttons_Init) for [Anonymous Symbol]
    buttons.o(.ARM.exidx.text.Buttons_Read) refers to buttons.o(.text.Buttons_Read) for [Anonymous Symbol]
    buttons.o(.text.GPIOE_Handler) refers to timer2.o(.text.Timer2_Oneshot) for Timer2_Oneshot
    buttons.o(.text.GPIOE_Handler) refers to buttons.o(.bss.MissileFlag) for MissileFlag
    buttons.o(.text.GPIOE_Handler) refers to buttons.o(.bss.LaserFlag) for LaserFlag
    buttons.o(.ARM.exidx.text.GPIOE_Handler) refers to buttons.o(.text.GPIOE_Handler) for [Anonymous Symbol]
    dac.o(.ARM.exidx.text.DAC_Init) refers to dac.o(.text.DAC_Init) for [Anonymous Symbol]
    dac.o(.ARM.exidx.text.DAC_Out) refers to dac.o(.text.DAC_Out) for [Anonymous Symbol]
    led.o(.ARM.exidx.text.LED_Init) refers to led.o(.text.LED_Init) for [Anonymous Symbol]
    led.o(.ARM.exidx.text.LED_On) refers to led.o(.text.LED_On) for [Anonymous Symbol]
    led.o(.ARM.exidx.text.LED_Off) refers to led.o(.text.LED_Off) for [Anonymous Symbol]
    nokia5110.o(.text.Nokia5110_Init) refers to nokia5110.o(.text.lcdwrite) for lcdwrite
    nokia5110.o(.ARM.exidx.text.Nokia5110_Init) refers to nokia5110.o(.text.Nokia5110_Init) for [Anonymous Symbol]
    nokia5110.o(.ARM.exidx.text.lcdwrite) refers to nokia5110.o(.text.lcdwrite) for [Anonymous Symbol]
    nokia5110.o(.text.Nokia5110_OutChar) refers to nokia5110.o(.text.lcdwrite) for lcdwrite
    nokia5110.o(.text.Nokia5110_OutChar) refers to nokia5110.o(.rodata.ASCII) for ASCII
    nokia5110.o(.ARM.exidx.text.Nokia5110_OutChar) refers to nokia5110.o(.text.Nokia5110_OutChar) for [Anonymous Symbol]
    nokia5110.o(.text.Nokia5110_OutString) refers to nokia5110.o(.text.Nokia5110_OutChar) for Nokia5110_OutChar
    nokia5110.o(.ARM.exidx.text.Nokia5110_OutString) refers to nokia5110.o(.text.Nokia5110_OutString) for [Anonymous Symbol]
    nokia5110.o(.text.Nokia5110_OutUDec) refers to nokia5110.o(.rodata.str1.1) for .L.str
    nokia5110.o(.text.Nokia5110_OutUDec) refers to nokia5110.o(.text.Nokia5110_OutString) for Nokia5110_OutString
    nokia5110.o(.text.Nokia5110_OutUDec) refers to nokia5110.o(.text.Nokia5110_OutChar) for Nokia5110_OutChar
    nokia5110.o(.ARM.exidx.text.Nokia5110_OutUDec) refers to nokia5110.o(.text.Nokia5110_OutUDec) for [Anonymous Symbol]
    nokia5110.o(.text.Nokia5110_SetCursor) refers to nokia5110.o(.text.lcdwrite) for lcdwrite
    nokia5110.o(.ARM.exidx.text.Nokia5110_SetCursor) refers to nokia5110.o(.text.Nokia5110_SetCursor) for [Anonymous Symbol]
    nokia5110.o(.text.Nokia5110_Clear) refers to nokia5110.o(.text.lcdwrite) for lcdwrite
    nokia5110.o(.text.Nokia5110_Clear) refers to nokia5110.o(.text.Nokia5110_SetCursor) for Nokia5110_SetCursor
    nokia5110.o(.ARM.exidx.text.Nokia5110_Clear) refers to nokia5110.o(.text.Nokia5110_Clear) for [Anonymous Symbol]
    nokia5110.o(.text.Nokia5110_DrawFullImage) refers to nokia5110.o(.text.Nokia5110_SetCursor) for Nokia5110_SetCursor
    nokia5110.o(.text.Nokia5110_DrawFullImage) refers to nokia5110.o(.text.lcdwrite) for lcdwrite
    nokia5110.o(.ARM.exidx.text.Nokia5110_DrawFullImage) refers to nokia5110.o(.text.Nokia5110_DrawFullImage) for [Anonymous Symbol]
    nokia5110.o(.text.Nokia5110_PrintBMP) refers to nokia5110.o(.bss.Screen) for Screen
    nokia5110.o(.ARM.exidx.text.Nokia5110_PrintBMP) refers to nokia5110.o(.text.Nokia5110_PrintBMP) for [Anonymous Symbol]
    nokia5110.o(.text.Nokia5110_ClearBuffer) refers to nokia5110.o(.bss.Screen) for Screen
    nokia5110.o(.ARM.exidx.text.Nokia5110_ClearBuffer) refers to nokia5110.o(.text.Nokia5110_ClearBuffer) for [Anonymous Symbol]
    nokia5110.o(.text.Nokia5110_SetPixel) refers to nokia5110.o(.bss.Screen) for Screen
    nokia5110.o(.ARM.exidx.text.Nokia5110_SetPixel) refers to nokia5110.o(.text.Nokia5110_SetPixel) for [Anonymous Symbol]
    nokia5110.o(.text.Nokia5110_ClearPixel) refers to nokia5110.o(.bss.Screen) for Screen
    nokia5110.o(.ARM.exidx.text.Nokia5110_ClearPixel) refers to nokia5110.o(.text.Nokia5110_ClearPixel) for [Anonymous Symbol]
    nokia5110.o(.text.Nokia5110_DisplayBuffer) refers to nokia5110.o(.bss.Screen) for Screen
    nokia5110.o(.text.Nokia5110_DisplayBuffer) refers to nokia5110.o(.text.Nokia5110_DrawFullImage) for Nokia5110_DrawFullImage
[...]
    .constdata                               0x00003cb8   Section       17  __printf_flags_ss_wp.o(.constdata)
    lc_hextab                                0x00003cc9   Data          19  _printf_fp_hex.o(.constdata)
    .constdata                               0x00003cc9   Section       38  _printf_fp_hex.o(.constdata)
    uc_hextab                                0x00003cdc   Data          19  _printf_fp_hex.o(.constdata)
    tenpwrs_x                                0x00003cf0   Data          60  bigflt0.o(.constdata)
    .constdata                               0x00003cf0   Section      148  bigflt0.o(.constdata)
    tenpwrs_i                                0x00003d2c   Data          64  bigflt0.o(.constdata)
    ASCII                                    0x00003d84   Data         480  nokia5110.o(.rodata.ASCII)
    [Anonymous Symbol]                       0x00003d84   Section        0  nokia5110.o(.rodata.ASCII)
    .L.str                                   0x000046e8   Data          10  main.o(.rodata.str1.1)
    [Anonymous Symbol]                       0x000046e8   Section        0  main.o(.rodata.str1.1)
    .L.str.1                                 0x000046f2   Data           3  main.o(.rodata.str1.1)
    .L.str.2                                 0x000046f5   Data          11  main.o(.rodata.str1.1)
    .L.str.3                                 0x00004700   Data           5  main.o(.rodata.str1.1)
    locale$$data                             0x00004728   Section       28  lc_numeric_c.o(locale$$data)
    __lcnum_c_name                           0x0000472c   Data           2  lc_numeric_c.o(locale$$data)
    __lcnum_c_start                          0x00004734   Data           0  lc_numeric_c.o(locale$$data)
    __lcnum_c_point                          0x00004740   Data           0  lc_numeric_c.o(locale$$data)
    __lcnum_c_thousands                      0x00004742   Data           0  lc_numeric_c.o(locale$$data)
    __lcnum_c_grouping                       0x00004743   Data           0  lc_numeric_c.o(locale$$data)
    __lcnum_c_end                            0x00004744   Data           0  lc_numeric_c.o(locale$$data)
    locale$$data                             0x00004744   Section      272  lc_ctype_c.o(locale$$data)
    __lcctype_c_name                         0x00004748   Data           2  lc_ctype_c.o(locale$$data)
    __lcctype_c_start                        0x00004750   Data           0  lc_ctype_c.o(locale$$data)
    __lcctype_c_end                          0x00004854   Data           0  lc_ctype_c.o(locale$$data)
    Movement_Dir                             0x20000000   Data           4  enemies.o(.data.Movement_Dir)
    [Anonymous Symbol]                       0x20000000   Section        0  enemies.o(.data.Movement_Dir)
    SpriteA_Flag                             0x20000004   Data           1  enemies.o(.data.SpriteA_Flag)
    [Anonymous Symbol]                       0x20000004   Section        0  enemies.o(.data.SpriteA_Flag)
    VERTICAL_MOVEMENT_FLAG                   0x20000018   Data           1  enemies.o(.data.VERTICAL_MOVEMENT_FLAG)
    [Anonymous Symbol]                       0x20000018   Section        0  enemies.o(.data.VERTICAL_MOVEMENT_FLAG)
    M                                        0x2000001c   Data           4  random.o(DATA)
    DATA                                     0x2000001c   Section        4  random.o(DATA)
    .bss                                     0x20000020   Section       96  libspace.o(.bss)
    Enemies                                  0x20000084   Data          84  enemies.o(.bss.Enemies)
    [Anonymous Symbol]                       0x20000084   Section        0  enemies.o(.bss.Enemies)
    Enemies                                  0x200000d8   Data           4  main.o(.bss.Enemies)
    [Anonymous Symbol]                       0x200000d8   Section        0  main.o(.bss.Enemies)
    EnemyStorage                             0x200000dc   Data         640  enemies.o(.bss.EnemyStorage)
    [Anonymous Symbol]                       0x200000dc   Section        0  enemies.o(.bss.EnemyStorage)
    LaserStorage                             0x20000364   Data         280  projectile.o(.bss.LaserStorage)
    [Anonymous Symbol]                       0x20000364   Section        0  projectile.o(.bss.LaserStorage)
    Lasers                                   0x2000047c   Data          44  projectile.o(.bss.Lasers)
    [Anonymous Symbol]                       0x2000047c   Section        0  projectile.o(.bss.Lasers)
    Lasers                                   0x200004a8   Data           4  main.o(.bss.Lasers)
    [Anonymous Symbol]                       0x200004a8   Section        0  main.o(.bss.Lasers)
    MissileStorage                           0x200004b0   Data         280  projectile.o(.bss.MissileStorage)
    [Anonymous Symbol]                       0x200004b0   Section        0  projectile.o(.bss.MissileStorage)
    Missiles                                 0x200005c8   Data          44  projectile.o(.bss.Missiles)
    [Anonymous Symbol]                       0x200005c8   Section        0  projectile.o(.bss.Missiles)
    Missiles                                 0x200005f4   Data           4  main.o(.bss.Missiles)
    [Anonymous Symbol]                       0x200005f4   Section        0  main.o(.bss.Missiles)
    Movement_Flag                            0x200005f8   Data           1  enemies.o(.bss.Movement_Flag)
    [Anonymous Symbol]                       0x200005f8   Section        0  enemies.o(.bss.Movement_Flag)
    PeriodicTask                             0x200005fc   Data           4  timer0.o(.bss.PeriodicTask)
    [Anonymous Symbol]                       0x200005fc   Section        0  timer0.o(.bss.PeriodicTask)
    PeriodicTask                             0x20000600   Data           4  timer1.o(.bss.PeriodicTask)
    [Anonymous Symbol]                       0x20000600   Section        0  timer1.o(.bss.PeriodicTask)
    PeriodicTask                             0x20000604   Data           4  timer2.o(.bss.PeriodicTask)
    [Anonymous Symbol]                       0x20000604   Section        0  timer2.o(.bss.PeriodicTask)
    PlayerShip                               0x20000608   Data           4  systick.o(.bss.PlayerShip)
    [Anonymous Symbol]                       0x20000608   Section        0  systick.o(.bss.PlayerShip)
    PlayerShip                               0x2000060c   Data          20  player.o(.bss.PlayerShip)
    [Anonymous Symbol]                       0x2000060c   Section        0  player.o(.bss.PlayerShip)
    PlayerShip                               0x20000620   Data           4  projectile.o(.bss.PlayerShip)
    [Anonymous Symbol]                       0x20000620   Section        0  projectile.o(.bss.PlayerShip)
    PlayerShip                               0x20000624   Data           4  main.o(.bss.PlayerShip)
    [Anonymous Symbol]                       0x20000624   Section        0  main.o(.bss.PlayerShip)
    SmoothedADC                              0x20000820   Data           4  systick.o(.bss.SmoothedADC)
    [Anonymous Symbol]                       0x20000820   Section        0  systick.o(.bss.SmoothedADC)
    Heap_Mem                                 0x20000830   Data           0  startup_tm4c123.o(HEAP)
    Stack_Mem                                0x20000830   Data         512  startup_tm4c123.o(STACK)
    HEAP                                     0x20000830   Section        0  startup_tm4c123.o(HEAP)
    STACK                                    0x20000830   Section      512  startup_tm4c123.o(STACK)
    __initial_sp                             0x20000a30   Data           0  startup_tm4c123.o(STACK)

    Global Symbols

    Symbol Name                              Value     Ov Type        Size  Object(Section)

    BuildAttributes$$THM_ISAv4$E$P$D$K$B$S$7EM$VFPi3$EXTD16$VFPS$VFMA$PE$A:L22UL41UL21$X:L11$S22US41US21$IEEE1$IW$~IW$USESV6$~STKCKD$USESV7$~SHL$OTIME$ROPI$IEEEJ$EBA8$UX$STANDARDLIB$REQ8$EABIv2 0x00000000   Number         0  anon$$obj.o ABSOLUTE
    __Vectors                                0x00000000   Data           4  startup_tm4c123.o(RESET)
    _printf_flags                            0x00000000   Number         0  printf_stubs.o ABSOLUTE
    _printf_return_value                     0x00000000   Number         0  printf_stubs.o ABSOLUTE
    _printf_sizespec                         0x00000000   Number         0  printf_stubs.o ABSOLUTE
    _printf_widthprec                        0x00000000   Number         0  printf_stubs.o ABSOLUTE
    __ARM_exceptions_init                     - Undefined Weak Reference
    __alloca_initialize                       - Undefined Weak Reference
    __arm_preinit_                            - Undefined Weak Reference
    __arm_relocate_pie_                       - Undefined Weak Reference
    __cpp_initialize__aeabi_                  - Undefined Weak Reference
    __cxa_finalize                            - Undefined Weak Reference
    __sigvec_lookup                           - Undefined Weak Reference
    _atexit_init                              - Undefined Weak Reference
    _call_atexit_fns                          - Undefined Weak Reference
    _clock_init                               - Undefined Weak Reference
    _fp_trap_init                             - Undefined Weak Reference
    _fp_trap_shutdown                         - Undefined Weak Reference
    _get_lc_collate                           - Undefined Weak Reference
    _get_lc_monetary                          - Undefined Weak Reference
    _get_lc_time                              - Undefined Weak Reference
    _getenv_init                              - Undefined Weak Reference
    _handle_redirection                       - Undefined Weak Reference
    _init_alloc                               - Undefined Weak Reference
    _init_user_alloc                          - Undefined Weak Reference
    _initio                                   - Undefined Weak Reference
    _printf_mbtowc                            - Undefined Weak Reference
    _printf_wc                                - Undefined Weak Reference
    _rand_init                                - Undefined Weak Reference
    _signal_finish                            - Undefined Weak Reference
    _signal_init                              - Undefined Weak Reference
    _terminate_alloc                          - Undefined Weak Reference
    _terminate_user_alloc                     - Undefined Weak Reference
    _terminateio                              - Undefined Weak Reference
    __Vectors_End                            0x0000026c   Data           0  startup_tm4c123.o(RESET)
    __Vectors_Size                           0x0000026c   Number         0  startup_tm4c123.o ABSOLUTE
    __main                                   0x0000026d   Thumb Code     8  __main.o(!!!main)
    __scatterload                            0x00000275   Thumb Code     0  __scatter.o(!!!scatter)
    __scatterload_rt2                        0x00000275   Thumb Code    84  __scatter.o(!!!scatter)
    __scatterload_rt2_thumb_only             0x00000275   Thumb Code     0  __scatter.o(!!!scatter)
    __scatterload_loop                       0x0000027f   Thumb Code     0  __scatter.o(!!!scatter)
    __scatterload_copy                       0x000002d1   Thumb Code    26  __scatter_copy.o(!!handler_copy)
    __scatterload_null                       0x000002ed   Thumb Code     2  __scatter.o(!!handler_null)
    __scatterload_zeroinit                   0x000002f1   Thumb Code    28  __scatter_zi.o(!!handler_zi)
    _printf_n                                0x0000030d   Thumb Code     0  _printf_n.o(.ARM.Collect$$_printf_percent$$00000001)
    _printf_percent                          0x0000030d   Thumb Code     0  _printf_percent.o(.ARM.Collect$$_printf_percent$$00000000)
    _printf_p                                0x00000313   Thumb Code     0  _printf_p.o(.ARM.Collect$$_printf_percent$$00000002)
    _printf_f                                0x00000319   Thumb Code     0  _printf_f.o(.ARM.Collect$$_printf_percent$$00000003)
    _printf_e                                0x0000031f   Thumb Code     0  _printf_e.o(.ARM.Collect$$_printf_percent$$00000004)
    _printf_g                                0x00000325   Thumb Code     0  _printf_g.o(.ARM.Collect$$_printf_percent$$00000005)
    _printf_a                                0x0000032b   Thumb Code     0  _printf_a.o(.ARM.Collect$$_printf_percent$$00000006)
    _printf_ll                               0x00000331   Thumb Code     0  _printf_ll.o(.ARM.Collect$$_printf_percent$$00000007)
    _printf_i                                0x0000033b   Thumb Code     0  _printf_i.o(.ARM.Collect$$_printf_percent$$00000008)
    _printf_d                                0x00000341   Thumb Code     0  _printf_d.o(.ARM.Collect$$_printf_percent$$00000009)
    _printf_u                                0x00000347   Thumb Code     0  _printf_u.o(.ARM.Collect$$_printf_percent$$0000000A)
    _printf_o                                0x0000034d   Thumb Code     0  _printf_o.o(.ARM.Collect$$_printf_percent$$0000000B)
    _printf_x                                0x00000353   Thumb Code     0  _printf_x.o(.ARM.Collect$$_printf_percent$$0000000C)
    _printf_lli                              0x00000359   Thumb Code     0  _printf_lli.o(.ARM.Collect$$_printf_percent$$0000000D)
    _printf_lld                              0x0000035f   Thumb Code     0  _printf_lld.o(.ARM.Collect$$_printf_percent$$0000000E)
    _printf_llu                              0x00000365   Thumb Code     0  _printf_llu.o(.ARM.Collect$$_printf_percent$$0000000F)
    _printf_llo                              0x0000036b   Thumb Code     0  _printf_llo.o(.ARM.Collect$$_printf_percent$$00000010)
    _printf_llx                              0x00000371   Thumb Code     0  _printf_llx.o(.ARM.Collect$$_printf_percent$$00000011)
    _printf_l                                0x00000377   Thumb Code     0  _printf_l.o(.ARM.Collect$$_printf_percent$$00000012)
    _printf_c                                0x00000381   Thumb Code     0  _printf_c.o(.ARM.Collect$$_printf_percent$$00000013)
    _printf_s                                0x00000387   Thumb Code     0  _printf_s.o(.ARM.Collect$$_printf_percent$$00000014)
    _printf_lc                               0x0000038d   Thumb Code     0  _printf_lc.o(.ARM.Collect$$_printf_percent$$00000015)
    _printf_ls                               0x00000393   Thumb Code     0  _printf_ls.o(.ARM.Collect$$_printf_percent$$00000016)
    _printf_percent_end                      0x00000399   Thumb Code     0  _printf_percent_end.o(.ARM.Collect$$_printf_percent$$00000017)
    __rt_lib_init                            0x0000039d   Thumb Code     0  libinit.o(.ARM.Collect$$libinit$$00000000)
    __rt_lib_init_fp_1                       0x0000039f   Thumb Code     0  libinit2.o(.ARM.Collect$$libinit$$00000001)
    __rt_lib_init_heap_1                     0x000003a3   Thumb Code     0  libinit2.o(.ARM.Collect$$libinit$$0000000C)
    __rt_lib_init_lc_common                  0x000003a3   Thumb Code     0  libinit2.o(.ARM.Collect$$libinit$$00000011)
    __rt_lib_init_preinit_1                  0x000003a3   Thumb Code     0  libinit2.o(.ARM.Collect$$libinit$$00000006)
    __rt_lib_init_rand_1                     0x000003a3   Thumb Code     0  libinit2.o(.ARM.Collect$$libinit$$00000010)
    __rt_lib_init_relocate_pie_1             0x000003a3   Thumb Code     0  libinit2.o(.ARM.Collect$$libinit$$00000004)
    __rt_lib_init_user_alloc_1               0x000003a3   Thumb Code     0  libinit2.o(.ARM.Collect$$libinit$$0000000E)
    __rt_lib_init_lc_collate_1               0x000003a9   Thumb Code     0  libinit2.o(.ARM.Collect$$libinit$$00000013)
    __rt_lib_init_lc_ctype_2                 0x000003a9   Thumb Code     0  libinit2.o(.ARM.Collect$$libinit$$00000014)
    __rt_lib_init_lc_ctype_1                 0x000003b5   Thumb Code     0  libinit2.o(.ARM.Collect$$libinit$$00000015)
    __rt_lib_init_lc_monetary_1              0x000003b5   Thumb Code     0  libinit2.o(.ARM.Collect$$libinit$$00000017)
    __rt_lib_init_lc_numeric_2               0x000003b5   Thumb Code     0  libinit2.o(.ARM.Collect$$libinit$$00000018)
    __rt_lib_init_alloca_1                   0x000003bf   Thumb Code     0  libinit2.o(.ARM.Collect$$libinit$$00000030)
    __rt_lib_init_argv_1                     0x000003bf   Thumb Code     0  libinit2.o(.ARM.Collect$$libinit$$0000002E)
    __rt_lib_init_atexit_1                   0x000003bf   Thumb Code     0  libinit2.o(.ARM.Collect$$libinit$$0000001D)
    __rt_lib_init_clock_1                    0x000003bf   Thumb Code     0  libinit2.o(.ARM.Collect$$libinit$$00000023)
    __rt_lib_init_cpp_1                      0x000003bf   Thumb Code     0  libinit2.o(.ARM.Collect$$libinit$$00000034)
    __rt_lib_init_exceptions_1               0x000003bf   Thumb Code     0  libinit2.o(.ARM.Collect$$libinit$$00000032)
    __rt_lib_init_fp_trap_1                  0x000003bf   Thumb Code     0  libinit2.o(.ARM.Collect$$libinit$$00000021)
    __rt_lib_init_getenv_1                   0x000003bf   Thumb Code     0  libinit2.o(.ARM.Collect$$libinit$$00000025)
    __rt_lib_init_lc_numeric_1               0x000003bf   Thumb Code     0  libinit2.o(.ARM.Collect$$libinit$$00000019)
    __rt_lib_init_lc_time_1                  0x000003bf   Thumb Code     0  libinit2.o(.ARM.Collect$$libinit$$0000001B)
    __rt_lib_init_return                     0x000003bf   Thumb Code     0  libinit2.o(.ARM.Collect$$libinit$$00000035)
    __rt_lib_init_signal_1                   0x000003bf   Thumb Code     0  libinit2.o(.ARM.Collect$$libinit$$0000001F)
    __rt_lib_init_stdio_1                    0x000003bf   Thumb Code     0  libinit2.o(.ARM.Collect$$libinit$$00000027)
    __rt_lib_shutdown                        0x000003c1   Thumb Code     0  libshutdown.o(.ARM.Collect$$libshutdown$$00000000)
    __rt_lib_shutdown_cpp_1                  0x000003c3   Thumb Code     0  libshutdown2.o(.ARM.Collect$$libshutdown$$00000002)
    __rt_lib_shutdown_fp_trap_1              0x000003c3   Thumb Code     0  libshutdown2.o(.ARM.Collect$$libshutdown$$00000007)
    __rt_lib_shutdown_heap_1                 0x000003c3   Thumb Code     0  libshutdown2.o(.ARM.Collect$$libshutdown$$0000000F)
    __rt_lib_shutdown_return                 0x000003c3   Thumb Code     0  libshutdown2.o(.ARM.Collect$$libshutdown$$00000010)
    __rt_lib_shutdown_signal_1               0x000003c3   Thumb Code     0  libshutdown2.o(.ARM.Collect$$libshutdown$$0000000A)
    __rt_lib_shutdown_stdio_1                0x000003c3   Thumb Code     0  libshutdown2.o(.ARM.Collect$$libshutdown$$00000004)
    __rt_lib_shutdown_user_alloc_1           0x000003c3   Thumb Code     0  libshutdown2.o(.ARM.Collect$$libshutdown$$0000000C)
    __rt_entry                               0x000003c5   Thumb Code     0  __rtentry.o(.ARM.Collect$$rtentry$$00000000)
    __rt_entry_presh_1                       0x000003c5   Thumb Code     0  __rtentry2.o(.ARM.Collect$$rtentry$$00000002)
    __rt_entry_sh                            0x000003c5   Thumb Code     0  __rtentry4.o(.ARM.Collect$$rtentry$$00000004)
    __rt_entry_li                            0x000003cb   Thumb Code     0  __rtentry2.o(.ARM.Collect$$rtentry$$0000000A)
    __rt_entry_postsh_1                      0x000003cb   Thumb Code     0  __rtentry2.o(.ARM.Collect$$rtentry$$00000009)
    __rt_entry_main                          0x000003cf   Thumb Code     0  __rtentry2.o(.ARM.Collect$$rtentry$$0000000D)
    __rt_entry_postli_1                      0x000003cf   Thumb Code     0  __rtentry2.o(.ARM.Collect$$rtentry$$0000000C)
    __rt_exit                                0x000003d7   Thumb Code     0  rtexit.o(.ARM.Collect$$rtexit$$00000000)
    __rt_exit_ls                             0x000003d9   Thumb Code     0  rtexit2.o(.ARM.Collect$$rtexit$$00000003)
    __rt_exit_prels_1                        0x000003d9   Thumb Code     0  rtexit2.o(.ARM.Collect$$rtexit$$00000002)
    __rt_exit_exit                           0x000003dd   Thumb Code     0  rtexit2.o(.ARM.Collect$$rtexit$$00000004)
    EnableInterrupts                         0x000003e4   Number         0  startup.o(.text)
    DisableInterrupts                        0x000003e8   Number         0  startup.o(.text)
    StartCritical                            0x000003ec   Number         0  startup.o(.text)
    EndCritical                              0x000003f4   Number         0  startup.o(.text)
    WaitForInterrupt                         0x000003fa   Number         0  startup.o(.text)
    Random_Init                              0x00000401   Thumb Code     0  random.o(.text)
    Random32                                 0x00000407   Thumb Code     2  random.o(.text)
    Random                                   0x00000419   Thumb Code     2  random.o(.text)
    Reset_Handler                            0x0000043d   Thumb Code     8  startup_tm4c123.o(.text)
    NMI_Handler                              0x00000445   Thumb Code     2  startup_tm4c123.o(.text)
    HardFault_Handler                        0x00000447   Thumb Code     2  startup_tm4c123.o(.text)
    MemManage_Handler                        0x00000449   Thumb Code     2  startup_tm4c123.o(.text)
    BusFault_Handler                         0x0000044b   Thumb Code     2  startup_tm4c123.o(.text)
    UsageFault_Handler                       0x0000044d   Thumb Code     2  startup_tm4c123.o(.text)
    SVC_Handler                              0x0000044f   Thumb Code     2  startup_tm4c123.o(.text)
    DebugMon_Handler                         0x00000451   Thumb Code     2  startup_tm4c123.o(.text)
    PendSV_Handler                           0x00000453   Thumb Code     2  startup_tm4c123.o(.text)
    GPIOA_Handler                            0x00000457   Thumb Code     2  startup_tm4c123.o(.text)
    GPIOB_Handler                            0x00000459   Thumb Code     2  startup_tm4c123.o(.text)
    GPIOC_Handler                            0x0000045b   Thumb Code     2  startup_tm4c123.o(.text)
    GPIOD_Handler                            0x0000045d   Thumb Code     2  startup_tm4c123.o(.text)
    UART0_Handler                            0x00000461   Thumb Code     2  startup_tm4c123.o(.text)
    UART1_Handler                            0x00000463   Thumb Code     2  startup_tm4c123.o(.text)
    SSI0_Handler                             0x00000465   Thumb Code     2  startup_tm4c123.o(.text)
    I2C0_Handler                             0x00000467   Thumb Code     2  startup_tm4c123.o(.text)
    PMW0_FAULT_Handler                       0x00000469   Thumb Code     2  startup_tm4c123.o(.text)
    PWM0_0_Handler                           0x0000046b   Thumb Code     2  startup_tm4c123.o(.text)
    PWM0_1_Handler                           0x0000046d   Thumb Code     2  startup_tm4c123.o(.text)
    PWM0_2_Handler                           0x0000046f   Thumb Code     2  startup_tm4c123.o(.text)
    QEI0_Handler                             0x00000471   Thumb Code     2  startup_tm4c123.o(.text)
    ADC0SS0_Handler                          0x00000473   Thumb Code     2  startup_tm4c123.o(.text)
    ADC0SS1_Handler                          0x00000475   Thumb Code     2  startup_tm4c123.o(.text)
    ADC0SS2_Handler                          0x00000477   Thumb Code     2  startup_tm4c123.o(.text)
    ADC0SS3_Handler                          0x00000479   Thumb Code     2  startup_tm4c123.o(.text)
    WDT0_Handler                             0x0000047b   Thumb Code     2  startup_tm4c123.o(.text)
    TIMER0B_Handler                          0x0000047f   Thumb Code     2  startup_tm4c123.o(.text)
    TIMER1B_Handler                          0x00000483   Thumb Code     2  startup_tm4c123.o(.text)
    TIMER2B_Handler                          0x00000487   Thumb Code     2  startup_tm4c123.o(.text)
    COMP0_Handler                            0x00000489   Thumb Code     2  startup_tm4c123.o(.text)
    COMP1_Handler                            0x0000048b   Thumb Code     2  startup_tm4c123.o(.text)
    COMP2_Handler                            0x0000048d   Thumb Code     2  startup_tm4c123.o(.text)
    SYSCTL_Handler                           0x0000048f   Thumb Code     2  startup_tm4c123.o(.text)
    FLASH_Handler                            0x00000491   Thumb Code     2  startup_tm4c123.o(.text)
    GPIOF_Handler                            0x00000493   Thumb Code     2  startup_tm4c123.o(.text)
    GPIOG_Handler                            0x00000495   Thumb Code     2  startup_tm4c123.o(.text)
    GPIOH_Handler                            0x00000497   Thumb Code     2  startup_tm4c123.o(.text)
    UART2_Handler                            0x00000499   Thumb Code     2  startup_tm4c123.o(.text)
    SSI1_Handler                             0x0000049b   Thumb Code     2  startup_tm4c123.o(.text)
    TIMER3A_Handler                          0x0000049d   Thumb Code     2  startup_tm4c123.o(.text)
    TIMER3B_Handler                          0x0000049f   Thumb Code     2  startup_tm4c123.o(.text)
    I2C1_Handler                             0x000004a1   Thumb Code     2  startup_tm4c123.o(.text)
    QEI1_Handler                             0x000004a3   Thumb Code     2  startup_tm4c123.o(.text)
    CAN0_Handler                             0x000004a5   Thumb Code     2  startup_tm4c123.o(.text)
    CAN1_Handler                             0x000004a7   Thumb Code     2  startup_tm4c123.o(.text)
    CAN2_Handler                             0x000004a9   Thumb Code     2  startup_tm4c123.o(.text)
    HIB_Handler                              0x000004ab   Thumb Code     2  startup_tm4c123.o(.text)
    USB0_Handler                             0x000004ad   Thumb Code     2  startup_tm4c123.o(.text)
    PWM0_3_Handler                           0x000004af   Thumb Code     2  startup_tm4c123.o(.text)
    UDMA_Handler                             0x000004b1   Thumb Code     2  startup_tm4c123.o(.text)
    UDMAERR_Handler                          0x000004b3   Thumb Code     2  startup_tm4c123.o(.text)
    ADC1SS0_Handler                          0x000004b5   Thumb Code     2  startup_tm4c123.o(.text)
    ADC1SS1_Handler                          0x000004b7   Thumb Code     2  startup_tm4c123.o(.text)
    ADC1SS2_Handler                          0x000004b9   Thumb Code     2  startup_tm4c123.o(.text)
    ADC1SS3_Handler                          0x000004bb   Thumb Code     2  startup_tm4c123.o(.text)
    GPIOJ_Handler                            0x000004bd   Thumb Code     2  startup_tm4c123.o(.text)
    GPIOK_Handler                            0x000004bf   Thumb Code     2  startup_tm4c123.o(.text)
    GPIOL_Handler                            0x000004c1   Thumb Code     2  startup_tm4c123.o(.text)
    SSI2_Handler                             0x000004c3   Thumb Code     2  startup_tm4c123.o(.text)
    SSI3_Handler                             0x000004c5   Thumb Code     2  startup_tm4c123.o(.text)
    UART3_Handler                            0x000004c7   Thumb Code     2  startup_tm4c123.o(.text)
    UART4_Handler                            0x000004c9   Thumb Code     2  startup_tm4c123.o(.text)
    UART5_Handler                            0x000004cb   Thumb Code     2  startup_tm4c123.o(.text)
    UART6_Handler                            0x000004cd   Thumb Code     2  startup_tm4c123.o(.text)
    UART7_Handler                            0x000004cf   Thumb Code     2  startup_tm4c123.o(.text)
    I2C2_Handler                             0x000004d1   Thumb Code     2  startup_tm4c123.o(.text)
    I2C3_Handler                             0x000004d3   Thumb Code     2  startup_tm4c123.o(.text)
    TIMER4A_Handler                          0x000004d5   Thumb Code     2  startup_tm4c123.o(.text)
    TIMER4B_Handler                          0x000004d7   Thumb Code     2  startup_tm4c123.o(.text)
    TIMER5A_Handler                          0x000004d9   Thumb Code     2  startup_tm4c123.o(.text)
    TIMER5B_Handler                          0x000004db   Thumb Code     2  startup_tm4c123.o(.text)
    WTIMER0A_Handler                         0x000004dd   Thumb Code     2  startup_tm4c123.o(.text)
    WTIMER0B_Handler                         0x000004df   Thumb Code     2  startup_tm4c123.o(.text)
    WTIMER1A_Handler                         0x000004e1   Thumb Code     2  startup_tm4c123.o(.text)
    WTIMER1B_Handler                         0x000004e3   Thumb Code     2  startup_tm4c123.o(.text)
    WTIMER2A_Handler                         0x000004e5   Thumb Code     2  startup_tm4c123.o(.text)
    WTIMER2B_Handler                         0x000004e7   Thumb Code     2  startup_tm4c123.o(.text)
    WTIMER3A_Handler                         0x000004e9   Thumb Code     2  startup_tm4c123.o(.text)
    WTIMER3B_Handler                         0x000004eb   Thumb Code     2  startup_tm4c123.o(.text)
    WTIMER4A_Handler                         0x000004ed   Thumb Code     2  startup_tm4c123.o(.text)
    WTIMER4B_Handler                         0x000004ef   Thumb Code     2  startup_tm4c123.o(.text)
    WTIMER5A_Handler                         0x000004f1   Thumb Code     2  startup_tm4c123.o(.text)
    WTIMER5B_Handler                         0x000004f3   Thumb Code     2  startup_tm4c123.o(.text)
    FPU_Handler                              0x000004f5   Thumb Code     2  startup_tm4c123.o(.text)
    I2C4_Handler                             0x000004f7   Thumb Code     2  startup_tm4c123.o(.text)
    I2C5_Handler                             0x000004f9   Thumb Code     2  startup_tm4c123.o(.text)
    GPIOM_Handler                            0x000004fb   Thumb Code     2  startup_tm4c123.o(.text)
    GPION_Handler                            0x000004fd   Thumb Code     2  startup_tm4c123.o(.text)
    QEI2_Handler                             0x000004ff   Thumb Code     2  startup_tm4c123.o(.text)
    GPIOP0_Handler                           0x00000501   Thumb Code     2  startup_tm4c123.o(.text)
    GPIOP1_Handler                           0x00000503   Thumb Code     2  startup_tm4c123.o(.text)
    GPIOP2_Handler                           0x00000505   Thumb Code     2  startup_tm4c123.o(.text)
    GPIOP3_Handler                           0x00000507   Thumb Code     2  startup_tm4c123.o(.text)
    GPIOP4_Handler                           0x00000509   Thumb Code     2  startup_tm4c123.o(.text)
    GPIOP5_Handler                           0x0000050b   Thumb Code     2  startup_tm4c123.o(.text)
    GPIOP6_Handler                           0x0000050d   Thumb Code     2  startup_tm4c123.o(.text)
    GPIOP7_Handler                           0x0000050f   Thumb Code     2  startup_tm4c123.o(.text)
    GPIOQ0_Handler                           0x00000511   Thumb Code     2  startup_tm4c123.o(.text)
    GPIOQ1_Handler                           0x00000513   Thumb Code     2  startup_tm4c123.o(.text)
    GPIOQ2_Handler                           0x00000515   Thumb Code     2  startup_tm4c123.o(.text)
    GPIOQ3_Handler                           0x00000517   Thumb Code     2  startup_tm4c123.o(.text)
    GPIOQ4_Handler                           0x00000519   Thumb Code     2  startup_tm4c123.o(.text)
    GPIOQ5_Handler                           0x0000051b   Thumb Code     2  startup_tm4c123.o(.text)
    GPIOQ6_Handler                           0x0000051d   Thumb Code     2  startup_tm4c123.o(.text)
    GPIOQ7_Handler                           0x0000051f   Thumb Code     2  startup_tm4c123.o(.text)
    GPIOR_Handler                            0x00000521   Thumb Code     2  startup_tm4c123.o(.text)
    GPIOS_Handler                            0x00000523   Thumb Code     2  startup_tm4c123.o(.text)
    PMW1_0_Handler                           0x00000525   Thumb Code     2  startup_tm4c123.o(.text)
    PWM1_1_Handler                           0x00000527   Thumb Code     2  startup_tm4c123.o(.text)
    PWM1_2_Handler                           0x00000529   Thumb Code     2  startup_tm4c123.o(.text)
    PWM1_3_Handler                           0x0000052b   Thumb Code     2  startup_tm4c123.o(.text)
    PWM1_FAULT_Handler                       0x0000052d   Thumb Code     2  startup_tm4c123.o(.text)
    __user_initial_stackheap                 0x00000531   Thumb Code     0  startup_tm4c123.o(.text)
    snprintf                                 0x00000551   Thumb Code    58  snprintf.o(.text)
    __use_two_region_memory                  0x00000591   Thumb Code     2  heapauxi.o(.text)
    __rt_heap_escrow$2region                 0x00000593   Thumb Code     2  heapauxi.o(.text)
    __rt_heap_expand$2region                 0x00000595   Thumb Code     2  heapauxi.o(.text)
    _printf_pre_padding                      0x00000597   Thumb Code    44  _printf_pad.o(.text)
    _printf_post_padding                     0x000005c3   Thumb Code    34  _printf_pad.o(.text)
    _printf_truncate_signed                  0x000005e5   Thumb Code    18  _printf_truncate.o(.text)
    _printf_truncate_unsigned                0x000005f7   Thumb Code    18  _printf_truncate.o(.text)
    _printf_str                              0x00000609   Thumb Code    82  _printf_str.o(.text)
    _printf_int_dec                          0x0000065d   Thumb Code   104  _printf_dec.o(.text)
    _printf_charcount                        0x000006d5   Thumb Code    40  _printf_charcount.o(.text)
    _printf_char_common                      0x00000707   Thumb Code    32  _printf_char_common.o(.text)
    _snputc                                  0x0000072d   Thumb Code    16  _snputc.o(.text)
    _printf_wctomb                           0x0000073d   Thumb Code   182  _printf_wctomb.o(.text)
    _printf_longlong_dec                     0x000007f9   Thumb Code   108  _printf_longlong_dec.o(.text)
    _printf_longlong_oct                     0x00000875   Thumb Code    68  _printf_oct_int_ll.o(.text)
    _printf_int_oct                          0x000008b9   Thumb Code    24  _printf_oct_int_ll.o(.text)
    _printf_ll_oct                           0x000008d1   Thumb Code    12  _printf_oct_int_ll.o(.text)
    _printf_longlong_hex                     0x000008e5   Thumb Code    86  _printf_hex_int_ll_ptr.o(.text)
    _printf_int_hex                          0x0000093b   Thumb Code    28  _printf_hex_int_ll_ptr.o(.text)
    _printf_ll_hex                           0x00000957   Thumb Code    12  _printf_hex_int_ll_ptr.o(.text)
    _printf_hex_ptr                          0x00000963   Thumb Code    18  _printf_hex_int_ll_ptr.o(.text)
    __printf                                 0x00000979   Thumb Code   388  __printf_flags_ss_wp.o(.text)
    _ll_udiv10                               0x00000b01   Thumb Code   138  lludiv10.o(.text)
    _printf_int_common                       0x00000b8b   Thumb Code   178  _printf_intcommon.o(.text)
    _printf_fp_dec_real                      0x00000ded   Thumb Code   620  _printf_fp_dec.o(.text)
    _printf_fp_hex_real                      0x00001059   Thumb Code   756  _printf_fp_hex.o(.text)
    _printf_cs_common                        0x00001355   Thumb Code    20  _printf_char.o(.text)
    _printf_char                             0x00001369   Thumb Code    16  _printf_char.o(.text)
    _printf_string                           0x00001379   Thumb Code     8  _printf_char.o(.text)
    _printf_lcs_common                       0x00001381   Thumb Code    20  _printf_wchar.o(.text)
    _printf_wchar                            0x00001395   Thumb Code    16  _printf_wchar.o(.text)
    _printf_wstring                          0x000013a5   Thumb Code     8  _printf_wchar.o(.text)
    _c16rtomb                                0x000013ad   Thumb Code    72  _c16rtomb.o(.text)
    _wcrtomb                                 0x000013ad   Thumb Code     0  _c16rtomb.o(.text)
    __user_setup_stackheap                   0x000013f5   Thumb Code    74  sys_stackheap_outer.o(.text)
    __rt_ctype_table                         0x00001441   Thumb Code    16  rt_ctype_table.o(.text)
    __rt_locale                              0x00001451   Thumb Code     8  rt_locale_intlibspace.o(.text)
    _printf_fp_infnan                        0x00001459   Thumb Code   112  _printf_fp_infnan.o(.text)
    _btod_etento                             0x000014d9   Thumb Code   224  bigflt0.o(.text)
    exit                                     0x000015bd   Thumb Code    18  exit.o(.text)
    __user_libspace                          0x000015d1   Thumb Code     8  libspace.o(.text)
    __user_perproc_libspace                  0x000015d1   Thumb Code     0  libspace.o(.text)
    __user_perthread_libspace                0x000015d1   Thumb Code     0  libspace.o(.text)
    strcmp                                   0x000015d9   Thumb Code   124  strcmpv7em.o(.text)
    _sys_exit                                0x00001655   Thumb Code     8  sys_exit.o(.text)
    __I$use$semihosting                      0x00001661   Thumb Code     0  use_no_semi.o(.text)
    __use_no_semihosting_swi                 0x00001661   Thumb Code     2  use_no_semi.o(.text)
    __semihosting_library_function           0x00001663   Thumb Code     0  indicate_semi.o(.text)
    ADC0_In                                  0x00001665   Thumb Code    70  adc.o(.text.ADC0_In)
    ADC0_Init                                0x000016ad   Thumb Code   234  adc.o(.text.ADC0_Init)
    BitmapsOverlap                           0x00001799   Thumb Code   166  main.o(.text.BitmapsOverlap)
    Buttons_Init                             0x00001841   Thumb Code   280  buttons.o(.text.Buttons_Init)
    Buttons_Read                             0x00001959   Thumb Code    54  buttons.o(.text.Buttons_Read)
    Check_Collisions                         0x00001991   Thumb Code   366  main.o(.text.Check_Collisions)
    Check_Lasers_OOB                         0x00001b01   Thumb Code    16  projectile.o(.text.Check_Lasers_OOB)
    Check_Missiles_OOB                       0x00001b11   Thumb Code    16  projectile.o(.text.Check_Missiles_OOB)
    Check_OOB                                0x00001b21   Thumb Code    12  main.o(.text.Check_OOB)
    Check_Projectile_OOB                     0x00001b2d   Thumb Code    94  projectile.o(.text.Check_Projectile_OOB)
    Check_Vertical_Movement                  0x00001b8d   Thumb Code   132  enemies.o(.text.Check_Vertical_Movement)
    Convert                                  0x00001c11   Thumb Code    96  systick.o(.text.Convert)
    DAC_Init                                 0x00001c71   Thumb Code   150  dac.o(.text.DAC_Init)
    DAC_Out                                  0x00001d09   Thumb Code    36  dac.o(.text.DAC_Out)
    Debounce_GPIOE                           0x00001d2d   Thumb Code    18  buttons.o(.text.Debounce_GPIOE)
    Draw_State                               0x00001d41   Thumb Code   310  main.o(.text.Draw_State)
    End_State                                0x00001e79   Thumb Code   136  main.o(.text.End_State)
    Enemies_Init                             0x00001f01   Thumb Code    90  enemies.o(.text.Enemies_Init)
    Enemies_Reset                            0x00001f5d   Thumb Code    44  enemies.o(.text.Enemies_Reset)
    Enemy_Spacing                            0x00001f89   Thumb Code   138  enemies.o(.text.Enemy_Spacing)
    Find_First_Enemy_By_State                0x00002015   Thumb Code   104  enemies.o(.text.Find_First_Enemy_By_State)
    Find_First_Projectile_By_State           0x0000207d   Thumb Code    88  projectile.o(.text.Find_First_Projectile_By_State)
    Fire_Laser                               0x000020d5   Thumb Code    28  projectile.o(.text.Fire_Laser)
    Fire_Missile                             0x000020f5   Thumb Code    28  projectile.o(.text.Fire_Missile)
    Fire_Projectile                          0x00002115   Thumb Code   130  projectile.o(.text.Fire_Projectile)
    GPIOE_Handler                            0x00002199   Thumb Code   114  buttons.o(.text.GPIOE_Handler)
    Game_State                               0x0000220d   Thumb Code   124  main.o(.text.Game_State)
    Get_Enemies                              0x00002289   Thumb Code    10  enemies.o(.text.Get_Enemies)
    Get_Lasers                               0x00002295   Thumb Code    10  projectile.o(.text.Get_Lasers)
    Get_Missiles                             0x000022a1   Thumb Code    10  projectile.o(.text.Get_Missiles)
    Get_Player                               0x000022ad   Thumb Code    10  player.o(.text.Get_Player)
    Hardware_Init                            0x000022b9   Thumb Code    28  main.o(.text.Hardware_Init)
    Initialize_State                         0x000022d5   Thumb Code    14  main.o(.text.Initialize_State)
    Is_Out_Of_Bounds                         0x000022e5   Thumb Code    50  projectile.o(.text.Is_Out_Of_Bounds)
    LED_Init                                 0x00002319   Thumb Code   148  led.o(.text.LED_Init)
    Move_Down_One_Pixel                      0x000023ad   Thumb Code    98  enemies.o(.text.Move_Down_One_Pixel)
    Move_Horizontally_One_Pixel              0x00002411   Thumb Code    94  enemies.o(.text.Move_Horizontally_One_Pixel)
    Nokia5110_Clear                          0x00002471   Thumb Code    50  nokia5110.o(.text.Nokia5110_Clear)
    Nokia5110_ClearBuffer                    0x000024a5   Thumb Code    46  nokia5110.o(.text.Nokia5110_ClearBuffer)
    Nokia5110_DisplayBuffer                  0x000024d5   Thumb Code    16  nokia5110.o(.text.Nokia5110_DisplayBuffer)
    Nokia5110_DrawFullImage                  0x000024e5   Thumb Code    58  nokia5110.o(.text.Nokia5110_DrawFullImage)
    Nokia5110_Init                           0x00002521   Thumb Code   352  nokia5110.o(.text.Nokia5110_Init)
    Nokia5110_OutChar                        0x00002681   Thumb Code    86  nokia5110.o(.text.Nokia5110_OutChar)
    Nokia5110_OutString                      0x000026d9   Thumb Code    36  nokia5110.o(.text.Nokia5110_OutString)
    Nokia5110_PrintBMP                       0x000026fd   Thumb Code   518  nokia5110.o(.text.Nokia5110_PrintBMP)
    Nokia5110_SetCursor                      0x00002905   Thumb Code    76  nokia5110.o(.text.Nokia5110_SetCursor)
    PLL_Init                                 0x00002951   Thumb Code   126  pll.o(.text.PLL_Init)
    Play                                     0x000029d1   Thumb Code   106  sound.o(.text.Play)
    Player_Init                              0x00002a3d   Thumb Code    26  player.o(.text.Player_Init)
    Player_Reset                             0x00002a59   Thumb Code    34  player.o(.text.Player_Reset)
    Poll_Inputs                              0x00002a7d   Thumb Code   124  main.o(.text.Poll_Inputs)
    Projectile_Init                          0x00002af9   Thumb Code   202  projectile.o(.text.Projectile_Init)
    Projectile_Reset                         0x00002bc5   Thumb Code    28  projectile.o(.text.Projectile_Reset)
    Projectile_Reset_Array                   0x00002be1   Thumb Code    36  projectile.o(.text.Projectile_Reset_Array)
    Reset_State                              0x00002c05   Thumb Code    18  main.o(.text.Reset_State)
    Set_Movement_Flag                        0x00002c19   Thumb Code    14  enemies.o(.text.Set_Movement_Flag)
    Software_Init                            0x00002c29   Thumb Code    98  main.o(.text.Software_Init)
    Sound_Init                               0x00002c8d   Thumb Code    46  sound.o(.text.Sound_Init)
    Spawn_Enemies                            0x00002cbd   Thumb Code   112  enemies.o(.text.Spawn_Enemies)
    Spawn_Enemy_From_Template                0x00002d2d   Thumb Code    96  enemies.o(.text.Spawn_Enemy_From_Template)
    Swap_SpriteAB                            0x00002d8d   Thumb Code   154  enemies.o(.text.Swap_SpriteAB)
    SysTick_Handler                          0x00002e29   Thumb Code    70  systick.o(.text.SysTick_Handler)
    SysTick_Init                             0x00002e71   Thumb Code    86  systick.o(.text.SysTick_Init)
    SystemInit                               0x00002ec9   Thumb Code   268  system_tm4c123.o(.text.SystemInit)
    TIMER0A_Handler                          0x00002fd5   Thumb Code    26  timer0.o(.text.TIMER0A_Handler)
    TIMER1A_Handler                          0x00002ff1   Thumb Code    32  timer1.o(.text.TIMER1A_Handler)
    TIMER2A_Handler                          0x00003011   Thumb Code    32  timer2.o(.text.TIMER2A_Handler)
    Timer0_Init                              0x00003031   Thumb Code   162  timer0.o(.text.Timer0_Init)
    Timer1_Init                              0x000030d5   Thumb Code   194  timer1.o(.text.Timer1_Init)
    Timer2_Init                              0x00003199   Thumb Code   170  timer2.o(.text.Timer2_Init)
    Timer2_Oneshot                           0x00003245   Thumb Code    62  timer2.o(.text.Timer2_Oneshot)
    Update_Enemies_Position                  0x00003285   Thumb Code    98  enemies.o(.text.Update_Enemies_Position)
    Update_Game_State                        0x000032e9   Thumb Code    16  main.o(.text.Update_Game_State)
    Update_Laser_Position                    0x000032f9   Thumb Code    16  projectile.o(.text.Update_Laser_Position)
    Update_Missile_Position                  0x00003309   Thumb Code    16  projectile.o(.text.Update_Missile_Position)
    Update_Projectile_Position               0x00003319   Thumb Code   106  projectile.o(.text.Update_Projectile_Position)
    main                                     0x00003415   Thumb Code    38  main.o(.text.main)
    _btod_d2e                                0x0000343b   Thumb Code    62  btod.o(CL$$btod_d2e)
    _d2e_denorm_low                          0x00003479   Thumb Code    70  btod.o(CL$$btod_d2e_denorm_low)
    _d2e_norm_op1                            0x000034bf   Thumb Code    96  btod.o(CL$$btod_d2e_norm_op1)
    __btod_div_common                        0x00003521   Thumb Code   696  btod.o(CL$$btod_div_common)
    _e2e                                     0x00003859   Thumb Code   220  btod.o(CL$$btod_e2e)
    _btod_ediv                               0x00003935   Thumb Code    42  btod.o(CL$$btod_ediv)
    _btod_emul                               0x0000395f   Thumb Code    42  btod.o(CL$$btod_emul)
    __btod_mult_common                       0x00003989   Thumb Code   580  btod.o(CL$$btod_mult_common)
    __ARM_fpclassify                         0x00003bcd   Thumb Code    48  fpclassify.o(i.__ARM_fpclassify)
    _is_digit                                0x00003bfd   Thumb Code    14  __printf_wp.o(i._is_digit)
    _get_lc_numeric                          0x00003c0d   Thumb Code    44  lc_numeric_c.o(locale$$code)
    _get_lc_ctype                            0x00003c39   Thumb Code    44  lc_ctype_c.o(locale$$code)
    _fp_init                                 0x00003c65   Thumb Code    26  fpinit.o(x$fpl$fpinit)
    __fplib_config_fpu_vfp                   0x00003c7d   Thumb Code     0  fpinit.o(x$fpl$fpinit)
    __fplib_config_pureend_doubles           0x00003c7d   Thumb Code     0  fpinit.o(x$fpl$fpinit)
    _printf_fp_dec                           0x00003c7f   Thumb Code     4  printf1.o(x$fpl$printf1)
    _printf_fp_hex                           0x00003c83   Thumb Code     4  printf2.o(x$fpl$printf2)
    __I$use$fp                               0x00003c86   Number         0  usenofp.o(x$fpl$usenofp)
    Laser0                                   0x00003f64   Data         155  bitmaps.o(.rodata.Laser0)
    Missile0                                 0x00003fff   Data         155  bitmaps.o(.rodata.Missile0)
    PlayerShip0                              0x0000409a   Data         215  bitmaps.o(.rodata.PlayerShip0)
    SmallEnemy10PointA                       0x00004171   Data         199  bitmaps.o(.rodata.SmallEnemy10PointA)
    SmallEnemy10PointB                       0x00004238   Data         199  bitmaps.o(.rodata.SmallEnemy10PointB)
    SmallEnemy20PointA                       0x000042ff   Data         199  bitmaps.o(.rodata.SmallEnemy20PointA)
    SmallEnemy20PointB                       0x000043c6   Data         199  bitmaps.o(.rodata.SmallEnemy20PointB)
    SmallEnemy30PointA                       0x0000448d   Data         199  bitmaps.o(.rodata.SmallEnemy30PointA)
    SmallEnemy30PointB                       0x00004554   Data         199  bitmaps.o(.rodata.SmallEnemy30PointB)
    laser0                                   0x0000461c   Data          12  bitmaps.o(.rodata.laser0)
    missile0                                 0x00004628   Data          12  bitmaps.o(.rodata.missile0)
    playerShip0                              0x00004634   Data          12  bitmaps.o(.rodata.playerShip0)
    smallEnemy10PointA                       0x00004640   Data          12  bitmaps.o(.rodata.smallEnemy10PointA)
    smallEnemy10PointB                       0x0000464c   Data          12  bitmaps.o(.rodata.smallEnemy10PointB)
    smallEnemy10Point_Enemy                  0x00004658   Data          32  enemies.o(.rodata.smallEnemy10Point_Enemy)
    smallEnemy20PointA                       0x00004678   Data          12  bitmaps.o(.rodata.smallEnemy20PointA)
    smallEnemy20PointB                       0x00004684   Data          12  bitmaps.o(.rodata.smallEnemy20PointB)
    smallEnemy20Point_Enemy                  0x00004690   Data          32  enemies.o(.rodata.smallEnemy20Point_Enemy)
    smallEnemy30PointA                       0x000046b0   Data          12  bitmaps.o(.rodata.smallEnemy30PointA)
    smallEnemy30PointB                       0x000046bc   Data          12  bitmaps.o(.rodata.smallEnemy30PointB)
    smallEnemy30Point_Enemy                  0x000046c8   Data          32  enemies.o(.rodata.smallEnemy30Point_Enemy)
    Region$$Table$$Base                      0x00004708   Number         0  anon$$obj.o(Region$$Table)
    Region$$Table$$Limit                     0x00004728   Number         0  anon$$obj.o(Region$$Table)
    __ctype                                  0x00004751   Data           0  lc_ctype_c.o(locale$$data)
    StateTable                               0x20000008   Data          16  main.o(.data.StateTable)
    __libspace_start                         0x20000020   Data          96  libspace.o(.bss)
    Count                                    0x20000080   Data           4  sound.o(.bss.Count)
    __temporary_stack_top$libspace           0x20000080   Data           0  libspace.o(.bss)
    Index                                    0x2000035c   Data           4  sound.o(.bss.Index)
    LaserFlag                                0x20000360   Data           1  buttons.o(.bss.LaserFlag)
    MissileFlag                              0x200004ac   Data           1  buttons.o(.bss.MissileFlag)
    Screen                                   0x20000628   Data         504  nokia5110.o(.bss.Screen)
    Wave                                     0x20000824   Data           4  sound.o(.bss.Wave)
    Xpos                                     0x20000828   Data           4  systick.o(.bss.Xpos)
    XposFlag                                 0x2000082c   Data           1  systick.o(.bss.XposFlag)



==============================================================================

Memory Map of the image

  Image Entry point : 0x0000043d

  Load Region LR_1 (Base: 0x00000000, Size: 0x00004874, Max: 0xffffffff, ABSOLUTE)

    Execution Region ER_RO (Exec base: 0x00000000, Load base: 0x00000000, Size: 0x00004854, Max: 0xffffffff, ABSOLUTE)

    Exec Addr    Load Addr    Size         Type   Attr      Idx    E Section Name        Object

    0x00000000   0x00000000   0x0000026c   Data   RO          427    RESET               startup_tm4c123.o
    0x0000026c   0x0000026c   0x00000008   Code   RO          452  * !!!main             c_w.l(__main.o)
    0x00000274   0x00000274   0x0000005c   Code   RO          789    !!!scatter          c_w.l(__scatter.o)
    0x000002d0   0x000002d0   0x0000001a   Code   RO          793    !!handler_copy      c_w.l(__scatter_copy.o)
    0x000002ea   0x000002ea   0x00000002   PAD
    0x000002ec   0x000002ec   0x00000002   Code   RO          790    !!handler_null      c_w.l(__scatter.o)
    0x000002ee   0x000002ee   0x00000002   PAD
    0x000002f0   0x000002f0   0x0000001c   Code   RO          795    !!handler_zi        c_w.l(__scatter_zi.o)
    0x0000030c   0x0000030c   0x00000000   Code   RO          536    .ARM.Collect$$_printf_percent$$00000000  c_w.l(_printf_percent.o)
    0x0000030c   0x0000030c   0x00000006   Code   RO          525    .ARM.Collect$$_printf_percent$$00000001  c_w.l(_printf_n.o)
    0x00000312   0x00000312   0x00000006   Code   RO          527    .ARM.Collect$$_printf_percent$$00000002  c_w.l(_printf_p.o)
    0x00000318   0x00000318   0x00000006   Code   RO          532    .ARM.Collect$$_printf_percent$$00000003  c_w.l(_printf_f.o)
    0x0000031e   0x0000031e   0x00000006   Code   RO          533    .ARM.Collect$$_printf_percent$$00000004  c_w.l(_printf_e.o)
    0x00000324   0x00000324   0x00000006   Code   RO          534    .ARM.Collect$$_printf_percent$$00000005  c_w.l(_printf_g.o)
    0x0000032a   0x0000032a   0x00000006   Code   RO          535    .ARM.Collect$$_printf_percent$$00000006  c_w.l(_printf_a.o)
    0x00000330   0x00000330   0x0000000a   Code   RO          540    .ARM.Collect$$_printf_percent$$00000007  c_w.l(_printf_ll.o)
    0x0000033a   0x0000033a   0x00000006   Code   RO          529    .ARM.Collect$$_printf_percent$$00000008  c_w.l(_printf_i.o)
    0x00000340   0x00000340   0x00000006   Code   RO          530    .ARM.Collect$$_printf_percent$$00000009  c_w.l(_printf_d.o)
    0x00000346   0x00000346   0x00000006   Code   RO          531    .ARM.Collect$$_printf_percent$$0000000A  c_w.l(_printf_u.o)
    0x0000034c   0x0000034c   0x00000006   Code   RO          528    .ARM.Collect$$_printf_percent$$0000000B  c_w.l(_printf_o.o)
    0x00000352   0x00000352   0x00000006   Code   RO          526    .ARM.Collect$$_printf_percent$$0000000C  c_w.l(_printf_x.o)
    0x00000358   0x00000358   0x00000006   Code   RO          537    .ARM.Collect$$_printf_percent$$0000000D  c_w.l(_printf_lli.o)
    0x0000035e   0x0000035e   0x00000006   Code   RO          538    .ARM.Collect$$_printf_percent$$0000000E  c_w.l(_printf_lld.o)
    0x00000364   0x00000364   0x00000006   Code   RO          539    .ARM.Collect$$_printf_percent$$0000000F  c_w.l(_printf_llu.o)
    0x0000036a   0x0000036a   0x00000006   Code   RO          544    .ARM.Collect$$_printf_percent$$00000010  c_w.l(_printf_llo.o)
    0x00000370   0x00000370   0x00000006   Code   RO          545    .ARM.Collect$$_printf_percent$$00000011  c_w.l(_printf_llx.o)
    0x00000376   0x00000376   0x0000000a   Code   RO          541    .ARM.Collect$$_printf_percent$$00000012  c_w.l(_printf_l.o)
    0x00000380   0x00000380   0x00000006   Code   RO          523    .ARM.Collect$$_printf_percent$$00000013  c_w.l(_printf_c.o)
    0x00000386   0x00000386   0x00000006   Code   RO          524    .ARM.Collect$$_printf_percent$$00000014  c_w.l(_printf_s.o)
    0x0000038c   0x0000038c   0x00000006   Code   RO          542    .ARM.Collect$$_printf_percent$$00000015  c_w.l(_printf_lc.o)
    0x00000392   0x00000392   0x00000006   Code   RO          543    .ARM.Collect$$_printf_percent$$00000016  c_w.l(_printf_ls.o)
    0x00000398   0x00000398   0x00000004   Code   RO          586    .ARM.Collect$$_printf_percent$$00000017  c_w.l(_printf_percent_end.o)
    0x0000039c   0x0000039c   0x00000002   Code   RO          637    .ARM.Collect$$libinit$$00000000  c_w.l(libinit.o)
    0x0000039e   0x0000039e   0x00000004   Code   RO          655    .ARM.Collect$$libinit$$00000001  c_w.l(libinit2.o)
    0x000003a2   0x000003a2   0x00000000   Code   RO          658    .ARM.Collect$$libinit$$00000004  c_w.l(libinit2.o)
    0x000003a2   0x000003a2   0x00000000   Code   RO          660    .ARM.Collect$$libinit$$00000006  c_w.l(libinit2.o)
    0x000003a2   0x000003a2   0x00000000   Code   RO          663    .ARM.Collect$$libinit$$0000000C  c_w.l(libinit2.o)
    0x000003a2   0x000003a2   0x00000000   Code   RO          665    .ARM.Collect$$libinit$$0000000E  c_w.l(libinit2.o)
    0x000003a2   0x000003a2   0x00000000   Code   RO          667    .ARM.Collect$$libinit$$00000010  c_w.l(libinit2.o)
    0x000003a2   0x000003a2   0x00000006   Code   RO          668    .ARM.Collect$$libinit$$00000011  c_w.l(libinit2.o)
    0x000003a8   0x000003a8   0x00000000   Code   RO          670    .ARM.Collect$$libinit$$00000013  c_w.l(libinit2.o)
    0x000003a8   0x000003a8   0x0000000c   Code   RO          671    .ARM.Collect$$libinit$$00000014  c_w.l(libinit2.o)
    0x000003b4   0x000003b4   0x00000000   Code   RO          672    .ARM.Collect$$libinit$$00000015  c_w.l(libinit2.o)
    0x000003b4   0x000003b4   0x00000000   Code   RO          674    .ARM.Collect$$libinit$$00000017  c_w.l(libinit2.o)
    0x000003b4   0x000003b4   0x0000000a   Code   RO          675    .ARM.Collect$$libinit$$00000018  c_w.l(libinit2.o)
    0x000003be   0x000003be   0x00000000   Code   RO          676    .ARM.Collect$$libinit$$00000019  c_w.l(libinit2.o)
    0x000003be   0x000003be   0x00000000   Code   RO          678    .ARM.Collect$$libinit$$0000001B  c_w.l(libinit2.o)
    0x000003be   0x000003be   0x00000000   Code   RO          680    .ARM.Collect$$libinit$$0000001D  c_w.l(libinit2.o)
    0x000003be   0x000003be   0x00000000   Code   RO          682    .ARM.Collect$$libinit$$0000001F  c_w.l(libinit2.o)
    0x000003be   0x000003be   0x00000000   Code   RO          684    .ARM.Collect$$libinit$$00000021  c_w.l(libinit2.o)
    0x000003be   0x000003be   0x00000000   Code   RO          686    .ARM.Collect$$libinit$$00000023  c_w.l(libinit2.o)
    0x000003be   0x000003be   0x00000000   Code   RO          688    .ARM.Collect$$libinit$$00000025  c_w.l(libinit2.o)
    0x000003be   0x000003be   0x00000000   Code   RO          690    .ARM.Collect$$libinit$$00000027  c_w.l(libinit2.o)
    0x000003be   0x000003be   0x00000000   Code   RO          694    .ARM.Collect$$libinit$$0000002E  c_w.l(libinit2.o)
    0x000003be   0x000003be   0x00000000   Code   RO          696    .ARM.Collect$$libinit$$00000030  c_w.l(libinit2.o)
    0x000003be   0x000003be   0x00000000   Code   RO          698    .ARM.Collect$$libinit$$00000032  c_w.l(libinit2.o)
    0x000003be   0x000003be   0x00000000   Code   RO          700    .ARM.Collect$$libinit$$00000034  c_w.l(libinit2.o)
    0x000003be   0x000003be   0x00000002   Code   RO          701    .ARM.Collect$$libinit$$00000035  c_w.l(libinit2.o)
    0x000003c0   0x000003c0   0x00000002   Code   RO          725    .ARM.Collect$$libshutdown$$00000000  c_w.l(libshutdown.o)
    0x000003c2   0x000003c2   0x00000000   Code   RO          740    .ARM.Collect$$libshutdown$$00000002  c_w.l(libshutdown2.o)
    0x000003c2   0x000003c2   0x00000000   Code   RO          742    .ARM.Collect$$libshutdown$$00000004  c_w.l(libshutdown2.o)
    0x000003c2   0x000003c2   0x00000000   Code   RO          745    .ARM.Collect$$libshutdown$$00000007  c_w.l(libshutdown2.o)
    0x000003c2   0x000003c2   0x00000000   Code   RO          748    .ARM.Collect$$libshutdown$$0000000A  c_w.l(libshutdown2.o)
    0x000003c2   0x000003c2   0x00000000   Code   RO          750    .ARM.Collect$$libshutdown$$0000000C  c_w.l(libshutdown2.o)
    0x000003c2   0x000003c2   0x00000000   Code   RO          753    .ARM.Collect$$libshutdown$$0000000F  c_w.l(libshutdown2.o)
    0x000003c2   0x000003c2   0x00000002   Code   RO          754    .ARM.Collect$$libshutdown$$00000010  c_w.l(libshutdown2.o)
    0x000003c4   0x000003c4   0x00000000   Code   RO          454    .ARM.Collect$$rtentry$$00000000  c_w.l(__rtentry.o)
    0x000003c4   0x000003c4   0x00000000   Code   RO          555    .ARM.Collect$$rtentry$$00000002  c_w.l(__rtentry2.o)
    0x000003c4   0x000003c4   0x00000006   Code   RO          567    .ARM.Collect$$rtentry$$00000004  c_w.l(__rtentry4.o)
    0x000003ca   0x000003ca   0x00000000   Code   RO          557    .ARM.Collect$$rtentry$$00000009  c_w.l(__rtentry2.o)
    0x000003ca   0x000003ca   0x00000004   Code   RO          558    .ARM.Collect$$rtentry$$0000000A  c_w.l(__rtentry2.o)
    0x000003ce   0x000003ce   0x00000000   Code   RO          560    .ARM.Collect$$rtentry$$0000000C  c_w.l(__rtentry2.o)
    0x000003ce   0x000003ce   0x00000008   Code   RO          561    .ARM.Collect$$rtentry$$0000000D  c_w.l(__rtentry2.o)
    0x000003d6   0x000003d6   0x00000002   Code   RO          646    .ARM.Collect$$rtexit$$00000000  c_w.l(rtexit.o)
    0x000003d8   0x000003d8   0x00000000   Code   RO          703    .ARM.Collect$$rtexit$$00000002  c_w.l(rtexit2.o)
    0x000003d8   0x000003d8   0x00000004   Code   RO          704    .ARM.Collect$$rtexit$$00000003  c_w.l(rtexit2.o)
    0x000003dc   0x000003dc   0x00000006   Code   RO          705    .ARM.Collect$$rtexit$$00000004  c_w.l(rtexit2.o)
    0x000003e2   0x000003e2   0x00000002   PAD
    0x000003e4   0x000003e4   0x0000001a   Code   RO          137    .text               startup.o
    0x000003fe   0x000003fe   0x00000002   PAD
    0x00000400   0x00000400   0x0000003c   Code   RO          334    .text               random.o
    0x0000043c   0x0000043c   0x00000114   Code   RO          428  * .text               startup_tm4c123.o
    0x00000550   0x00000550   0x00000040   Code   RO          448    .text               c_w.l(snprintf.o)
    0x00000590   0x00000590   0x00000006   Code   RO          450    .text               c_w.l(heapauxi.o)
    0x00000596   0x00000596   0x0000004e   Code   RO          457    .text               c_w.l(_printf_pad.o)
    0x000005e4   0x000005e4   0x00000024   Code   RO          459    .text               c_w.l(_printf_truncate.o)
    0x00000608   0x00000608   0x00000052   Code   RO          461    .text               c_w.l(_printf_str.o)
    0x0000065a   0x0000065a   0x00000002   PAD
    0x0000065c   0x0000065c   0x00000078   Code   RO          463    .text               c_w.l(_printf_dec.o)
    0x000006d4   0x000006d4   0x00000028   Code   RO          465    .text               c_w.l(_printf_charcount.o)
    0x000006fc   0x000006fc   0x00000030   Code   RO          467    .text               c_w.l(_printf_char_common.o)
    0x0000072c   0x0000072c   0x00000010   Code   RO          469    .text               c_w.l(_snputc.o)
    0x0000073c   0x0000073c   0x000000bc   Code   RO          471    .text               c_w.l(_printf_wctomb.o)
    0x000007f8   0x000007f8   0x0000007c   Code   RO          474    .text               c_w.l(_printf_longlong_dec.o)
    0x00000874   0x00000874   0x00000070   Code   RO          480    .text               c_w.l(_printf_oct_int_ll.o)
    0x000008e4   0x000008e4   0x00000094   Code   RO          500    .text               c_w.l(_printf_hex_int_ll_ptr.o)
    0x00000978   0x00000978   0x00000188   Code   RO          520    .text               c_w.l(__printf_flags_ss_wp.o)
    0x00000b00   0x00000b00   0x0000008a   Code   RO          569    .text               c_w.l(lludiv10.o)
    0x00000b8a   0x00000b8a   0x000000b2   Code   RO          571    .text               c_w.l(_printf_intcommon.o)
    0x00000c3c   0x00000c3c   0x0000041c   Code   RO          573    .text               c_w.l(_printf_fp_dec.o)
    0x00001058   0x00001058   0x000002fc   Code   RO          577    .text               c_w.l(_printf_fp_hex.o)
    0x00001354   0x00001354   0x0000002c   Code   RO          582    .text               c_w.l(_printf_char.o)
    0x00001380   0x00001380   0x0000002c   Code   RO          584    .text               c_w.l(_printf_wchar.o)
    0x000013ac   0x000013ac   0x00000048   Code   RO          587    .text               c_w.l(_c16rtomb.o)
    0x000013f4   0x000013f4   0x0000004a   Code   RO          589    .text               c_w.l(sys_stackheap_outer.o)
    0x0000143e   0x0000143e   0x00000002   PAD
    0x00001440   0x00001440   0x00000010   Code   RO          591    .text               c_w.l(rt_ctype_table.o)
    0x00001450   0x00001450   0x00000008   Code   RO          596    .text               c_w.l(rt_locale_intlibspace.o)
    0x00001458   0x00001458   0x00000080   Code   RO          598    .text               c_w.l(_printf_fp_infnan.o)
    0x000014d8   0x000014d8   0x000000e4   Code   RO          600    .text               c_w.l(bigflt0.o)
    0x000015bc   0x000015bc   0x00000012   Code   RO          630    .text               c_w.l(exit.o)
    0x000015ce   0x000015ce   0x00000002   PAD
    0x000015d0   0x000015d0   0x00000008   Code   RO          643    .text               c_w.l(libspace.o)
    0x000015d8   0x000015d8   0x0000007c   Code   RO          653    .text               c_w.l(strcmpv7em.o)
    0x00001654   0x00001654   0x0000000c   Code   RO          715    .text               c_w.l(sys_exit.o)
    0x00001660   0x00001660   0x00000002   Code   RO          730    .text               c_w.l(use_no_semi.o)
    0x00001662   0x00001662   0x00000000   Code   RO          732    .text               c_w.l(indicate_semi.o)
    0x00001662   0x00001662   0x00000002   PAD
    0x00001664   0x00001664   0x00000046   Code   RO            4    .text.ADC0_In       adc.o
    0x000016aa   0x000016aa   0x00000002   PAD
    0x000016ac   0x000016ac   0x000000ea   Code   RO            2    .text.ADC0_Init     adc.o
    0x00001796   0x00001796   0x00000002   PAD
    0x00001798   0x00001798   0x000000a6   Code   RO          406    .text.BitmapsOverlap  main.o
    0x0000183e   0x0000183e   0x00000002   PAD
    0x00001840   0x00001840   0x00000118   Code   RO           15    .text.Buttons_Init  buttons.o
    0x00001958   0x00001958   0x00000036   Code   RO           17    .text.Buttons_Read  buttons.o
    0x0000198e   0x0000198e   0x00000002   PAD
    0x00001990   0x00001990   0x0000016e   Code   RO          408    .text.Check_Collisions  main.o
    0x00001afe   0x00001afe   0x00000002   PAD
    0x00001b00   0x00001b00   0x00000010   Code   RO          320    .text.Check_Lasers_OOB  projectile.o
    0x00001b10   0x00001b10   0x00000010   Code   RO          318    .text.Check_Missiles_OOB  projectile.o
    0x00001b20   0x00001b20   0x0000000c   Code   RO          402    .text.Check_OOB     main.o
    0x00001b2c   0x00001b2c   0x0000005e   Code   RO          316    .text.Check_Projectile_OOB  projectile.o
    0x00001b8a   0x00001b8a   0x00000002   PAD
    0x00001b8c   0x00001b8c   0x00000084   Code   RO          354    .text.Check_Vertical_Movement  enemies.o
    0x00001c10   0x00001c10   0x00000060   Code   RO          145    .text.Convert       systick.o
    0x00001c70   0x00001c70   0x00000096   Code   RO           30    .text.DAC_Init      dac.o
    0x00001d06   0x00001d06   0x00000002   PAD
    0x00001d08   0x00001d08   0x00000024   Code   RO           32    .text.DAC_Out       dac.o
    0x00001d2c   0x00001d2c   0x00000012   Code   RO           13    .text.Debounce_GPIOE  buttons.o
    0x00001d3e   0x00001d3e   0x00000002   PAD
    0x00001d40   0x00001d40   0x00000136   Code   RO          404    .text.Draw_State    main.o
    0x00001e76   0x00001e76   0x00000002   PAD
    0x00001e78   0x00001e78   0x00000088   Code   RO          388    .text.End_State     main.o
    0x00001f00   0x00001f00   0x0000005a   Code   RO          364    .text.Enemies_Init  enemies.o
    0x00001f5a   0x00001f5a   0x00000002   PAD
    0x00001f5c   0x00001f5c   0x0000002c   Code   RO          362    .text.Enemies_Reset  enemies.o
    0x00001f88   0x00001f88   0x0000008a   Code   RO          346    .text.Enemy_Spacing  enemies.o
    0x00002012   0x00002012   0x00000002   PAD
    0x00002014   0x00002014   0x00000068   Code   RO          342    .text.Find_First_Enemy_By_State  enemies.o
    0x0000207c   0x0000207c   0x00000058   Code   RO          300    .text.Find_First_Projectile_By_State  projectile.o
    0x000020d4   0x000020d4   0x00000020   Code   RO          306    .text.Fire_Laser    projectile.o
    0x000020f4   0x000020f4   0x00000020   Code   RO          304    .text.Fire_Missile  projectile.o
    0x00002114   0x00002114   0x00000082   Code   RO          302    .text.Fire_Projectile  projectile.o
    0x00002196   0x00002196   0x00000002   PAD
    0x00002198   0x00002198   0x00000072   Code   RO           19    .text.GPIOE_Handler  buttons.o
    0x0000220a   0x0000220a   0x00000002   PAD
    0x0000220c   0x0000220c   0x0000007c   Code   RO          386    .text.Game_State    main.o
    0x00002288   0x00002288   0x0000000a   Code   RO          340    .text.Get_Enemies   enemies.o
    0x00002292   0x00002292   0x00000002   PAD
    0x00002294   0x00002294   0x0000000a   Code   RO          298    .text.Get_Lasers    projectile.o
    0x0000229e   0x0000229e   0x00000002   PAD
    0x000022a0   0x000022a0   0x0000000a   Code   RO          296    .text.Get_Missiles  projectile.o
    0x000022aa   0x000022aa   0x00000002   PAD
    0x000022ac   0x000022ac   0x0000000a   Code   RO          280    .text.Get_Player    player.o
    0x000022b6   0x000022b6   0x00000002   PAD
    0x000022b8   0x000022b8   0x0000001c   Code   RO          394    .text.Hardware_Init  main.o
    0x000022d4   0x000022d4   0x0000000e   Code   RO          382    .text.Initialize_State  main.o
    0x000022e2   0x000022e2   0x00000002   PAD
    0x000022e4   0x000022e4   0x00000032   Code   RO          314    .text.Is_Out_Of_Bounds  projectile.o
    0x00002316   0x00002316   0x00000002   PAD
    0x00002318   0x00002318   0x00000094   Code   RO           41    .text.LED_Init      led.o
    0x000023ac   0x000023ac   0x00000062   Code   RO          352    .text.Move_Down_One_Pixel  enemies.o
    0x0000240e   0x0000240e   0x00000002   PAD
    0x00002410   0x00002410   0x0000005e   Code   RO          350    .text.Move_Horizontally_One_Pixel  enemies.o
    0x0000246e   0x0000246e   0x00000002   PAD
    0x00002470   0x00002470   0x00000032   Code   RO           66    .text.Nokia5110_Clear  nokia5110.o
    0x000024a2   0x000024a2   0x00000002   PAD
    0x000024a4   0x000024a4   0x0000002e   Code   RO           72    .text.Nokia5110_ClearBuffer  nokia5110.o
    0x000024d2   0x000024d2   0x00000002   PAD
    0x000024d4   0x000024d4   0x00000010   Code   RO           78    .text.Nokia5110_DisplayBuffer  nokia5110.o
    0x000024e4   0x000024e4   0x0000003a   Code   RO           68    .text.Nokia5110_DrawFullImage  nokia5110.o
    0x0000251e   0x0000251e   0x00000002   PAD
    0x00002520   0x00002520   0x00000160   Code   RO           54    .text.Nokia5110_Init  nokia5110.o
    0x00002680   0x00002680   0x00000056   Code   RO           58    .text.Nokia5110_OutChar  nokia5110.o
    0x000026d6   0x000026d6   0x00000002   PAD
    0x000026d8   0x000026d8   0x00000024   Code   RO           60    .text.Nokia5110_OutString  nokia5110.o
    0x000026fc   0x000026fc   0x00000206   Code   RO           70    .text.Nokia5110_PrintBMP  nokia5110.o
    0x00002902   0x00002902   0x00000002   PAD
    0x00002904   0x00002904   0x0000004c   Code   RO           64    .text.Nokia5110_SetCursor  nokia5110.o
    0x00002950   0x00002950   0x0000007e   Code   RO           90    .text.PLL_Init      pll.o
    0x000029ce   0x000029ce   0x00000002   PAD
    0x000029d0   0x000029d0   0x0000006a   Code   RO           98    .text.Play          sound.o
    0x00002a3a   0x00002a3a   0x00000002   PAD
    0x00002a3c   0x00002a3c   0x0000001a   Code   RO          278    .text.Player_Init   player.o
    0x00002a56   0x00002a56   0x00000002   PAD
    0x00002a58   0x00002a58   0x00000022   Code   RO          276    .text.Player_Reset  player.o
    0x00002a7a   0x00002a7a   0x00000002   PAD
    0x00002a7c   0x00002a7c   0x0000007c   Code   RO          398    .text.Poll_Inputs   main.o
    0x00002af8   0x00002af8   0x000000ca   Code   RO          294    .text.Projectile_Init  projectile.o
    0x00002bc2   0x00002bc2   0x00000002   PAD
    0x00002bc4   0x00002bc4   0x0000001c   Code   RO          292    .text.Projectile_Reset  projectile.o
    0x00002be0   0x00002be0   0x00000024   Code   RO          290    .text.Projectile_Reset_Array  projectile.o
    0x00002c04   0x00002c04   0x00000012   Code   RO          384    .text.Reset_State   main.o
    0x00002c16   0x00002c16   0x00000002   PAD
    0x00002c18   0x00002c18   0x0000000e   Code   RO          360    .text.Set_Movement_Flag  enemies.o
    0x00002c26   0x00002c26   0x00000002   PAD
    0x00002c28   0x00002c28   0x00000062   Code   RO          396    .text.Software_Init  main.o
    0x00002c8a   0x00002c8a   0x00000002   PAD
    0x00002c8c   0x00002c8c   0x0000002e   Code   RO          100    .text.Sound_Init    sound.o
    0x00002cba   0x00002cba   0x00000002   PAD
    0x00002cbc   0x00002cbc   0x00000070   Code   RO          348    .text.Spawn_Enemies  enemies.o
    0x00002d2c   0x00002d2c   0x00000060   Code   RO          344    .text.Spawn_Enemy_From_Template  enemies.o
    0x00002d8c   0x00002d8c   0x0000009a   Code   RO          356    .text.Swap_SpriteAB  enemies.o
    0x00002e26   0x00002e26   0x00000002   PAD
    0x00002e28   0x00002e28   0x00000046   Code   RO          147    .text.SysTick_Handler  systick.o
    0x00002e6e   0x00002e6e   0x00000002   PAD
    0x00002e70   0x00002e70   0x00000056   Code   RO          143    .text.SysTick_Init  systick.o
    0x00002ec6   0x00002ec6   0x00000002   PAD
    0x00002ec8   0x00002ec8   0x0000010c   Code   RO          437    .text.SystemInit    system_tm4c123.o
    0x00002fd4   0x00002fd4   0x0000001a   Code   RO          162    .text.TIMER0A_Handler  timer0.o
    0x00002fee   0x00002fee   0x00000002   PAD
    0x00002ff0   0x00002ff0   0x00000020   Code   RO          193    .text.TIMER1A_Handler  timer1.o
    0x00003010   0x00003010   0x00000020   Code   RO          207    .text.TIMER2A_Handler  timer2.o
    0x00003030   0x00003030   0x000000a2   Code   RO          160    .text.Timer0_Init   timer0.o
    0x000030d2   0x000030d2   0x00000002   PAD
    0x000030d4   0x000030d4   0x000000c2   Code   RO          191    .text.Timer1_Init   timer1.o
    0x00003196   0x00003196   0x00000002   PAD
    0x00003198   0x00003198   0x000000aa   Code   RO          203    .text.Timer2_Init   timer2.o
    0x00003242   0x00003242   0x00000002   PAD
    0x00003244   0x00003244   0x0000003e   Code   RO          205    .text.Timer2_Oneshot  timer2.o
    0x00003282   0x00003282   0x00000002   PAD
    0x00003284   0x00003284   0x00000062   Code   RO          358    .text.Update_Enemies_Position  enemies.o
    0x000032e6   0x000032e6   0x00000002   PAD
    0x000032e8   0x000032e8   0x00000010   Code   RO          400    .text.Update_Game_State  main.o
    0x000032f8   0x000032f8   0x00000010   Code   RO          312    .text.Update_Laser_Position  projectile.o
    0x00003308   0x00003308   0x00000010   Code   RO          310    .text.Update_Missile_Position  projectile.o
    0x00003318   0x00003318   0x0000006a   Code   RO          308    .text.Update_Projectile_Position  projectile.o
    0x00003382   0x00003382   0x00000002   PAD
    0x00003384   0x00003384   0x00000090   Code   RO           56    .text.lcdwrite      nokia5110.o
    0x00003414   0x00003414   0x00000026   Code   RO          392    .text.main          main.o
    0x0000343a   0x0000343a   0x0000003e   Code   RO          603    CL$$btod_d2e        c_w.l(btod.o)
    0x00003478   0x00003478   0x00000046   Code   RO          605    CL$$btod_d2e_denorm_low  c_w.l(btod.o)
    0x000034be   0x000034be   0x00000060   Code   RO          604    CL$$btod_d2e_norm_op1  c_w.l(btod.o)
    0x0000351e   0x0000351e   0x00000002   PAD
    0x00003520   0x00003520   0x00000338   Code   RO          613    CL$$btod_div_common  c_w.l(btod.o)
    0x00003858   0x00003858   0x000000dc   Code   RO          610    CL$$btod_e2e        c_w.l(btod.o)
    0x00003934   0x00003934   0x0000002a   Code   RO          607    CL$$btod_ediv       c_w.l(btod.o)
    0x0000395e   0x0000395e   0x0000002a   Code   RO          606    CL$$btod_emul       c_w.l(btod.o)
    0x00003988   0x00003988   0x00000244   Code   RO          612    CL$$btod_mult_common  c_w.l(btod.o)
    0x00003bcc   0x00003bcc   0x00000030   Code   RO          641    i.__ARM_fpclassify  m_wm.l(fpclassify.o)
    0x00003bfc   0x00003bfc   0x0000000e   Code   RO          513    i._is_digit         c_w.l(__printf_wp.o)
    0x00003c0a   0x00003c0a   0x00000002   PAD
    0x00003c0c   0x00003c0c   0x0000002c   Code   RO          628    locale$$code        c_w.l(lc_numeric_c.o)
    0x00003c38   0x00003c38   0x0000002c   Code   RO          651    locale$$code        c_w.l(lc_ctype_c.o)
    0x00003c64   0x00003c64   0x0000001a   Code   RO          713    x$fpl$fpinit        fz_wm.l(fpinit.o)
    0x00003c7e   0x00003c7e   0x00000004   Code   RO          546    x$fpl$printf1       fz_wm.l(printf1.o)
    0x00003c82   0x00003c82   0x00000004   Code   RO          548    x$fpl$printf2       fz_wm.l(printf2.o)
    0x00003c86   0x00003c86   0x00000000   Code   RO          640    x$fpl$usenofp       fz_wm.l(usenofp.o)
    0x00003c86   0x00003c86   0x00000002   PAD
    0x00003c88   0x00003c88   0x00000008   Data   RO          472    .constdata          c_w.l(_printf_wctomb.o)
    0x00003c90   0x00003c90   0x00000028   Data   RO          501    .constdata          c_w.l(_printf_hex_int_ll_ptr.o)
    0x00003cb8   0x00003cb8   0x00000011   Data   RO          521    .constdata          c_w.l(__printf_flags_ss_wp.o)
    0x00003cc9   0x00003cc9   0x00000026   Data   RO          578    .constdata          c_w.l(_printf_fp_hex.o)
    0x00003cef   0x00003cef   0x00000001   PAD
    0x00003cf0   0x00003cf0   0x00000094   Data   RO          601    .constdata          c_w.l(bigflt0.o)
    0x00003d84   0x00003d84   0x000001e0   Data   RO           80    .rodata.ASCII       nokia5110.o
    0x00003f64   0x00003f64   0x0000009b   Data   RO          248    .rodata.Laser0      bitmaps.o
    0x00003fff   0x00003fff   0x0000009b   Data   RO          245    .rodata.Missile0    bitmaps.o
    0x0000409a   0x0000409a   0x000000d7   Data   RO          235    .rodata.PlayerShip0  bitmaps.o
    0x00004171   0x00004171   0x000000c7   Data   RO          233    .rodata.SmallEnemy10PointA  bitmaps.o
    0x00004238   0x00004238   0x000000c7   Data   RO          234    .rodata.SmallEnemy10PointB  bitmaps.o
    0x000042ff   0x000042ff   0x000000c7   Data   RO          231    .rodata.SmallEnemy20PointA  bitmaps.o
    0x000043c6   0x000043c6   0x000000c7   Data   RO          232    .rodata.SmallEnemy20PointB  bitmaps.o
    0x0000448d   0x0000448d   0x000000c7   Data   RO          229    .rodata.SmallEnemy30PointA  bitmaps.o
    0x00004554   0x00004554   0x000000c7   Data   RO          230    .rodata.SmallEnemy30PointB  bitmaps.o
    0x0000461b   0x0000461b   0x00000001   PAD
    0x0000461c   0x0000461c   0x0000000c   Data   RO          269    .rodata.laser0      bitmaps.o
    0x00004628   0x00004628   0x0000000c   Data   RO          266    .rodata.missile0    bitmaps.o
    0x00004634   0x00004634   0x0000000c   Data   RO          256    .rodata.playerShip0  bitmaps.o
    0x00004640   0x00004640   0x0000000c   Data   RO          254    .rodata.smallEnemy10PointA  bitmaps.o
    0x0000464c   0x0000464c   0x0000000c   Data   RO          255    .rodata.smallEnemy10PointB  bitmaps.o
    0x00004658   0x00004658   0x00000020   Data   RO          374    .rodata.smallEnemy10Point_Enemy  enemies.o
    0x00004678   0x00004678   0x0000000c   Data   RO          252    .rodata.smallEnemy20PointA  bitmaps.o
    0x00004684   0x00004684   0x0000000c   Data   RO          253    .rodata.smallEnemy20PointB  bitmaps.o
    0x00004690   0x00004690   0x00000020   Data   RO          373    .rodata.smallEnemy20Point_Enemy  enemies.o
    0x000046b0   0x000046b0   0x0000000c   Data   RO          250    .rodata.smallEnemy30PointA  bitmaps.o
    0x000046bc   0x000046bc   0x0000000c   Data   RO          251    .rodata.smallEnemy30PointB  bitmaps.o
    0x000046c8   0x000046c8   0x00000020   Data   RO          372    .rodata.smallEnemy30Point_Enemy  enemies.o
    0x000046e8   0x000046e8   0x0000001d   Data   RO          413    .rodata.str1.1      main.o
    0x00004705   0x00004705   0x00000003   PAD
    0x00004708   0x00004708   0x00000020   Data   RO          788    Region$$Table       anon$$obj.o
    0x00004728   0x00004728   0x0000001c   Data   RO          627    locale$$data        c_w.l(lc_numeric_c.o)
    0x00004744   0x00004744   0x00000110   Data   RO          650    locale$$data        c_w.l(lc_ctype_c.o)


    Execution Region ER_RW (Exec base: 0x20000000, Load base: 0x00004854, Size: 0x00000020, Max: 0xffffffff, ABSOLUTE)

    Exec Addr    Load Addr    Size         Type   Attr      Idx    E Section Name        Object

    0x20000000   0x00004854   0x00000004   Data   RW          367    .data.Movement_Dir  enemies.o
    0x20000004   0x00004858   0x00000001   Data   RW          368    .data.SpriteA_Flag  enemies.o
    0x20000005   0x00004859   0x00000003   PAD
    0x20000008   0x0000485c   0x00000010   Data   RW          412    .data.StateTable    main.o
    0x20000018   0x0000486c   0x00000001   Data   RW          370    .data.VERTICAL_MOVEMENT_FLAG  enemies.o
    0x20000019   0x0000486d   0x00000003   PAD
    0x2000001c   0x00004870   0x00000004   Data   RW          333    DATA                random.o


    Execution Region ER_ZI (Exec base: 0x20000020, Load base: 0x00004874, Size: 0x00000a10, Max: 0xffffffff, ABSOLUTE)

    Exec Addr    Load Addr    Size         Type   Attr      Idx    E Section Name        Object

    0x20000020        -       0x00000060   Zero   RW          644    .bss                c_w.l(libspace.o)
    0x20000080        -       0x00000004   Zero   RW          129    .bss.Count          sound.o
    0x20000084        -       0x00000054   Zero   RW          366    .bss.Enemies        enemies.o
    0x200000d8        -       0x00000004   Zero   RW          415    .bss.Enemies        main.o
    0x200000dc        -       0x00000280   Zero   RW          371    .bss.EnemyStorage   enemies.o
    0x2000035c        -       0x00000004   Zero   RW          128    .bss.Index          sound.o
    0x20000360        -       0x00000001   Zero   RW           22    .bss.LaserFlag      buttons.o
    0x20000361   0x00004874   0x00000003   PAD
    0x20000364        -       0x00000118   Zero   RW          326    .bss.LaserStorage   projectile.o
    0x2000047c        -       0x0000002c   Zero   RW          323    .bss.Lasers         projectile.o
    0x200004a8        -       0x00000004   Zero   RW          417    .bss.Lasers         main.o
    0x200004ac        -       0x00000001   Zero   RW           21    .bss.MissileFlag    buttons.o
    0x200004ad   0x00004874   0x00000003   PAD
    0x200004b0        -       0x00000118   Zero   RW          325    .bss.MissileStorage  projectile.o
    0x200005c8        -       0x0000002c   Zero   RW          322    .bss.Missiles       projectile.o
    0x200005f4        -       0x00000004   Zero   RW          416    .bss.Missiles       main.o
    0x200005f8        -       0x00000001   Zero   RW          369    .bss.Movement_Flag  enemies.o
    0x200005f9   0x00004874   0x00000003   PAD
    0x200005fc        -       0x00000004   Zero   RW          164    .bss.PeriodicTask   timer0.o
    0x20000600        -       0x00000004   Zero   RW          195    .bss.PeriodicTask   timer1.o
    0x20000604        -       0x00000004   Zero   RW          209    .bss.PeriodicTask   timer2.o
    0x20000608        -       0x00000004   Zero   RW          150    .bss.PlayerShip     systick.o
    0x2000060c        -       0x00000014   Zero   RW          282    .bss.PlayerShip     player.o
    0x20000620        -       0x00000004   Zero   RW          324    .bss.PlayerShip     projectile.o
    0x20000624        -       0x00000004   Zero   RW          414    .bss.PlayerShip     main.o
    0x20000628        -       0x000001f8   Zero   RW           82    .bss.Screen         nokia5110.o
    0x20000820        -       0x00000004   Zero   RW          151    .bss.SmoothedADC    systick.o
    0x20000824        -       0x00000004   Zero   RW          130    .bss.Wave           sound.o
    0x20000828        -       0x00000004   Zero   RW          152    .bss.Xpos           systick.o
    0x2000082c        -       0x00000001   Zero   RW          149    .bss.XposFlag       systick.o
    0x2000082d   0x00004874   0x00000003   PAD
    0x20000830        -       0x00000000   Zero   RW          426    HEAP                startup_tm4c123.o
    0x20000830        -       0x00000200   Zero   RW          425    STACK               startup_tm4c123.o


==============================================================================

Image component sizes


      Code (inc. data)   RO Data    RW Data    ZI Data      Debug   Object Name

       304          0          0          0          0        809   adc.o
         0          0       1827          0          0       1848   bitmaps.o
       466          0          0          0          2       1130   buttons.o
       186          0          0          0          0        727   dac.o
      1184          0         96          6        725       3851   enemies.o
       148          0          0          0          0        867   led.o
      1450          0         29         16         16       4547   main.o
      1382          4        480          0        504       4312   nokia5110.o
        70          0          0          0         20       1006   player.o
       126          0          0          0          0        568   pll.o
       882          8          0          0        652       3640   projectile.o
        60         14          0          4          0        268   random.o
       152          0          0          0         12       2156   sound.o
        26          0          0          0          0        435   startup.o
       276         24        620          0        512       5444   startup_tm4c123.o
       268          0          0          0          0       6816   system_tm4c123.o
       252          0          0          0         13       1521   systick.o
       188          0          0          0          4        851   timer0.o
       226          0          0          0          4        854   timer1.o
       264          0          0          0          4        937   timer2.o

    ----------------------------------------------------------------------
      8002         50       3088         32       2480      42587   Object Totals
         0          0         32          0          0          0   (incl. Generated)
        92          0          4          6         12          0   (incl. Padding)

    ----------------------------------------------------------------------

      Code (inc. data)   RO Data    RW Data    ZI Data      Debug   Library Member Name

         8          0          0          0          0         68   __main.o
       392          4         17          0          0         92   __printf_flags_ss_wp.o
        14          0          0          0          0         68   __printf_wp.o
         0          0          0          0          0          0   __rtentry.o
        12          0          0          0          0          0   __rtentry2.o
         6          0          0          0          0          0   __rtentry4.o
        94          8          0          0          0          0   __scatter.o
        26          0          0          0          0          0   __scatter_copy.o
        28          0          0          0          0          0   __scatter_zi.o
        72          0          0          0          0         96   _c16rtomb.o
         6          0          0          0          0          0   _printf_a.o
         6          0          0          0          0          0   _printf_c.o
        44          0          0          0          0        108   _printf_char.o
        48          6          0          0          0         96   _printf_char_common.o
        40          0          0          0          0         68   _printf_charcount.o
         6          0          0          0          0          0   _printf_d.o
       120         16          0          0          0         92   _printf_dec.o
         6          0          0          0          0          0   _printf_e.o
         6          0          0          0          0          0   _printf_f.o
      1052          0          0          0          0        148   _printf_fp_dec.o
       764          8         38          0          0        100   _printf_fp_hex.o
       128         16          0          0          0         84   _printf_fp_infnan.o
         6          0          0          0          0          0   _printf_g.o
       148          4         40          0          0        160   _printf_hex_int_ll_ptr.o
         6          0          0          0          0          0   _printf_i.o
       178          0          0          0          0         88   _printf_intcommon.o
        10          0          0          0          0          0   _printf_l.o
         6          0          0          0          0          0   _printf_lc.o
        10          0          0          0          0          0   _printf_ll.o
         6          0          0          0          0          0   _printf_lld.o
         6          0          0          0          0          0   _printf_lli.o
         6          0          0          0          0          0   _printf_llo.o
         6          0          0          0          0          0   _printf_llu.o
         6          0          0          0          0          0   _printf_llx.o
       124         16          0          0          0         92   _printf_longlong_dec.o
         6          0          0          0          0          0   _printf_ls.o
         6          0          0          0          0          0   _printf_n.o
         6          0          0          0          0          0   _printf_o.o
       112          8          0          0          0        124   _printf_oct_int_ll.o
         6          0          0          0          0          0   _printf_p.o
        78          0          0          0          0        108   _printf_pad.o
         0          0          0          0          0          0   _printf_percent.o
         4          0          0          0          0          0   _printf_percent_end.o
         6          0          0          0          0          0   _printf_s.o
        82          0          0          0          0         80   _printf_str.o
        36          0          0          0          0         84   _printf_truncate.o
         6          0          0          0          0          0   _printf_u.o
        44          0          0          0          0        108   _printf_wchar.o
       188          6          8          0          0         92   _printf_wctomb.o
         6          0          0          0          0          0   _printf_x.o
        16          0          0          0          0         68   _snputc.o
       228          4        148          0          0         96   bigflt0.o
      1936        128          0          0          0        668   btod.o
        18          0          0          0          0         80   exit.o
         6          0          0          0          0        152   heapauxi.o
         0          0          0          0          0          0   indicate_semi.o
        44         10        272          0          0         76   lc_ctype_c.o
        44         10         28          0          0         76   lc_numeric_c.o
         2          0          0          0          0          0   libinit.o
        34          0          0          0          0          0   libinit2.o
         2          0          0          0          0          0   libshutdown.o
         2          0          0          0          0          0   libshutdown2.o
         8          4          0          0         96         68   libspace.o
       138          0          0          0          0         80   lludiv10.o
        16          4          0          0          0         76   rt_ctype_table.o
         8          4          0          0          0         68   rt_locale_intlibspace.o
         2          0          0          0          0          0   rtexit.o
        10          0          0          0          0          0   rtexit2.o
        64          6          0          0          0         84   snprintf.o
       124          0          0          0          0         88   strcmpv7em.o
        12          4          0          0          0         68   sys_exit.o
        74          0          0          0          0         80   sys_stackheap_outer.o
         2          0          0          0          0         68   use_no_semi.o
        26          0          0          0          0        116   fpinit.o
         4          0          0          0          0        116   printf1.o
         4          0          0          0          0        116   printf2.o
         0          0          0          0          0          0   usenofp.o
        48          0          0          0          0        124   fpclassify.o

    ----------------------------------------------------------------------
      6874        266        552          0         96       4324   Library Totals
        20          0          1          0          0          0   (incl. Padding)

    ----------------------------------------------------------------------

      Code (inc. data)   RO Data    RW Data    ZI Data      Debug   Library Name

      6772        266        551          0         96       3852   c_w.l
        34          0          0          0          0        348   fz_wm.l
        48          0          0          0          0        124   m_wm.l

    ----------------------------------------------------------------------
      6874        266        552          0         96       4324   Library Totals

    ----------------------------------------------------------------------

==============================================================================


      Code (inc. data)   RO Data    RW Data    ZI Data      Debug   

     14876        316       3640         32       2576      44451   Grand Totals
     14876        316       3640         32       2576      44451   ELF Image Totals
     14876        316       3640         32          0          0   ROM Totals

==============================================================================

    Total RO  Size (Code + RO Data)                18516 (  18.08kB)
    Total RW  Size (RW Data + ZI Data)              2608 (   2.55kB)
    Total ROM Size (Code + RO Data + RW Data)      18548 (  18.11kB)

==============================================================================

