Component: Arm Compiler for Embedded 6.23 Tool: armlink [5f102400]

==============================================================================

Section Cross References

    adc.o(.ARM.exidx.text.ADC0_Init) refers to adc.o(.text.ADC0_Init) for [Anonymous Symbol]
    adc.o(.ARM.exidx.text.ADC0_In) refers to adc.o(.text.ADC0_In) for [Anonymous Symbol]
    main.o(.text.main) refers to startup.o(.text) for EnableInterrupts
    main.o(.text.main) refers to pll.o(.text.PLL_Init) for PLL_Init
    main.o(.text.main) refers to nokia5110.o(.text.Nokia5110_Init) for Nokia5110_Init
    main.o(.text.main) refers to sound.o(.text.Sound_Init) for Sound_Init
    main.o(.text.main) refers to led.o(.text.LED_Init) for LED_Init
    main.o(.text.main) refers to buttons.o(.text.Buttons_Init) for Buttons_Init
    main.o(.text.main) refers to adc.o(.text.ADC0_Init) for ADC0_Init
    main.o(.text.main) refers to random.o(.text) for Random_Init
    main.o(.text.main) refers to main.o(.rodata.PlayerShip0) for PlayerShip0
    main.o(.text.main) refers to nokia5110.o(.text.Nokia5110_PrintBMP) for Nokia5110_PrintBMP
    main.o(.text.main) refers to nokia5110.o(.text.Nokia5110_DisplayBuffer) for Nokia5110_DisplayBuffer
    main.o(.text.main) refers to nokia5110.o(.text.Nokia5110_ClearBuffer) for Nokia5110_ClearBuffer
    main.o(.ARM.exidx.text.main) refers to main.o(.text.main) for [Anonymous Symbol]
    main.o(.ARM.exidx.text.Convert) refers to main.o(.text.Convert) for [Anonymous Symbol]
    main.o(.ARM.exidx.text.SysTick_Init) refers to main.o(.text.SysTick_Init) for [Anonymous Symbol]
    main.o(.text.SysTick_Handler) refers to adc.o(.text.ADC0_In) for ADC0_In
    main.o(.text.SysTick_Handler) refers to main.o(.bss.ADCdata) for ADCdata
    main.o(.text.SysTick_Handler) refers to main.o(.text.Convert) for Convert
    main.o(.text.SysTick_Handler) refers to main.o(.bss.Xpos) for Xpos
    main.o(.text.SysTick_Handler) refers to main.o(.bss.Flag) for Flag
    main.o(.ARM.exidx.text.SysTick_Handler) refers to main.o(.text.SysTick_Handler) for [Anonymous Symbol]
    nokia5110.o(.text.Nokia5110_Init) refers to nokia5110.o(.text.lcdwrite) for lcdwrite
    nokia5110.o(.ARM.exidx.text.Nokia5110_Init) refers to nokia5110.o(.text.Nokia5110_Init) for [Anonymous Symbol]
    nokia5110.o(.ARM.exidx.text.lcdwrite) refers to nokia5110.o(.text.lcdwrite) for [Anonymous Symbol]
    nokia5110.o(.text.Nokia5110_OutChar) refers to nokia5110.o(.text.lcdwrite) for lcdwrite
    nokia5110.o(.text.Nokia5110_OutChar) refers to nokia5110.o(.rodata.ASCII) for ASCII
    nokia5110.o(.ARM.exidx.text.Nokia5110_OutChar) refers to nokia5110.o(.text.Nokia5110_OutChar) for [Anonymous Symbol]
    nokia5110.o(.text.Nokia5110_OutString) refers to nokia5110.o(.text.Nokia5110_OutChar) for Nokia5110_OutChar
    nokia5110.o(.ARM.exidx.text.Nokia5110_OutString) refers to nokia5110.o(.text.Nokia5110_OutString) for [Anonymous Symbol]
    nokia5110.o(.text.Nokia5110_OutUDec) refers to nokia5110.o(.rodata.str1.1) for .L.str
    nokia5110.o(.text.Nokia5110_OutUDec) refers to nokia5110.o(.text.Nokia5110_OutString) for Nokia5110_OutString
    nokia5110.o(.text.Nokia5110_OutUDec) refers to nokia5110.o(.text.Nokia5110_OutChar) for Nokia5110_OutChar
    nokia5110.o(.ARM.exidx.text.Nokia5110_OutUDec) refers to nokia5110.o(.text.Nokia5110_OutUDec) for [Anonymous Symbol]
    nokia5110.o(.text.Nokia5110_SetCursor) refers to nokia5110.o(.text.lcdwrite) for lcdwrite
    nokia5110.o(.ARM.exidx.text.Nokia5110_SetCursor) refers to nokia5110.o(.text.Nokia5110_SetCursor) for [Anonymous Symbol]
    nokia5110.o(.text.Nokia5110_Clear) refers to nokia5110.o(.text.lcdwrite) for lcdwrite
    nokia5110.o(.text.Nokia5110_Clear) refers to nokia5110.o(.text.Nokia5110_SetCursor) for Nokia5110_SetCursor
    nokia5110.o(.ARM.exidx.text.Nokia5110_Clear) refers to nokia5110.o(.text.Nokia5110_Clear) for [Anonymous Symbol]
    nokia5110.o(.text.Nokia5110_DrawFullImage) refers to nokia5110.o(.text.Nokia5110_SetCursor) for Nokia5110_SetCursor
    nokia5110.o(.text.Nokia5110_DrawFullImage) refers to nokia5110.o(.text.lcdwrite) for lcdwrite
    nokia5110.o(.ARM.exidx.text.Nokia5110_DrawFullImage) refers to nokia5110.o(.text.Nokia5110_DrawFullImage) for [Anonymous Symbol]
    nokia5110.o(.text.Nokia5110_PrintBMP) refers to nokia5110.o(.bss.Screen) for Screen
    nokia5110.o(.ARM.exidx.text.Nokia5110_PrintBMP) refers to nokia5110.o(.text.Nokia5110_PrintBMP) for [Anonymous Symbol]
    nokia5110.o(.text.Nokia5110_ClearBuffer) refers to nokia5110.o(.bss.Screen) for Screen
    nokia5110.o(.ARM.exidx.text.Nokia5110_ClearBuffer) refers to nokia5110.o(.text.Nokia5110_ClearBuffer) for [Anonymous Symbol]
    nokia5110.o(.text.Nokia5110_SetPixel) refers to nokia5110.o(.bss.Screen) for Screen
    nokia5110.o(.ARM.exidx.text.Nokia5110_SetPixel) refers to nokia5110.o(.text.Nokia5110_SetPixel) for [Anonymous Symbol]
    nokia5110.o(.text.Nokia5110_ClearPixel) refers to nokia5110.o(.bss.Screen) for Screen
    nokia5110.o(.ARM.exidx.text.Nokia5110_ClearPixel) refers to nokia5110.o(.text.Nokia5110_ClearPixel) for [Anonymous Symbol]
    nokia5110.o(.text.Nokia5110_DisplayBuffer) refers to nokia5110.o(.bss.Screen) for Screen
    nokia5110.o(.text.Nokia5110_DisplayBuffer) refers to nokia5110.o(.text.Nokia5110_DrawFullImage) for Nokia5110_DrawFullImage
    nokia5110.o(.ARM.exidx.text.Nokia5110_DisplayBuffer) refers to nokia5110.o(.text.Nokia5110_DisplayBuffer) for [Anonymous Symbol]
    pll.o(.ARM.exidx.text.PLL_Init) refers to pll.o(.text.PLL_Init) for [Anonymous Symbol]
    random.o(.text) refers to random.o(DATA) for M
    sound.o(.text.Play) refers to sound.o(.bss.Count) for Count
    sound.o(.text.Play) refers to sound.o(.bss.Wave) for Wave
    sound.o(.text.Play) refers to sound.o(.bss.Index) for Index
    sound.o(.text.Play) refers to dac.o(.text.DAC_Out) for DAC_Out
    sound.o(.ARM.exidx.text.Play) refers to sound.o(.text.Play) for [Anonymous Symbol]
    sound.o(.text.Sound_Init) refers to dac.o(.text.DAC_Init) for DAC_Init
    sound.o(.text.Sound_Init) refers to sound.o(.text.Play) for Play
    sound.o(.text.Sound_Init) refers to timer0.o(.text.Timer0_Init) for Timer0_Init
    sound.o(.text.Sound_Init) refers to sound.o(.bss.Index) for Index
    sound.o(.text.Sound_Init) refers to sound.o(.bss.Count) for Count
    sound.o(.ARM.exidx.text.Sound_Init) refers to sound.o(.text.Sound_Init) for [Anonymous Symbol]
    sound.o(.text.Sound_Play) refers to sound.o(.bss.Wave) for Wave
    sound.o(.text.Sound_Play) refers to sound.o(.bss.Index) for Index
    sound.o(.text.Sound_Play) refers to sound.o(.bss.Count) for Count
    sound.o(.ARM.exidx.text.Sound_Play) refers to sound.o(.text.Sound_Play) for [Anonymous Symbol]
    sound.o(.text.Sound_Shoot) refers to sound.o(.rodata.shoot) for shoot
    sound.o(.text.Sound_Shoot) refers to sound.o(.text.Sound_Play) for Sound_Play
    sound.o(.ARM.exidx.text.Sound_Shoot) refers to sound.o(.text.Sound_Shoot) for [Anonymous Symbol]
    sound.o(.text.Sound_Killed) refers to sound.o(.rodata.invaderkilled) for invaderkilled
    sound.o(.text.Sound_Killed) refers to sound.o(.text.Sound_Play) for Sound_Play
    sound.o(.ARM.exidx.text.Sound_Killed) refers to sound.o(.text.Sound_Killed) for [Anonymous Symbol]
    sound.o(.text.Sound_Explosion) refers to sound.o(.rodata.explosion) for explosion
    sound.o(.text.Sound_Explosion) refers to sound.o(.text.Sound_Play) for Sound_Play
    sound.o(.ARM.exidx.text.Sound_Explosion) refers to sound.o(.text.Sound_Explosion) for [Anonymous Symbol]
    sound.o(.text.Sound_Fastinvader1) refers to sound.o(.rodata.fastinvader1) for fastinvader1
    sound.o(.text.Sound_Fastinvader1) refers to sound.o(.text.Sound_Play) for Sound_Play
    sound.o(.ARM.exidx.text.Sound_Fastinvader1) refers to sound.o(.text.Sound_Fastinvader1) for [Anonymous Symbol]
    sound.o(.text.Sound_Fastinvader2) refers to sound.o(.rodata.fastinvader2) for fastinvader2
    sound.o(.text.Sound_Fastinvader2) refers to sound.o(.text.Sound_Play) for Sound_Play
    sound.o(.ARM.exidx.text.Sound_Fastinvader2) refers to sound.o(.text.Sound_Fastinvader2) for [Anonymous Symbol]
    sound.o(.text.Sound_Fastinvader3) refers to sound.o(.rodata.fastinvader3) for fastinvader3
    sound.o(.text.Sound_Fastinvader3) refers to sound.o(.text.Sound_Play) for Sound_Play
    sound.o(.ARM.exidx.text.Sound_Fastinvader3) refers to sound.o(.text.Sound_Fastinvader3) for [Anonymous Symbol]
    sound.o(.text.Sound_Fastinvader4) refers to sound.o(.rodata.fastinvader4) for fastinvader4
    sound.o(.text.Sound_Fastinvader4) refers to sound.o(.text.Sound_Play) for Sound_Play
    sound.o(.ARM.exidx.text.Sound_Fastinvader4) refers to sound.o(.text.Sound_Fastinvader4) for [Anonymous Symbol]
    sound.o(.text.Sound_Highpitch) refers to sound.o(.rodata.highpitch) for highpitch
    sound.o(.text.Sound_Highpitch) refers to sound.o(.text.Sound_Play) for Sound_Play
    sound.o(.ARM.exidx.text.Sound_Highpitch) refers to sound.o(.text.Sound_Highpitch) for [Anonymous Symbol]
    buttons.o(.ARM.exidx.text.Buttons_Init) refers to buttons.o(.text.Buttons_Init) for [Anonymous Symbol]
    buttons.o(.ARM.exidx.text.Button_Read) refers to buttons.o(.text.Button_Read) for [Anonymous Symbol]
    dac.o(.ARM.exidx.text.DAC_Init) refers to dac.o(.text.DAC_Init) for [Anonymous Symbol]
    dac.o(.ARM.exidx.text.DAC_Out) refers to dac.o(.text.DAC_Out) for [Anonymous Symbol]
    led.o(.ARM.exidx.text.LED_Init) refers to led.o(.text.LED_Init) for [Anonymous Symbol]
    led.o(.ARM.exidx.text.LED_On) refers to led.o(.text.LED_On) for [Anonymous Symbol]
    led.o(.ARM.exidx.text.LED_Off) refers to led.o(.text.LED_Off) for [Anonymous Symbol]
    timer0.o(.text.Timer0_Init) refers to timer0.o(.bss.PeriodicTask) for PeriodicTask
    timer0.o(.ARM.exidx.text.Timer0_Init) refers to timer0.o(.text.Timer0_Init) for [Anonymous Symbol]
    timer0.o(.text.Timer0A_Handler) refers to timer0.o(.bss.PeriodicTask) for PeriodicTask
    timer0.o(.ARM.exidx.text.Timer0A_Handler) refers to timer0.o(.text.Timer0A_Handler) for [Anonymous Symbol]
    startup_tm4c123.o(STACK) refers (Special) to heapauxi.o(.text) for __use_two_region_memory
    startup_tm4c123.o(HEAP) refers (Special) to heapauxi.o(.text) for __use_two_region_memory
    startup_tm4c123.o(RESET) refers (Special) to heapauxi.o(.text) for __use_two_region_memory
    startup_tm4c123.o(RESET) refers to startup_tm4c123.o(STACK) for __initial_sp
    startup_tm4c123.o(RESET) refers to startup_tm4c123.o(.text) for Reset_Handler
    startup_tm4c123.o(RESET) refers to main.o(.text.SysTick_Handler) for SysTick_Handler
    startup_tm4c123.o(.text) refers (Special) to heapauxi.o(.text) for __use_two_region_memory
    startup_tm4c123.o(.text) refers to system_tm4c123.o(.text.SystemInit) for SystemInit
    startup_tm4c123.o(.text) refers to __main.o(!!!main) for __main
    startup_tm4c123.o(.text) refers to startup_tm4c123.o(HEAP) for Heap_Mem
    startup_tm4c123.o(.text) refers to startup_tm4c123.o(STACK) for Stack_Mem
    system_tm4c123.o(.text.SystemCoreClockUpdate) refers to system_tm4c123.o(.text.getOscClk) for getOscClk
    system_tm4c123.o(.text.SystemCoreClockUpdate) refers to system_tm4c123.o(.data.SystemCoreClock) for SystemCoreClock
    system_tm4c123.o(.ARM.exidx.text.SystemCoreClockUpdate) refers to system_tm4c123.o(.text.SystemCoreClockUpdate) for [Anonymous Symbol]
    system_tm4c123.o(.ARM.exidx.text.getOscClk) refers to system_tm4c123.o(.text.getOscClk) for [Anonymous Symbol]
    system_tm4c123.o(.ARM.exidx.text.SystemInit) refers to system_tm4c123.o(.text.SystemInit) for [Anonymous Symbol]
    __main.o(!!!main) refers to __rtentry.o(.ARM.Collect$$rtentry$$00000000) for __rt_entry
    __rtentry.o(.ARM.Collect$$rtentry$$00000000) refers (Special) to __rtentry2.o(.ARM.Collect$$rtentry$$0000000A) for __rt_entry_li
    __rtentry.o(.ARM.Collect$$rtentry$$00000000) refers (Special) to __rtentry2.o(.ARM.Collect$$rtentry$$0000000D) for __rt_entry_main
    __rtentry.o(.ARM.Collect$$rtentry$$00000000) refers (Special) to __rtentry2.o(.ARM.Collect$$rtentry$$0000000C) for __rt_entry_postli_1
    __rtentry.o(.ARM.Collect$$rtentry$$00000000) refers (Special) to __rtentry2.o(.ARM.Collect$$rtentry$$00000009) for __rt_entry_postsh_1
    __rtentry.o(.ARM.Collect$$rtentry$$00000000) refers (Special) to __rtentry2.o(.ARM.Collect$$rtentry$$00000002) for __rt_entry_presh_1
    __rtentry.o(.ARM.Collect$$rtentry$$00000000) refers (Special) to __rtentry4.o(.ARM.Collect$$rtentry$$00000004) for __rt_entry_sh
    __rtentry2.o(.ARM.Collect$$rtentry$$00000008) refers to boardinit2.o(.text) for _platform_post_stackheap_init
    __rtentry2.o(.ARM.Collect$$rtentry$$0000000A) refers to libinit.o(.ARM.Collect$$libinit$$00000000) for __rt_lib_init
    __rtentry2.o(.ARM.Collect$$rtentry$$0000000B) refers to boardinit3.o(.text) for _platform_post_lib_init
    __rtentry2.o(.ARM.Collect$$rtentry$$0000000D) refers to main.o(.text.main) for main
    __rtentry2.o(.ARM.Collect$$rtentry$$0000000D) refers to exit.o(.text) for exit
    __rtentry2.o(.ARM.exidx) refers to __rtentry2.o(.ARM.Collect$$rtentry$$00000001) for .ARM.Collect$$rtentry$$00000001
    __rtentry2.o(.ARM.exidx) refers to __rtentry2.o(.ARM.Collect$$rtentry$$00000008) for .ARM.Collect$$rtentry$$00000008
    __rtentry2.o(.ARM.exidx) refers to __rtentry2.o(.ARM.Collect$$rtentry$$0000000A) for .ARM.Collect$$rtentry$$0000000A
    __rtentry2.o(.ARM.exidx) refers to __rtentry2.o(.ARM.Collect$$rtentry$$0000000B) for .ARM.Collect$$rtentry$$0000000B
    __rtentry2.o(.ARM.exidx) refers to __rtentry2.o(.ARM.Collect$$rtentry$$0000000D) for .ARM.Collect$$rtentry$$0000000D
    __rtentry4.o(.ARM.Collect$$rtentry$$00000004) refers to sys_stackheap_outer.o(.text) for __user_setup_stackheap
    __rtentry4.o(.ARM.exidx) refers to __rtentry4.o(.ARM.Collect$$rtentry$$00000004) for .ARM.Collect$$rtentry$$00000004
    sys_stackheap_outer.o(.text) refers to libspace.o(.text) for __user_perproc_libspace
    sys_stackheap_outer.o(.text) refers to startup_tm4c123.o(.text) for __user_initial_stackheap
    exit.o(.text) refers to rtexit.o(.ARM.Collect$$rtexit$$00000000) for __rt_exit
    libinit.o(.ARM.Collect$$libinit$$00000000) refers (Special) to libinit2.o(.ARM.Collect$$libinit$$00000030) for __rt_lib_init_alloca_1
    libinit.o(.ARM.Collect$$libinit$$00000000) refers (Special) to libinit2.o(.ARM.Collect$$libinit$$0000002E) for __rt_lib_init_argv_1
    libinit.o(.ARM.Collect$$libinit$$00000000) refers (Special) to libinit2.o(.ARM.Collect$$libinit$$0000001D) for __rt_lib_init_atexit_1
    libinit.o(.ARM.Collect$$libinit$$00000000) refers (Special) to libinit2.o(.ARM.Collect$$libinit$$00000023) for __rt_lib_init_clock_1
    libinit.o(.ARM.Collect$$libinit$$00000000) refers (Special) to libinit2.o(.ARM.Collect$$libinit$$00000034) for __rt_lib_init_cpp_1
    libinit.o(.ARM.Collect$$libinit$$00000000) refers (Special) to libinit2.o(.ARM.Collect$$libinit$$00000032) for __rt_lib_init_exceptions_1
    libinit.o(.ARM.Collect$$libinit$$00000000) refers (Special) to libinit2.o(.ARM.Collect$$libinit$$00000001) for __rt_lib_init_fp_1
    libinit.o(.ARM.Collect$$libinit$$00000000) refers (Special) to libinit2.o(.ARM.Collect$$libinit$$00000021) for __rt_lib_init_fp_trap_1
    libinit.o(.ARM.Collect$$libinit$$00000000) refers (Special) to libinit2.o(.ARM.Collect$$libinit$$00000025) for __rt_lib_init_getenv_1
    libinit.o(.ARM.Collect$$libinit$$00000000) refers (Special) to libinit2.o(.ARM.Collect$$libinit$$0000000C) for __rt_lib_init_heap_1
    libinit.o(.ARM.Collect$$libinit$$00000000) refers (Special) to libinit2.o(.ARM.Collect$$libinit$$00000013) for __rt_lib_init_lc_collate_1
    libinit.o(.ARM.Collect$$libinit$$00000000) refers (Special) to libinit2.o(.ARM.Collect$$libinit$$00000015) for __rt_lib_init_lc_ctype_1
    libinit.o(.ARM.Collect$$libinit$$00000000) refers (Special) to libinit2.o(.ARM.Collect$$libinit$$00000017) for __rt_lib_init_lc_monetary_1
    libinit.o(.ARM.Collect$$libinit$$00000000) refers (Special) to libinit2.o(.ARM.Collect$$libinit$$00000019) for __rt_lib_init_lc_numeric_1
    libinit.o(.ARM.Collect$$libinit$$00000000) refers (Special) to libinit2.o(.ARM.Collect$$libinit$$0000001B) for __rt_lib_init_lc_time_1
    libinit.o(.ARM.Collect$$libinit$$00000000) refers (Special) to libinit2.o(.ARM.Collect$$libinit$$00000006) for __rt_lib_init_preinit_1
    libinit.o(.ARM.Collect$$libinit$$00000000) refers (Special) to libinit2.o(.ARM.Collect$$libinit$$00000010) for __rt_lib_init_rand_1
    libinit.o(.ARM.Collect$$libinit$$00000000) refers (Special) to libinit2.o(.ARM.Collect$$libinit$$00000004) for __rt_lib_init_relocate_pie_1
    libinit.o(.ARM.Collect$$libinit$$00000000) refers (Special) to libinit2.o(.ARM.Collect$$libinit$$00000035) for __rt_lib_init_return
    libinit.o(.ARM.Collect$$libinit$$00000000) refers (Special) to libinit2.o(.ARM.Collect$$libinit$$0000001F) for __rt_lib_init_signal_1
    libinit.o(.ARM.Collect$$libinit$$00000000) refers (Special) to libinit2.o(.ARM.Collect$$libinit$$00000027) for __rt_lib_init_stdio_1
    libinit.o(.ARM.Collect$$libinit$$00000000) refers (Special) to libinit2.o(.ARM.Collect$$libinit$$0000000E) for __rt_lib_init_user_alloc_1
    libspace.o(.text) refers to libspace.o(.bss) for __libspace_start
    rtexit.o(.ARM.Collect$$rtexit$$00000000) refers (Special) to rtexit2.o(.ARM.Collect$$rtexit$$00000004) for __rt_exit_exit
    rtexit.o(.ARM.Collect$$rtexit$$00000000) refers (Special) to rtexit2.o(.ARM.Collect$$rtexit$$00000003) for __rt_exit_ls
    rtexit.o(.ARM.Collect$$rtexit$$00000000) refers (Special) to rtexit2.o(.ARM.Collect$$rtexit$$00000002) for __rt_exit_prels_1
    rtexit.o(.ARM.exidx) refers (Special) to rtexit2.o(.ARM.Collect$$rtexit$$00000004) for __rt_exit_exit
    rtexit.o(.ARM.exidx) refers (Special) to rtexit2.o(.ARM.Collect$$rtexit$$00000003) for __rt_exit_ls
    rtexit.o(.ARM.exidx) refers (Special) to rtexit2.o(.ARM.Collect$$rtexit$$00000002) for __rt_exit_prels_1
    rtexit.o(.ARM.exidx) refers to rtexit.o(.ARM.Collect$$rtexit$$00000000) for .ARM.Collect$$rtexit$$00000000
    libinit2.o(.ARM.Collect$$libinit$$00000001) refers to fpinit.o(x$fpl$fpinit) for _fp_init
    libinit2.o(.ARM.Collect$$libinit$$00000012) refers to libinit2.o(.ARM.Collect$$libinit$$00000011) for .ARM.Collect$$libinit$$00000011
    libinit2.o(.ARM.Collect$$libinit$$00000014) refers to libinit2.o(.ARM.Collect$$libinit$$00000011) for .ARM.Collect$$libinit$$00000011
    libinit2.o(.ARM.Collect$$libinit$$00000016) refers to libinit2.o(.ARM.Collect$$libinit$$00000011) for .ARM.Collect$$libinit$$00000011
    libinit2.o(.ARM.Collect$$libinit$$00000018) refers to libinit2.o(.ARM.Collect$$libinit$$00000011) for .ARM.Collect$$libinit$$00000011
    libinit2.o(.ARM.Collect$$libinit$$0000001A) refers to libinit2.o(.ARM.Collect$$libinit$$00000011) for .ARM.Collect$$libinit$$00000011
    libinit2.o(.ARM.Collect$$libinit$$00000028) refers to argv_veneer.o(.emb_text) for __ARM_argv_veneer
    libinit2.o(.ARM.Collect$$libinit$$00000029) refers to argv_veneer.o(.emb_text) for __ARM_argv_veneer
    rtexit2.o(.ARM.Collect$$rtexit$$00000003) refers to libshutdown.o(.ARM.Collect$$libshutdown$$00000000) for __rt_lib_shutdown
    rtexit2.o(.ARM.Collect$$rtexit$$00000004) refers to sys_exit.o(.text) for _sys_exit
    rtexit2.o(.ARM.exidx) refers to rtexit2.o(.ARM.Collect$$rtexit$$00000001) for .ARM.Collect$$rtexit$$00000001
    rtexit2.o(.ARM.exidx) refers to rtexit2.o(.ARM.Collect$$rtexit$$00000003) for .ARM.Collect$$rtexit$$00000003
    rtexit2.o(.ARM.exidx) refers to rtexit2.o(.ARM.Collect$$rtexit$$00000004) for .ARM.Collect$$rtexit$$00000004
    argv_veneer.o(.emb_text) refers to no_argv.o(.text) for __ARM_get_argv
    sys_exit.o(.text) refers (Special) to use_no_semi.o(.text) for __I$use$semihosting
    sys_exit.o(.text) refers (Special) to indicate_semi.o(.text) for __semihosting_library_function
    sys_exit_hlt.o(.text) refers (Special) to use_no_semi.o(.text) for __I$use$semihosting
    sys_exit_hlt.o(.text) refers (Special) to indicate_semi.o(.text) for __semihosting_library_function
    _get_argv_nomalloc.o(.text) refers (Special) to hrguard.o(.text) for __heap_region$guard
    _get_argv_nomalloc.o(.text) refers to defsig_rtmem_outer.o(.text) for __rt_SIGRTMEM
    _get_argv_nomalloc.o(.text) refers to sys_command.o(.text) for _sys_command_string
    libshutdown.o(.ARM.Collect$$libshutdown$$00000000) refers (Special) to libshutdown2.o(.ARM.Collect$$libshutdown$$00000002) for __rt_lib_shutdown_cpp_1
    libshutdown.o(.ARM.Collect$$libshutdown$$00000000) refers (Special) to libshutdown2.o(.ARM.Collect$$libshutdown$$00000007) for __rt_lib_shutdown_fp_trap_1
    libshutdown.o(.ARM.Collect$$libshutdown$$00000000) refers (Special) to libshutdown2.o(.ARM.Collect$$libshutdown$$0000000F) for __rt_lib_shutdown_heap_1
    libshutdown.o(.ARM.Collect$$libshutdown$$00000000) refers (Special) to libshutdown2.o(.ARM.Collect$$libshutdown$$00000010) for __rt_lib_shutdown_return
    libshutdown.o(.ARM.Collect$$libshutdown$$00000000) refers (Special) to libshutdown2.o(.ARM.Collect$$libshutdown$$0000000A) for __rt_lib_shutdown_signal_1
    libshutdown.o(.ARM.Collect$$libshutdown$$00000000) refers (Special) to libshutdown2.o(.ARM.Collect$$libshutdown$$00000004) for __rt_lib_shutdown_stdio_1
    libshutdown.o(.ARM.Collect$$libshutdown$$00000000) refers (Special) to libshutdown2.o(.ARM.Collect$$libshutdown$$0000000C) for __rt_lib_shutdown_user_alloc_1
    sys_command.o(.text) refers (Special) to use_no_semi.o(.text) for __I$use$semihosting
    sys_command.o(.text) refers (Special) to indicate_semi.o(.text) for __semihosting_library_function
    sys_command_hlt.o(.text) refers (Special) to use_no_semi.o(.text) for __I$use$semihosting
    sys_command_hlt.o(.text) refers (Special) to indicate_semi.o(.text) for __semihosting_library_function
    defsig_rtmem_outer.o(.text) refers to defsig_rtmem_inner.o(.text) for __rt_SIGRTMEM_inner
    defsig_rtmem_outer.o(.text) refers to defsig_exit.o(.text) for __sig_exit
    defsig_rtmem_formal.o(.text) refers to rt_raise.o(.text) for __rt_raise
    rt_raise.o(.text) refers to __raise.o(.text) for __raise
    rt_raise.o(.text) refers to sys_exit.o(.text) for _sys_exit
    defsig_exit.o(.text) refers to sys_exit.o(.text) for _sys_exit
    defsig_rtmem_inner.o(.text) refers to defsig_general.o(.text) for __default_signal_display
    __raise.o(.text) refers to defsig.o(CL$$defsig) for __default_signal_handler
    defsig_general.o(.text) refers to sys_wrch.o(.text) for _ttywrch
    sys_wrch.o(.text) refers (Special) to use_no_semi.o(.text) for __I$use$semihosting
    sys_wrch.o(.text) refers (Special) to indicate_semi.o(.text) for __semihosting_library_function
    sys_wrch_hlt.o(.text) refers (Special) to use_no_semi.o(.text) for __I$use$semihosting
    sys_wrch_hlt.o(.text) refers (Special) to indicate_semi.o(.text) for __semihosting_library_function
    defsig.o(CL$$defsig) refers to defsig_rtmem_inner.o(.text) for __rt_SIGRTMEM_inner
    defsig_abrt_inner.o(.text) refers to defsig_general.o(.text) for __default_signal_display
    defsig_fpe_inner.o(.text) refers to defsig_general.o(.text) for __default_signal_display
    defsig_rtred_inner.o(.text) refers to defsig_general.o(.text) for __default_signal_display
    defsig_stak_inner.o(.text) refers to defsig_general.o(.text) for __default_signal_display
    defsig_pvfn_inner.o(.text) refers to defsig_general.o(.text) for __default_signal_display
    defsig_cppl_inner.o(.text) refers to defsig_general.o(.text) for __default_signal_display
    defsig_segv_inner.o(.text) refers to defsig_general.o(.text) for __default_signal_display
    defsig_other.o(.text) refers to defsig_general.o(.text) for __default_signal_display


==============================================================================

Removing Unused input sections from the image.

    Removing adc.o(.text), (0 bytes).
    Removing adc.o(.ARM.exidx.text.ADC0_Init), (8 bytes).
    Removing adc.o(.ARM.exidx.text.ADC0_In), (8 bytes).
    Removing main.o(.text), (0 bytes).
    Removing main.o(.ARM.exidx.text.main), (8 bytes).
    Removing main.o(.ARM.exidx.text.Convert), (8 bytes).
    Removing main.o(.text.SysTick_Init), (68 bytes).
    Removing main.o(.ARM.exidx.text.SysTick_Init), (8 bytes).
    Removing main.o(.ARM.exidx.text.SysTick_Handler), (8 bytes).
    Removing main.o(.rodata.LED1), (4 bytes).
    Removing main.o(.rodata.LED2), (4 bytes).
    Removing main.o(.rodata.Button1), (4 bytes).
    Removing main.o(.rodata.Button2), (4 bytes).
    Removing main.o(.rodata.SmallEnemy30PointA), (199 bytes).
    Removing main.o(.rodata.SmallEnemy30PointB), (199 bytes).
    Removing main.o(.rodata.SmallEnemy20PointA), (199 bytes).
    Removing main.o(.rodata.SmallEnemy20PointB), (199 bytes).
    Removing main.o(.rodata.SmallEnemy10PointA), (199 bytes).
    Removing main.o(.rodata.SmallEnemy10PointB), (199 bytes).
    Removing main.o(.rodata.PlayerShip1), (215 bytes).
    Removing main.o(.rodata.SmallEnemyBonus0), (203 bytes).
    Removing main.o(.rodata.Bunker0), (179 bytes).
    Removing main.o(.rodata.Bunker1), (179 bytes).
    Removing main.o(.rodata.Bunker2), (179 bytes).
    Removing main.o(.rodata.Bunker3), (179 bytes).
    Removing main.o(.rodata.BigExplosion0), (215 bytes).
    Removing main.o(.rodata.BigExplosion1), (215 bytes).
    Removing main.o(.rodata.SmallExplosion0), (199 bytes).
    Removing main.o(.rodata.SmallExplosion1), (199 bytes).
    Removing main.o(.rodata.Missile0), (155 bytes).
    Removing main.o(.rodata.Missile1), (155 bytes).
    Removing main.o(.rodata.Missile2), (155 bytes).
    Removing main.o(.rodata.Laser0), (155 bytes).
    Removing main.o(.rodata.Laser1), (155 bytes).
    Removing main.o(.bss.missiles), (240 bytes).
    Removing main.o(.bss.enemies), (480 bytes).
    Removing main.o(.ARM.use_no_argv), (4 bytes).
    Removing nokia5110.o(.text), (0 bytes).
    Removing nokia5110.o(.ARM.exidx.text.Nokia5110_Init), (8 bytes).
    Removing nokia5110.o(.ARM.exidx.text.lcdwrite), (8 bytes).
    Removing nokia5110.o(.text.Nokia5110_OutChar), (86 bytes).
    Removing nokia5110.o(.ARM.exidx.text.Nokia5110_OutChar), (8 bytes).
    Removing nokia5110.o(.text.Nokia5110_OutString), (36 bytes).
    Removing nokia5110.o(.ARM.exidx.text.Nokia5110_OutString), (8 bytes).
    Removing nokia5110.o(.text.Nokia5110_OutUDec), (612 bytes).
    Removing nokia5110.o(.ARM.exidx.text.Nokia5110_OutUDec), (8 bytes).
    Removing nokia5110.o(.ARM.exidx.text.Nokia5110_SetCursor), (8 bytes).
    Removing nokia5110.o(.text.Nokia5110_Clear), (50 bytes).
    Removing nokia5110.o(.ARM.exidx.text.Nokia5110_Clear), (8 bytes).
    Removing nokia5110.o(.ARM.exidx.text.Nokia5110_DrawFullImage), (8 bytes).
    Removing nokia5110.o(.ARM.exidx.text.Nokia5110_PrintBMP), (8 bytes).
    Removing nokia5110.o(.ARM.exidx.text.Nokia5110_ClearBuffer), (8 bytes).
    Removing nokia5110.o(.text.Nokia5110_SetPixel), (96 bytes).
    Removing nokia5110.o(.ARM.exidx.text.Nokia5110_SetPixel), (8 bytes).
    Removing nokia5110.o(.text.Nokia5110_ClearPixel), (96 bytes).
    Removing nokia5110.o(.ARM.exidx.text.Nokia5110_ClearPixel), (8 bytes).
    Removing nokia5110.o(.ARM.exidx.text.Nokia5110_DisplayBuffer), (8 bytes).
    Removing nokia5110.o(.rodata.ASCII), (480 bytes).
    Removing nokia5110.o(.rodata.str1.1), (12 bytes).
    Removing pll.o(.text), (0 bytes).
    Removing pll.o(.ARM.exidx.text.PLL_Init), (8 bytes).
    Removing sound.o(.text), (0 bytes).
    Removing sound.o(.ARM.exidx.text.Play), (8 bytes).
    Removing sound.o(.ARM.exidx.text.Sound_Init), (8 bytes).
    Removing sound.o(.text.Sound_Play), (70 bytes).
    Removing sound.o(.ARM.exidx.text.Sound_Play), (8 bytes).
    Removing sound.o(.text.Sound_Shoot), (20 bytes).
    Removing sound.o(.ARM.exidx.text.Sound_Shoot), (8 bytes).
    Removing sound.o(.text.Sound_Killed), (20 bytes).
    Removing sound.o(.ARM.exidx.text.Sound_Killed), (8 bytes).
    Removing sound.o(.text.Sound_Explosion), (20 bytes).
    Removing sound.o(.ARM.exidx.text.Sound_Explosion), (8 bytes).
    Removing sound.o(.text.Sound_Fastinvader1), (20 bytes).
    Removing sound.o(.ARM.exidx.text.Sound_Fastinvader1), (8 bytes).
    Removing sound.o(.text.Sound_Fastinvader2), (20 bytes).
    Removing sound.o(.ARM.exidx.text.Sound_Fastinvader2), (8 bytes).
    Removing sound.o(.text.Sound_Fastinvader3), (20 bytes).
    Removing sound.o(.ARM.exidx.text.Sound_Fastinvader3), (8 bytes).
    Removing sound.o(.text.Sound_Fastinvader4), (20 bytes).
    Removing sound.o(.ARM.exidx.text.Sound_Fastinvader4), (8 bytes).
    Removing sound.o(.text.Sound_Highpitch), (20 bytes).
    Removing sound.o(.ARM.exidx.text.Sound_Highpitch), (8 bytes).
    Removing sound.o(.rodata.shoot), (4080 bytes).
    Removing sound.o(.rodata.invaderkilled), (3377 bytes).
    Removing sound.o(.rodata.explosion), (2000 bytes).
    Removing sound.o(.rodata.fastinvader1), (982 bytes).
    Removing sound.o(.rodata.fastinvader2), (1042 bytes).
    Removing sound.o(.rodata.fastinvader3), (1054 bytes).
    Removing sound.o(.rodata.fastinvader4), (1098 bytes).
    Removing sound.o(.rodata.highpitch), (1802 bytes).
    Removing buttons.o(.text), (0 bytes).
    Removing buttons.o(.ARM.exidx.text.Buttons_Init), (8 bytes).
    Removing buttons.o(.text.Button_Read), (52 bytes).
    Removing buttons.o(.ARM.exidx.text.Button_Read), (8 bytes).
    Removing dac.o(.text), (0 bytes).
    Removing dac.o(.ARM.exidx.text.DAC_Init), (8 bytes).
    Removing dac.o(.ARM.exidx.text.DAC_Out), (8 bytes).
    Removing led.o(.text), (0 bytes).
    Removing led.o(.ARM.exidx.text.LED_Init), (8 bytes).
    Removing led.o(.text.LED_On), (48 bytes).
    Removing led.o(.ARM.exidx.text.LED_On), (8 bytes).
    Removing led.o(.text.LED_Off), (50 bytes).
    Removing led.o(.ARM.exidx.text.LED_Off), (8 bytes).
    Removing timer0.o(.text), (0 bytes).
    Removing timer0.o(.ARM.exidx.text.Timer0_Init), (8 bytes).
    Removing timer0.o(.text.Timer0A_Handler), (26 bytes).
    Removing timer0.o(.ARM.exidx.text.Timer0A_Handler), (8 bytes).
    Removing system_tm4c123.o(.text), (0 bytes).
    Removing system_tm4c123.o(.text.SystemCoreClockUpdate), (326 bytes).
    Removing system_tm4c123.o(.ARM.exidx.text.SystemCoreClockUpdate), (8 bytes).
    Removing system_tm4c123.o(.text.getOscClk), (360 bytes).
    Removing system_tm4c123.o(.ARM.exidx.text.getOscClk), (8 bytes).
    Removing system_tm4c123.o(.ARM.exidx.text.SystemInit), (8 bytes).
    Removing system_tm4c123.o(.data.SystemCoreClock), (4 bytes).

114 unused section(s) (total 23082 bytes) removed from the image.

==============================================================================

Image Symbol Table

    Local Symbols

    Symbol Name                              Value     Ov Type        Size  Object(Section)

    ../clib/angel/boardlib.s                 0x00000000   Number         0  boardinit1.o ABSOLUTE
    ../clib/angel/boardlib.s                 0x00000000   Number         0  boardinit2.o ABSOLUTE
    ../clib/angel/boardlib.s                 0x00000000   Number         0  boardinit3.o ABSOLUTE
    ../clib/angel/boardlib.s                 0x00000000   Number         0  boardshut.o ABSOLUTE
    ../clib/angel/handlers.s                 0x00000000   Number         0  __scatter_copy.o ABSOLUTE
    ../clib/angel/handlers.s                 0x00000000   Number         0  __scatter_zi.o ABSOLUTE
    ../clib/angel/kernel.s                   0x00000000   Number         0  __rtentry.o ABSOLUTE
    ../clib/angel/kernel.s                   0x00000000   Number         0  __rtentry2.o ABSOLUTE
    ../clib/angel/kernel.s                   0x00000000   Number         0  __rtentry4.o ABSOLUTE
    ../clib/angel/kernel.s                   0x00000000   Number         0  rtexit.o ABSOLUTE
    ../clib/angel/kernel.s                   0x00000000   Number         0  rtexit2.o ABSOLUTE
    ../clib/angel/rt.s                       0x00000000   Number         0  rt_raise.o ABSOLUTE
    ../clib/angel/scatter.s                  0x00000000   Number         0  __scatter.o ABSOLUTE
    ../clib/angel/startup.s                  0x00000000   Number         0  __main.o ABSOLUTE
    ../clib/angel/sys.s                      0x00000000   Number         0  sys_stackheap_outer.o ABSOLUTE
    ../clib/angel/sys.s                      0x00000000   Number         0  libspace.o ABSOLUTE
    ../clib/angel/sys.s                      0x00000000   Number         0  use_no_semi.o ABSOLUTE
    ../clib/angel/sys.s                      0x00000000   Number         0  indicate_semi.o ABSOLUTE
    ../clib/angel/sysapp.c                   0x00000000   Number         0  sys_exit.o ABSOLUTE
    ../clib/angel/sysapp.c                   0x00000000   Number         0  sys_exit_hlt.o ABSOLUTE
    ../clib/angel/sysapp.c                   0x00000000   Number         0  sys_command.o ABSOLUTE
    ../clib/angel/sysapp.c                   0x00000000   Number         0  sys_command_hlt.o ABSOLUTE
    ../clib/angel/sysapp.c                   0x00000000   Number         0  sys_wrch.o ABSOLUTE
    ../clib/angel/sysapp.c                   0x00000000   Number         0  sys_wrch_hlt.o ABSOLUTE
    ../clib/armsys.c                         0x00000000   Number         0  argv_veneer.o ABSOLUTE
    ../clib/armsys.c                         0x00000000   Number         0  argv_veneer.o ABSOLUTE
    ../clib/armsys.c                         0x00000000   Number         0  _get_argv_nomalloc.o ABSOLUTE
    ../clib/armsys.c                         0x00000000   Number         0  no_argv.o ABSOLUTE
    ../clib/heapalloc.c                      0x00000000   Number         0  hrguard.o ABSOLUTE
    ../clib/heapaux.c                        0x00000000   Number         0  heapauxi.o ABSOLUTE
    ../clib/libinit.s                        0x00000000   Number         0  libinit.o ABSOLUTE
    ../clib/libinit.s                        0x00000000   Number         0  libinit2.o ABSOLUTE
    ../clib/libinit.s                        0x00000000   Number         0  libshutdown.o ABSOLUTE
    ../clib/libinit.s                        0x00000000   Number         0  libshutdown2.o ABSOLUTE
    ../clib/signal.c                         0x00000000   Number         0  defsig_rtmem_outer.o ABSOLUTE
    ../clib/signal.c                         0x00000000   Number         0  defsig_rtmem_formal.o ABSOLUTE
    ../clib/signal.c                         0x00000000   Number         0  defsig_exit.o ABSOLUTE
    ../clib/signal.c                         0x00000000   Number         0  defsig_rtmem_inner.o ABSOLUTE
    ../clib/signal.c                         0x00000000   Number         0  __raise.o ABSOLUTE
    ../clib/signal.c                         0x00000000   Number         0  defsig_general.o ABSOLUTE
    ../clib/signal.c                         0x00000000   Number         0  defsig_abrt_inner.o ABSOLUTE
    ../clib/signal.c                         0x00000000   Number         0  defsig_fpe_inner.o ABSOLUTE
    ../clib/signal.c                         0x00000000   Number         0  defsig_rtred_inner.o ABSOLUTE
    ../clib/signal.c                         0x00000000   Number         0  defsig_stak_inner.o ABSOLUTE
    ../clib/signal.c                         0x00000000   Number         0  defsig_pvfn_inner.o ABSOLUTE
    ../clib/signal.c                         0x00000000   Number         0  defsig_cppl_inner.o ABSOLUTE
    ../clib/signal.c                         0x00000000   Number         0  defsig_segv_inner.o ABSOLUTE
    ../clib/signal.c                         0x00000000   Number         0  defsig_other.o ABSOLUTE
    ../clib/signal.s                         0x00000000   Number         0  defsig.o ABSOLUTE
    ../clib/stdlib.c                         0x00000000   Number         0  exit.o ABSOLUTE
    ../fplib/fpinit.s                        0x00000000   Number         0  fpinit.o ABSOLUTE
    ../random.s                              0x00000000   Number         0  random.o ABSOLUTE
    ADC.c                                    0x00000000   Number         0  adc.o ABSOLUTE
    Buttons.c                                0x00000000   Number         0  buttons.o ABSOLUTE
    DAC.c                                    0x00000000   Number         0  dac.o ABSOLUTE
    LED.c                                    0x00000000   Number         0  led.o ABSOLUTE
    Nokia5110.c                              0x00000000   Number         0  nokia5110.o ABSOLUTE
    PLL.c                                    0x00000000   Number         0  pll.o ABSOLUTE
    RTE/Device/TM4C123GH6PM/startup_TM4C123.s 0x00000000   Number         0  startup_tm4c123.o ABSOLUTE
    Sound.c                                  0x00000000   Number         0  sound.o ABSOLUTE
    Timer0.c                                 0x00000000   Number         0  timer0.o ABSOLUTE
    dc.s                                     0x00000000   Number         0  dc.o ABSOLUTE
    main.c                                   0x00000000   Number         0  main.o ABSOLUTE
    system_TM4C123.c                         0x00000000   Number         0  system_tm4c123.o ABSOLUTE
    RESET                                    0x00000000   Section      620  startup_tm4c123.o(RESET)
    !!!main                                  0x0000026c   Section        8  __main.o(!!!main)
    !!!scatter                               0x00000274   Section       92  __scatter.o(!!!scatter)
    !!handler_copy                           0x000002d0   Section       26  __scatter_copy.o(!!handler_copy)
    !!handler_null                           0x000002ec   Section        2  __scatter.o(!!handler_null)
    !!handler_zi                             0x000002f0   Section       28  __scatter_zi.o(!!handler_zi)
    .ARM.Collect$$libinit$$00000000          0x0000030c   Section        2  libinit.o(.ARM.Collect$$libinit$$00000000)
    .ARM.Collect$$libinit$$00000001          0x0000030e   Section        4  libinit2.o(.ARM.Collect$$libinit$$00000001)
    .ARM.Collect$$libinit$$00000004          0x00000312   Section        0  libinit2.o(.ARM.Collect$$libinit$$00000004)
    .ARM.Collect$$libinit$$00000006          0x00000312   Section        0  libinit2.o(.ARM.Collect$$libinit$$00000006)
    .ARM.Collect$$libinit$$0000000C          0x00000312   Section        0  libinit2.o(.ARM.Collect$$libinit$$0000000C)
    .ARM.Collect$$libinit$$0000000E          0x00000312   Section        0  libinit2.o(.ARM.Collect$$libinit$$0000000E)
    .ARM.Collect$$libinit$$00000010          0x00000312   Section        0  libinit2.o(.ARM.Collect$$libinit$$00000010)
    .ARM.Collect$$libinit$$00000013          0x00000312   Section        0  libinit2.o(.ARM.Collect$$libinit$$00000013)
    .ARM.Collect$$libinit$$00000015          0x00000312   Section        0  libinit2.o(.ARM.Collect$$libinit$$00000015)
    .ARM.Collect$$libinit$$00000017          0x00000312   Section        0  libinit2.o(.ARM.Collect$$libinit$$00000017)
    .ARM.Collect$$libinit$$00000019          0x00000312   Section        0  libinit2.o(.ARM.Collect$$libinit$$00000019)
    .ARM.Collect$$libinit$$0000001B          0x00000312   Section        0  libinit2.o(.ARM.Collect$$libinit$$0000001B)
    .ARM.Collect$$libinit$$0000001D          0x00000312   Section        0  libinit2.o(.ARM.Collect$$libinit$$0000001D)
    .ARM.Collect$$libinit$$0000001F          0x00000312   Section        0  libinit2.o(.ARM.Collect$$libinit$$0000001F)
    .ARM.Collect$$libinit$$00000021          0x00000312   Section        0  libinit2.o(.ARM.Collect$$libinit$$00000021)
    .ARM.Collect$$libinit$$00000023          0x00000312   Section        0  libinit2.o(.ARM.Collect$$libinit$$00000023)
    .ARM.Collect$$libinit$$00000025          0x00000312   Section        0  libinit2.o(.ARM.Collect$$libinit$$00000025)
    .ARM.Collect$$libinit$$00000027          0x00000312   Section        0  libinit2.o(.ARM.Collect$$libinit$$00000027)
    .ARM.Collect$$libinit$$0000002E          0x00000312   Section        0  libinit2.o(.ARM.Collect$$libinit$$0000002E)
    .ARM.Collect$$libinit$$00000030          0x00000312   Section        0  libinit2.o(.ARM.Collect$$libinit$$00000030)
    .ARM.Collect$$libinit$$00000032          0x00000312   Section        0  libinit2.o(.ARM.Collect$$libinit$$00000032)
    .ARM.Collect$$libinit$$00000034          0x00000312   Section        0  libinit2.o(.ARM.Collect$$libinit$$00000034)
    .ARM.Collect$$libinit$$00000035          0x00000312   Section        2  libinit2.o(.ARM.Collect$$libinit$$00000035)
    .ARM.Collect$$libshutdown$$00000000      0x00000314   Section        2  libshutdown.o(.ARM.Collect$$libshutdown$$00000000)
    .ARM.Collect$$libshutdown$$00000002      0x00000316   Section        0  libshutdown2.o(.ARM.Collect$$libshutdown$$00000002)
    .ARM.Collect$$libshutdown$$00000004      0x00000316   Section        0  libshutdown2.o(.ARM.Collect$$libshutdown$$00000004)
    .ARM.Collect$$libshutdown$$00000007      0x00000316   Section        0  libshutdown2.o(.ARM.Collect$$libshutdown$$00000007)
    .ARM.Collect$$libshutdown$$0000000A      0x00000316   Section        0  libshutdown2.o(.ARM.Collect$$libshutdown$$0000000A)
    .ARM.Collect$$libshutdown$$0000000C      0x00000316   Section        0  libshutdown2.o(.ARM.Collect$$libshutdown$$0000000C)
    .ARM.Collect$$libshutdown$$0000000F      0x00000316   Section        0  libshutdown2.o(.ARM.Collect$$libshutdown$$0000000F)
    .ARM.Collect$$libshutdown$$00000010      0x00000316   Section        2  libshutdown2.o(.ARM.Collect$$libshutdown$$00000010)
    .ARM.Collect$$rtentry$$00000000          0x00000318   Section        0  __rtentry.o(.ARM.Collect$$rtentry$$00000000)
    .ARM.Collect$$rtentry$$00000002          0x00000318   Section        0  __rtentry2.o(.ARM.Collect$$rtentry$$00000002)
    .ARM.Collect$$rtentry$$00000004          0x00000318   Section        6  __rtentry4.o(.ARM.Collect$$rtentry$$00000004)
    .ARM.Collect$$rtentry$$00000009          0x0000031e   Section        0  __rtentry2.o(.ARM.Collect$$rtentry$$00000009)
    .ARM.Collect$$rtentry$$0000000A          0x0000031e   Section        4  __rtentry2.o(.ARM.Collect$$rtentry$$0000000A)
    .ARM.Collect$$rtentry$$0000000C          0x00000322   Section        0  __rtentry2.o(.ARM.Collect$$rtentry$$0000000C)
    .ARM.Collect$$rtentry$$0000000D          0x00000322   Section        8  __rtentry2.o(.ARM.Collect$$rtentry$$0000000D)
    .ARM.Collect$$rtexit$$00000000           0x0000032a   Section        2  rtexit.o(.ARM.Collect$$rtexit$$00000000)
    .ARM.Collect$$rtexit$$00000002           0x0000032c   Section        0  rtexit2.o(.ARM.Collect$$rtexit$$00000002)
    .ARM.Collect$$rtexit$$00000003           0x0000032c   Section        4  rtexit2.o(.ARM.Collect$$rtexit$$00000003)
    .ARM.Collect$$rtexit$$00000004           0x00000330   Section        6  rtexit2.o(.ARM.Collect$$rtexit$$00000004)
    $v0                                      0x00000338   Number         0  random.o(.text)
    .text                                    0x00000338   Section       60  random.o(.text)
    [Anonymous Symbol]                       0x00000374   Section        0  startup.o(.text)
    $v0                                      0x00000390   Number         0  startup_tm4c123.o(.text)
    .text                                    0x00000390   Section      276  startup_tm4c123.o(.text)
    .text                                    0x000004a4   Section        0  heapauxi.o(.text)
    .text                                    0x000004aa   Section       74  sys_stackheap_outer.o(.text)
    .text                                    0x000004f4   Section        0  exit.o(.text)
    .text                                    0x00000508   Section        8  libspace.o(.text)
    .text                                    0x00000510   Section        0  sys_exit.o(.text)
    .text                                    0x0000051c   Section        2  use_no_semi.o(.text)
    .text                                    0x0000051e   Section        0  indicate_semi.o(.text)
    [Anonymous Symbol]                       0x00000520   Section        0  adc.o(.text.ADC0_In)
    [Anonymous Symbol]                       0x00000568   Section        0  adc.o(.text.ADC0_Init)
    [Anonymous Symbol]                       0x00000654   Section        0  buttons.o(.text.Buttons_Init)
    [Anonymous Symbol]                       0x000006ec   Section        0  main.o(.text.Convert)
    [Anonymous Symbol]                       0x000006f8   Section        0  dac.o(.text.DAC_Init)
    [Anonymous Symbol]                       0x00000790   Section        0  dac.o(.text.DAC_Out)
    [Anonymous Symbol]                       0x000007b4   Section        0  led.o(.text.LED_Init)
    [Anonymous Symbol]                       0x00000848   Section        0  nokia5110.o(.text.Nokia5110_ClearBuffer)
    [Anonymous Symbol]                       0x00000878   Section        0  nokia5110.o(.text.Nokia5110_DisplayBuffer)
    [Anonymous Symbol]                       0x00000888   Section        0  nokia5110.o(.text.Nokia5110_DrawFullImage)
    [Anonymous Symbol]                       0x000008c4   Section        0  nokia5110.o(.text.Nokia5110_Init)
    [Anonymous Symbol]                       0x00000a24   Section        0  nokia5110.o(.text.Nokia5110_PrintBMP)
    [Anonymous Symbol]                       0x00000c2c   Section        0  nokia5110.o(.text.Nokia5110_SetCursor)
    [Anonymous Symbol]                       0x00000c78   Section        0  pll.o(.text.PLL_Init)
    [Anonymous Symbol]                       0x00000cf8   Section        0  sound.o(.text.Play)
    [Anonymous Symbol]                       0x00000d64   Section        0  sound.o(.text.Sound_Init)
    [Anonymous Symbol]                       0x00000d94   Section        0  main.o(.text.SysTick_Handler)
    [Anonymous Symbol]                       0x00000dc4   Section        0  system_tm4c123.o(.text.SystemInit)
    [Anonymous Symbol]                       0x00000ed0   Section        0  timer0.o(.text.Timer0_Init)
    lcdwrite                                 0x00000f61   Thumb Code   144  nokia5110.o(.text.lcdwrite)
    [Anonymous Symbol]                       0x00000f60   Section        0  nokia5110.o(.text.lcdwrite)
    [Anonymous Symbol]                       0x00000ff0   Section        0  main.o(.text.main)
    $v0                                      0x00001070   Number         0  fpinit.o(x$fpl$fpinit)
    x$fpl$fpinit                             0x00001070   Section       26  fpinit.o(x$fpl$fpinit)
    M                                        0x20000000   Data           4  random.o(DATA)
    DATA                                     0x20000000   Section        4  random.o(DATA)
    .bss                                     0x20000008   Section       96  libspace.o(.bss)
    Heap_Mem                                 0x20000280   Data           0  startup_tm4c123.o(HEAP)
    Stack_Mem                                0x20000280   Data         512  startup_tm4c123.o(STACK)
    HEAP                                     0x20000280   Section        0  startup_tm4c123.o(HEAP)
    STACK                                    0x20000280   Section      512  startup_tm4c123.o(STACK)
    __initial_sp                             0x20000480   Data           0  startup_tm4c123.o(STACK)

    Global Symbols

    Symbol Name                              Value     Ov Type        Size  Object(Section)

    BuildAttributes$$THM_ISAv4$E$P$D$K$B$S$7EM$VFPi3$EXTD16$VFPS$VFMA$PE$A:L22UL41UL21$X:L11$S22US41US21$IEEE1$IW$~IW$USESV6$~STKCKD$USESV7$~SHL$OSPACE$ROPI$EBA8$UX$STANDARDLIB$REQ8$EABIv2 0x00000000   Number         0  anon$$obj.o ABSOLUTE
    __Vectors                                0x00000000   Data           4  startup_tm4c123.o(RESET)
    __ARM_exceptions_init                     - Undefined Weak Reference
    __alloca_initialize                       - Undefined Weak Reference
    __arm_preinit_                            - Undefined Weak Reference
    __arm_relocate_pie_                       - Undefined Weak Reference
    __cpp_initialize__aeabi_                  - Undefined Weak Reference
    __cxa_finalize                            - Undefined Weak Reference
    __rt_locale                               - Undefined Weak Reference
    __sigvec_lookup                           - Undefined Weak Reference
    _atexit_init                              - Undefined Weak Reference
    _call_atexit_fns                          - Undefined Weak Reference
    _clock_init                               - Undefined Weak Reference
    _fp_trap_init                             - Undefined Weak Reference
    _fp_trap_shutdown                         - Undefined Weak Reference
    _get_lc_collate                           - Undefined Weak Reference
    _get_lc_ctype                             - Undefined Weak Reference
    _get_lc_monetary                          - Undefined Weak Reference
    _get_lc_numeric                           - Undefined Weak Reference
    _get_lc_time                              - Undefined Weak Reference
    _getenv_init                              - Undefined Weak Reference
    _handle_redirection                       - Undefined Weak Reference
    _init_alloc                               - Undefined Weak Reference
    _init_user_alloc                          - Undefined Weak Reference
    _initio                                   - Undefined Weak Reference
    _rand_init                                - Undefined Weak Reference
    _signal_finish                            - Undefined Weak Reference
    _signal_init                              - Undefined Weak Reference
    _terminate_alloc                          - Undefined Weak Reference
    _terminate_user_alloc                     - Undefined Weak Reference
    _terminateio                              - Undefined Weak Reference
    __Vectors_End                            0x0000026c   Data           0  startup_tm4c123.o(RESET)
    __Vectors_Size                           0x0000026c   Number         0  startup_tm4c123.o ABSOLUTE
    __main                                   0x0000026d   Thumb Code     8  __main.o(!!!main)
    __scatterload                            0x00000275   Thumb Code     0  __scatter.o(!!!scatter)
    __scatterload_rt2                        0x00000275   Thumb Code    84  __scatter.o(!!!scatter)
    __scatterload_rt2_thumb_only             0x00000275   Thumb Code     0  __scatter.o(!!!scatter)
    __scatterload_loop                       0x0000027f   Thumb Code     0  __scatter.o(!!!scatter)
    __scatterload_copy                       0x000002d1   Thumb Code    26  __scatter_copy.o(!!handler_copy)
    __scatterload_null                       0x000002ed   Thumb Code     2  __scatter.o(!!handler_null)
    __scatterload_zeroinit                   0x000002f1   Thumb Code    28  __scatter_zi.o(!!handler_zi)
    __rt_lib_init                            0x0000030d   Thumb Code     0  libinit.o(.ARM.Collect$$libinit$$00000000)
    __rt_lib_init_fp_1                       0x0000030f   Thumb Code     0  libinit2.o(.ARM.Collect$$libinit$$00000001)
    __rt_lib_init_alloca_1                   0x00000313   Thumb Code     0  libinit2.o(.ARM.Collect$$libinit$$00000030)
    __rt_lib_init_argv_1                     0x00000313   Thumb Code     0  libinit2.o(.ARM.Collect$$libinit$$0000002E)
    __rt_lib_init_atexit_1                   0x00000313   Thumb Code     0  libinit2.o(.ARM.Collect$$libinit$$0000001D)
    __rt_lib_init_clock_1                    0x00000313   Thumb Code     0  libinit2.o(.ARM.Collect$$libinit$$00000023)
    __rt_lib_init_cpp_1                      0x00000313   Thumb Code     0  libinit2.o(.ARM.Collect$$libinit$$00000034)
    __rt_lib_init_exceptions_1               0x00000313   Thumb Code     0  libinit2.o(.ARM.Collect$$libinit$$00000032)
    __rt_lib_init_fp_trap_1                  0x00000313   Thumb Code     0  libinit2.o(.ARM.Collect$$libinit$$00000021)
    __rt_lib_init_getenv_1                   0x00000313   Thumb Code     0  libinit2.o(.ARM.Collect$$libinit$$00000025)
    __rt_lib_init_heap_1                     0x00000313   Thumb Code     0  libinit2.o(.ARM.Collect$$libinit$$0000000C)
    __rt_lib_init_lc_collate_1               0x00000313   Thumb Code     0  libinit2.o(.ARM.Collect$$libinit$$00000013)
    __rt_lib_init_lc_ctype_1                 0x00000313   Thumb Code     0  libinit2.o(.ARM.Collect$$libinit$$00000015)
    __rt_lib_init_lc_monetary_1              0x00000313   Thumb Code     0  libinit2.o(.ARM.Collect$$libinit$$00000017)
    __rt_lib_init_lc_numeric_1               0x00000313   Thumb Code     0  libinit2.o(.ARM.Collect$$libinit$$00000019)
    __rt_lib_init_lc_time_1                  0x00000313   Thumb Code     0  libinit2.o(.ARM.Collect$$libinit$$0000001B)
    __rt_lib_init_preinit_1                  0x00000313   Thumb Code     0  libinit2.o(.ARM.Collect$$libinit$$00000006)
    __rt_lib_init_rand_1                     0x00000313   Thumb Code     0  libinit2.o(.ARM.Collect$$libinit$$00000010)
    __rt_lib_init_relocate_pie_1             0x00000313   Thumb Code     0  libinit2.o(.ARM.Collect$$libinit$$00000004)
    __rt_lib_init_return                     0x00000313   Thumb Code     0  libinit2.o(.ARM.Collect$$libinit$$00000035)
    __rt_lib_init_signal_1                   0x00000313   Thumb Code     0  libinit2.o(.ARM.Collect$$libinit$$0000001F)
    __rt_lib_init_stdio_1                    0x00000313   Thumb Code     0  libinit2.o(.ARM.Collect$$libinit$$00000027)
    __rt_lib_init_user_alloc_1               0x00000313   Thumb Code     0  libinit2.o(.ARM.Collect$$libinit$$0000000E)
    __rt_lib_shutdown                        0x00000315   Thumb Code     0  libshutdown.o(.ARM.Collect$$libshutdown$$00000000)
    __rt_lib_shutdown_cpp_1                  0x00000317   Thumb Code     0  libshutdown2.o(.ARM.Collect$$libshutdown$$00000002)
    __rt_lib_shutdown_fp_trap_1              0x00000317   Thumb Code     0  libshutdown2.o(.ARM.Collect$$libshutdown$$00000007)
    __rt_lib_shutdown_heap_1                 0x00000317   Thumb Code     0  libshutdown2.o(.ARM.Collect$$libshutdown$$0000000F)
    __rt_lib_shutdown_return                 0x00000317   Thumb Code     0  libshutdown2.o(.ARM.Collect$$libshutdown$$00000010)
    __rt_lib_shutdown_signal_1               0x00000317   Thumb Code     0  libshutdown2.o(.ARM.Collect$$libshutdown$$0000000A)
    __rt_lib_shutdown_stdio_1                0x00000317   Thumb Code     0  libshutdown2.o(.ARM.Collect$$libshutdown$$00000004)
    __rt_lib_shutdown_user_alloc_1           0x00000317   Thumb Code     0  libshutdown2.o(.ARM.Collect$$libshutdown$$0000000C)
    __rt_entry                               0x00000319   Thumb Code     0  __rtentry.o(.ARM.Collect$$rtentry$$00000000)
    __rt_entry_presh_1                       0x00000319   Thumb Code     0  __rtentry2.o(.ARM.Collect$$rtentry$$00000002)
    __rt_entry_sh                            0x00000319   Thumb Code     0  __rtentry4.o(.ARM.Collect$$rtentry$$00000004)
    __rt_entry_li                            0x0000031f   Thumb Code     0  __rtentry2.o(.ARM.Collect$$rtentry$$0000000A)
    __rt_entry_postsh_1                      0x0000031f   Thumb Code     0  __rtentry2.o(.ARM.Collect$$rtentry$$00000009)
    __rt_entry_main                          0x00000323   Thumb Code     0  __rtentry2.o(.ARM.Collect$$rtentry$$0000000D)
    __rt_entry_postli_1                      0x00000323   Thumb Code     0  __rtentry2.o(.ARM.Collect$$rtentry$$0000000C)
    __rt_exit                                0x0000032b   Thumb Code     0  rtexit.o(.ARM.Collect$$rtexit$$00000000)
    __rt_exit_ls                             0x0000032d   Thumb Code     0  rtexit2.o(.ARM.Collect$$rtexit$$00000003)
    __rt_exit_prels_1                        0x0000032d   Thumb Code     0  rtexit2.o(.ARM.Collect$$rtexit$$00000002)
    __rt_exit_exit                           0x00000331   Thumb Code     0  rtexit2.o(.ARM.Collect$$rtexit$$00000004)
    Random_Init                              0x00000339   Thumb Code     0  random.o(.text)
    Random32                                 0x0000033f   Thumb Code     2  random.o(.text)
    Random                                   0x00000351   Thumb Code     2  random.o(.text)
    EnableInterrupts                         0x00000374   Number         0  startup.o(.text)
    DisableInterrupts                        0x00000378   Number         0  startup.o(.text)
    StartCritical                            0x0000037c   Number         0  startup.o(.text)
    EndCritical                              0x00000384   Number         0  startup.o(.text)
    WaitForInterrupt                         0x0000038a   Number         0  startup.o(.text)
    Reset_Handler                            0x00000391   Thumb Code     8  startup_tm4c123.o(.text)
    NMI_Handler                              0x00000399   Thumb Code     2  startup_tm4c123.o(.text)
    HardFault_Handler                        0x0000039b   Thumb Code     2  startup_tm4c123.o(.text)
    MemManage_Handler                        0x0000039d   Thumb Code     2  startup_tm4c123.o(.text)
    BusFault_Handler                         0x0000039f   Thumb Code     2  startup_tm4c123.o(.text)
    UsageFault_Handler                       0x000003a1   Thumb Code     2  startup_tm4c123.o(.text)
    SVC_Handler                              0x000003a3   Thumb Code     2  startup_tm4c123.o(.text)
    DebugMon_Handler                         0x000003a5   Thumb Code     2  startup_tm4c123.o(.text)
    PendSV_Handler                           0x000003a7   Thumb Code     2  startup_tm4c123.o(.text)
    GPIOA_Handler                            0x000003ab   Thumb Code     2  startup_tm4c123.o(.text)
    GPIOB_Handler                            0x000003ad   Thumb Code     2  startup_tm4c123.o(.text)
    GPIOC_Handler                            0x000003af   Thumb Code     2  startup_tm4c123.o(.text)
    GPIOD_Handler                            0x000003b1   Thumb Code     2  startup_tm4c123.o(.text)
    GPIOE_Handler                            0x000003b3   Thumb Code     2  startup_tm4c123.o(.text)
    UART0_Handler                            0x000003b5   Thumb Code     2  startup_tm4c123.o(.text)
    UART1_Handler                            0x000003b7   Thumb Code     2  startup_tm4c123.o(.text)
    SSI0_Handler                             0x000003b9   Thumb Code     2  startup_tm4c123.o(.text)
    I2C0_Handler                             0x000003bb   Thumb Code     2  startup_tm4c123.o(.text)
    PMW0_FAULT_Handler                       0x000003bd   Thumb Code     2  startup_tm4c123.o(.text)
    PWM0_0_Handler                           0x000003bf   Thumb Code     2  startup_tm4c123.o(.text)
    PWM0_1_Handler                           0x000003c1   Thumb Code     2  startup_tm4c123.o(.text)
    PWM0_2_Handler                           0x000003c3   Thumb Code     2  startup_tm4c123.o(.text)
    QEI0_Handler                             0x000003c5   Thumb Code     2  startup_tm4c123.o(.text)
    ADC0SS0_Handler                          0x000003c7   Thumb Code     2  startup_tm4c123.o(.text)
    ADC0SS1_Handler                          0x000003c9   Thumb Code     2  startup_tm4c123.o(.text)
    ADC0SS2_Handler                          0x000003cb   Thumb Code     2  startup_tm4c123.o(.text)
    ADC0SS3_Handler                          0x000003cd   Thumb Code     2  startup_tm4c123.o(.text)
    WDT0_Handler                             0x000003cf   Thumb Code     2  startup_tm4c123.o(.text)
    TIMER0A_Handler                          0x000003d1   Thumb Code     2  startup_tm4c123.o(.text)
    TIMER0B_Handler                          0x000003d3   Thumb Code     2  startup_tm4c123.o(.text)
    TIMER1A_Handler                          0x000003d5   Thumb Code     2  startup_tm4c123.o(.text)
    TIMER1B_Handler                          0x000003d7   Thumb Code     2  startup_tm4c123.o(.text)
    TIMER2A_Handler                          0x000003d9   Thumb Code     2  startup_tm4c123.o(.text)
    TIMER2B_Handler                          0x000003db   Thumb Code     2  startup_tm4c123.o(.text)
    COMP0_Handler                            0x000003dd   Thumb Code     2  startup_tm4c123.o(.text)
    COMP1_Handler                            0x000003df   Thumb Code     2  startup_tm4c123.o(.text)
    COMP2_Handler                            0x000003e1   Thumb Code     2  startup_tm4c123.o(.text)
    SYSCTL_Handler                           0x000003e3   Thumb Code     2  startup_tm4c123.o(.text)
    FLASH_Handler                            0x000003e5   Thumb Code     2  startup_tm4c123.o(.text)
    GPIOF_Handler                            0x000003e7   Thumb Code     2  startup_tm4c123.o(.text)
    GPIOG_Handler                            0x000003e9   Thumb Code     2  startup_tm4c123.o(.text)
    GPIOH_Handler                            0x000003eb   Thumb Code     2  startup_tm4c123.o(.text)
    UART2_Handler                            0x000003ed   Thumb Code     2  startup_tm4c123.o(.text)
    SSI1_Handler                             0x000003ef   Thumb Code     2  startup_tm4c123.o(.text)
    TIMER3A_Handler                          0x000003f1   Thumb Code     2  startup_tm4c123.o(.text)
    TIMER3B_Handler                          0x000003f3   Thumb Code     2  startup_tm4c123.o(.text)
    I2C1_Handler                             0x000003f5   Thumb Code     2  startup_tm4c123.o(.text)
    QEI1_Handler                             0x000003f7   Thumb Code     2  startup_tm4c123.o(.text)
    CAN0_Handler                             0x000003f9   Thumb Code     2  startup_tm4c123.o(.text)
    CAN1_Handler                             0x000003fb   Thumb Code     2  startup_tm4c123.o(.text)
    CAN2_Handler                             0x000003fd   Thumb Code     2  startup_tm4c123.o(.text)
    HIB_Handler                              0x000003ff   Thumb Code     2  startup_tm4c123.o(.text)
    USB0_Handler                             0x00000401   Thumb Code     2  startup_tm4c123.o(.text)
    PWM0_3_Handler                           0x00000403   Thumb Code     2  startup_tm4c123.o(.text)
    UDMA_Handler                             0x00000405   Thumb Code     2  startup_tm4c123.o(.text)
    UDMAERR_Handler                          0x00000407   Thumb Code     2  startup_tm4c123.o(.text)
    ADC1SS0_Handler                          0x00000409   Thumb Code     2  startup_tm4c123.o(.text)
    ADC1SS1_Handler                          0x0000040b   Thumb Code     2  startup_tm4c123.o(.text)
    ADC1SS2_Handler                          0x0000040d   Thumb Code     2  startup_tm4c123.o(.text)
    ADC1SS3_Handler                          0x0000040f   Thumb Code     2  startup_tm4c123.o(.text)
    GPIOJ_Handler                            0x00000411   Thumb Code     2  startup_tm4c123.o(.text)
    GPIOK_Handler                            0x00000413   Thumb Code     2  startup_tm4c123.o(.text)
    GPIOL_Handler                            0x00000415   Thumb Code     2  startup_tm4c123.o(.text)
    SSI2_Handler                             0x00000417   Thumb Code     2  startup_tm4c123.o(.text)
    SSI3_Handler                             0x00000419   Thumb Code     2  startup_tm4c123.o(.text)
    UART3_Handler                            0x0000041b   Thumb Code     2  startup_tm4c123.o(.text)
    UART4_Handler                            0x0000041d   Thumb Code     2  startup_tm4c123.o(.text)
    UART5_Handler                            0x0000041f   Thumb Code     2  startup_tm4c123.o(.text)
    UART6_Handler                            0x00000421   Thumb Code     2  startup_tm4c123.o(.text)
    UART7_Handler                            0x00000423   Thumb Code     2  startup_tm4c123.o(.text)
    I2C2_Handler                             0x00000425   Thumb Code     2  startup_tm4c123.o(.text)
    I2C3_Handler                             0x00000427   Thumb Code     2  startup_tm4c123.o(.text)
    TIMER4A_Handler                          0x00000429   Thumb Code     2  startup_tm4c123.o(.text)
    TIMER4B_Handler                          0x0000042b   Thumb Code     2  startup_tm4c123.o(.text)
    TIMER5A_Handler                          0x0000042d   Thumb Code     2  startup_tm4c123.o(.text)
    TIMER5B_Handler                          0x0000042f   Thumb Code     2  startup_tm4c123.o(.text)
    WTIMER0A_Handler                         0x00000431   Thumb Code     2  startup_tm4c123.o(.text)
    WTIMER0B_Handler                         0x00000433   Thumb Code     2  startup_tm4c123.o(.text)
    WTIMER1A_Handler                         0x00000435   Thumb Code     2  startup_tm4c123.o(.text)
    WTIMER1B_Handler                         0x00000437   Thumb Code     2  startup_tm4c123.o(.text)
    WTIMER2A_Handler                         0x00000439   Thumb Code     2  startup_tm4c123.o(.text)
    WTIMER2B_Handler                         0x0000043b   Thumb Code     2  startup_tm4c123.o(.text)
    WTIMER3A_Handler                         0x0000043d   Thumb Code     2  startup_tm4c123.o(.text)
    WTIMER3B_Handler                         0x0000043f   Thumb Code     2  startup_tm4c123.o(.text)
    WTIMER4A_Handler                         0x00000441   Thumb Code     2  startup_tm4c123.o(.text)
    WTIMER4B_Handler                         0x00000443   Thumb Code     2  startup_tm4c123.o(.text)
    WTIMER5A_Handler                         0x00000445   Thumb Code     2  startup_tm4c123.o(.text)
    WTIMER5B_Handler                         0x00000447   Thumb Code     2  startup_tm4c123.o(.text)
    FPU_Handler                              0x00000449   Thumb Code     2  startup_tm4c123.o(.text)
    I2C4_Handler                             0x0000044b   Thumb Code     2  startup_tm4c123.o(.text)
    I2C5_Handler                             0x0000044d   Thumb Code     2  startup_tm4c123.o(.text)
    GPIOM_Handler                            0x0000044f   Thumb Code     2  startup_tm4c123.o(.text)
    GPION_Handler                            0x00000451   Thumb Code     2  startup_tm4c123.o(.text)
    QEI2_Handler                             0x00000453   Thumb Code     2  startup_tm4c123.o(.text)
    GPIOP0_Handler                           0x00000455   Thumb Code     2  startup_tm4c123.o(.text)
    GPIOP1_Handler                           0x00000457   Thumb Code     2  startup_tm4c123.o(.text)
    GPIOP2_Handler                           0x00000459   Thumb Code     2  startup_tm4c123.o(.text)
    GPIOP3_Handler                           0x0000045b   Thumb Code     2  startup_tm4c123.o(.text)
    GPIOP4_Handler                           0x0000045d   Thumb Code     2  startup_tm4c123.o(.text)
    GPIOP5_Handler                           0x0000045f   Thumb Code     2  startup_tm4c123.o(.text)
    GPIOP6_Handler                           0x00000461   Thumb Code     2  startup_tm4c123.o(.text)
    GPIOP7_Handler                           0x00000463   Thumb Code     2  startup_tm4c123.o(.text)
    GPIOQ0_Handler                           0x00000465   Thumb Code     2  startup_tm4c123.o(.text)
    GPIOQ1_Handler                           0x00000467   Thumb Code     2  startup_tm4c123.o(.text)
    GPIOQ2_Handler                           0x00000469   Thumb Code     2  startup_tm4c123.o(.text)
    GPIOQ3_Handler                           0x0000046b   Thumb Code     2  startup_tm4c123.o(.text)
    GPIOQ4_Handler                           0x0000046d   Thumb Code     2  startup_tm4c123.o(.text)
    GPIOQ5_Handler                           0x0000046f   Thumb Code     2  startup_tm4c123.o(.text)
    GPIOQ6_Handler                           0x00000471   Thumb Code     2  startup_tm4c123.o(.text)
    GPIOQ7_Handler                           0x00000473   Thumb Code     2  startup_tm4c123.o(.text)
    GPIOR_Handler                            0x00000475   Thumb Code     2  startup_tm4c123.o(.text)
    GPIOS_Handler                            0x00000477   Thumb Code     2  startup_tm4c123.o(.text)
    PMW1_0_Handler                           0x00000479   Thumb Code     2  startup_tm4c123.o(.text)
    PWM1_1_Handler                           0x0000047b   Thumb Code     2  startup_tm4c123.o(.text)
    PWM1_2_Handler                           0x0000047d   Thumb Code     2  startup_tm4c123.o(.text)
    PWM1_3_Handler                           0x0000047f   Thumb Code     2  startup_tm4c123.o(.text)
    PWM1_FAULT_Handler                       0x00000481   Thumb Code     2  startup_tm4c123.o(.text)
    __user_initial_stackheap                 0x00000485   Thumb Code     0  startup_tm4c123.o(.text)
    __use_two_region_memory                  0x000004a5   Thumb Code     2  heapauxi.o(.text)
    __rt_heap_escrow$2region                 0x000004a7   Thumb Code     2  heapauxi.o(.text)
    __rt_heap_expand$2region                 0x000004a9   Thumb Code     2  heapauxi.o(.text)
    __user_setup_stackheap                   0x000004ab   Thumb Code    74  sys_stackheap_outer.o(.text)
    exit                                     0x000004f5   Thumb Code    18  exit.o(.text)
    __user_libspace                          0x00000509   Thumb Code     8  libspace.o(.text)
    __user_perproc_libspace                  0x00000509   Thumb Code     0  libspace.o(.text)
    __user_perthread_libspace                0x00000509   Thumb Code     0  libspace.o(.text)
    _sys_exit                                0x00000511   Thumb Code     8  sys_exit.o(.text)
    __I$use$semihosting                      0x0000051d   Thumb Code     0  use_no_semi.o(.text)
    __use_no_semihosting_swi                 0x0000051d   Thumb Code     2  use_no_semi.o(.text)
    __semihosting_library_function           0x0000051f   Thumb Code     0  indicate_semi.o(.text)
    ADC0_In                                  0x00000521   Thumb Code    70  adc.o(.text.ADC0_In)
    ADC0_Init                                0x00000569   Thumb Code   234  adc.o(.text.ADC0_Init)
    Buttons_Init                             0x00000655   Thumb Code   152  buttons.o(.text.Buttons_Init)
    Convert                                  0x000006ed   Thumb Code    10  main.o(.text.Convert)
    DAC_Init                                 0x000006f9   Thumb Code   150  dac.o(.text.DAC_Init)
    DAC_Out                                  0x00000791   Thumb Code    36  dac.o(.text.DAC_Out)
    LED_Init                                 0x000007b5   Thumb Code   148  led.o(.text.LED_Init)
    Nokia5110_ClearBuffer                    0x00000849   Thumb Code    46  nokia5110.o(.text.Nokia5110_ClearBuffer)
    Nokia5110_DisplayBuffer                  0x00000879   Thumb Code    16  nokia5110.o(.text.Nokia5110_DisplayBuffer)
    Nokia5110_DrawFullImage                  0x00000889   Thumb Code    58  nokia5110.o(.text.Nokia5110_DrawFullImage)
    Nokia5110_Init                           0x000008c5   Thumb Code   352  nokia5110.o(.text.Nokia5110_Init)
    Nokia5110_PrintBMP                       0x00000a25   Thumb Code   518  nokia5110.o(.text.Nokia5110_PrintBMP)
    Nokia5110_SetCursor                      0x00000c2d   Thumb Code    76  nokia5110.o(.text.Nokia5110_SetCursor)
    PLL_Init                                 0x00000c79   Thumb Code   126  pll.o(.text.PLL_Init)
    Play                                     0x00000cf9   Thumb Code   106  sound.o(.text.Play)
    Sound_Init                               0x00000d65   Thumb Code    46  sound.o(.text.Sound_Init)
    SysTick_Handler                          0x00000d95   Thumb Code    48  main.o(.text.SysTick_Handler)
    SystemInit                               0x00000dc5   Thumb Code   268  system_tm4c123.o(.text.SystemInit)
    Timer0_Init                              0x00000ed1   Thumb Code   144  timer0.o(.text.Timer0_Init)
    main                                     0x00000ff1   Thumb Code   128  main.o(.text.main)
    _fp_init                                 0x00001071   Thumb Code    26  fpinit.o(x$fpl$fpinit)
    __fplib_config_fpu_vfp                   0x00001089   Thumb Code     0  fpinit.o(x$fpl$fpinit)
    __fplib_config_pureend_doubles           0x00001089   Thumb Code     0  fpinit.o(x$fpl$fpinit)
    PlayerShip0                              0x0000108a   Data         215  main.o(.rodata.PlayerShip0)
    Region$$Table$$Base                      0x00001164   Number         0  anon$$obj.o(Region$$Table)
    Region$$Table$$Limit                     0x00001184   Number         0  anon$$obj.o(Region$$Table)
    __libspace_start                         0x20000008   Data          96  libspace.o(.bss)
    ADCdata                                  0x20000068   Data           4  main.o(.bss.ADCdata)
    __temporary_stack_top$libspace           0x20000068   Data           0  libspace.o(.bss)
    Count                                    0x2000006c   Data           4  sound.o(.bss.Count)
    Flag                                     0x20000070   Data           4  main.o(.bss.Flag)
    Index                                    0x20000074   Data           4  sound.o(.bss.Index)
    PeriodicTask                             0x20000078   Data           4  timer0.o(.bss.PeriodicTask)
    Screen                                   0x2000007c   Data         504  nokia5110.o(.bss.Screen)
    Wave                                     0x20000274   Data           4  sound.o(.bss.Wave)
    Xpos                                     0x20000278   Data           4  main.o(.bss.Xpos)



==============================================================================

Memory Map of the image

  Image Entry point : 0x00000391

  Load Region LR_1 (Base: 0x00000000, Size: 0x00001188, Max: 0xffffffff, ABSOLUTE)

    Execution Region ER_RO (Exec base: 0x00000000, Load base: 0x00000000, Size: 0x00001184, Max: 0xffffffff, ABSOLUTE)

    Exec Addr    Load Addr    Size         Type   Attr      Idx    E Section Name        Object

    0x00000000   0x00000000   0x0000026c   Data   RO          203    RESET               startup_tm4c123.o
    0x0000026c   0x0000026c   0x00000008   Code   RO          226  * !!!main             c_w.l(__main.o)
    0x00000274   0x00000274   0x0000005c   Code   RO          391    !!!scatter          c_w.l(__scatter.o)
    0x000002d0   0x000002d0   0x0000001a   Code   RO          395    !!handler_copy      c_w.l(__scatter_copy.o)
    0x000002ea   0x000002ea   0x00000002   PAD
    0x000002ec   0x000002ec   0x00000002   Code   RO          392    !!handler_null      c_w.l(__scatter.o)
    0x000002ee   0x000002ee   0x00000002   PAD
    0x000002f0   0x000002f0   0x0000001c   Code   RO          397    !!handler_zi        c_w.l(__scatter_zi.o)
    0x0000030c   0x0000030c   0x00000002   Code   RO          253    .ARM.Collect$$libinit$$00000000  c_w.l(libinit.o)
    0x0000030e   0x0000030e   0x00000004   Code   RO          259    .ARM.Collect$$libinit$$00000001  c_w.l(libinit2.o)
    0x00000312   0x00000312   0x00000000   Code   RO          262    .ARM.Collect$$libinit$$00000004  c_w.l(libinit2.o)
    0x00000312   0x00000312   0x00000000   Code   RO          264    .ARM.Collect$$libinit$$00000006  c_w.l(libinit2.o)
    0x00000312   0x00000312   0x00000000   Code   RO          267    .ARM.Collect$$libinit$$0000000C  c_w.l(libinit2.o)
    0x00000312   0x00000312   0x00000000   Code   RO          269    .ARM.Collect$$libinit$$0000000E  c_w.l(libinit2.o)
    0x00000312   0x00000312   0x00000000   Code   RO          271    .ARM.Collect$$libinit$$00000010  c_w.l(libinit2.o)
    0x00000312   0x00000312   0x00000000   Code   RO          274    .ARM.Collect$$libinit$$00000013  c_w.l(libinit2.o)
    0x00000312   0x00000312   0x00000000   Code   RO          276    .ARM.Collect$$libinit$$00000015  c_w.l(libinit2.o)
    0x00000312   0x00000312   0x00000000   Code   RO          278    .ARM.Collect$$libinit$$00000017  c_w.l(libinit2.o)
    0x00000312   0x00000312   0x00000000   Code   RO          280    .ARM.Collect$$libinit$$00000019  c_w.l(libinit2.o)
    0x00000312   0x00000312   0x00000000   Code   RO          282    .ARM.Collect$$libinit$$0000001B  c_w.l(libinit2.o)
    0x00000312   0x00000312   0x00000000   Code   RO          284    .ARM.Collect$$libinit$$0000001D  c_w.l(libinit2.o)
    0x00000312   0x00000312   0x00000000   Code   RO          286    .ARM.Collect$$libinit$$0000001F  c_w.l(libinit2.o)
    0x00000312   0x00000312   0x00000000   Code   RO          288    .ARM.Collect$$libinit$$00000021  c_w.l(libinit2.o)
    0x00000312   0x00000312   0x00000000   Code   RO          290    .ARM.Collect$$libinit$$00000023  c_w.l(libinit2.o)
    0x00000312   0x00000312   0x00000000   Code   RO          292    .ARM.Collect$$libinit$$00000025  c_w.l(libinit2.o)
    0x00000312   0x00000312   0x00000000   Code   RO          294    .ARM.Collect$$libinit$$00000027  c_w.l(libinit2.o)
    0x00000312   0x00000312   0x00000000   Code   RO          298    .ARM.Collect$$libinit$$0000002E  c_w.l(libinit2.o)
    0x00000312   0x00000312   0x00000000   Code   RO          300    .ARM.Collect$$libinit$$00000030  c_w.l(libinit2.o)
    0x00000312   0x00000312   0x00000000   Code   RO          302    .ARM.Collect$$libinit$$00000032  c_w.l(libinit2.o)
    0x00000312   0x00000312   0x00000000   Code   RO          304    .ARM.Collect$$libinit$$00000034  c_w.l(libinit2.o)
    0x00000312   0x00000312   0x00000002   Code   RO          305    .ARM.Collect$$libinit$$00000035  c_w.l(libinit2.o)
    0x00000314   0x00000314   0x00000002   Code   RO          327    .ARM.Collect$$libshutdown$$00000000  c_w.l(libshutdown.o)
    0x00000316   0x00000316   0x00000000   Code   RO          342    .ARM.Collect$$libshutdown$$00000002  c_w.l(libshutdown2.o)
    0x00000316   0x00000316   0x00000000   Code   RO          344    .ARM.Collect$$libshutdown$$00000004  c_w.l(libshutdown2.o)
    0x00000316   0x00000316   0x00000000   Code   RO          347    .ARM.Collect$$libshutdown$$00000007  c_w.l(libshutdown2.o)
    0x00000316   0x00000316   0x00000000   Code   RO          350    .ARM.Collect$$libshutdown$$0000000A  c_w.l(libshutdown2.o)
    0x00000316   0x00000316   0x00000000   Code   RO          352    .ARM.Collect$$libshutdown$$0000000C  c_w.l(libshutdown2.o)
    0x00000316   0x00000316   0x00000000   Code   RO          355    .ARM.Collect$$libshutdown$$0000000F  c_w.l(libshutdown2.o)
    0x00000316   0x00000316   0x00000002   Code   RO          356    .ARM.Collect$$libshutdown$$00000010  c_w.l(libshutdown2.o)
    0x00000318   0x00000318   0x00000000   Code   RO          228    .ARM.Collect$$rtentry$$00000000  c_w.l(__rtentry.o)
    0x00000318   0x00000318   0x00000000   Code   RO          230    .ARM.Collect$$rtentry$$00000002  c_w.l(__rtentry2.o)
    0x00000318   0x00000318   0x00000006   Code   RO          242    .ARM.Collect$$rtentry$$00000004  c_w.l(__rtentry4.o)
    0x0000031e   0x0000031e   0x00000000   Code   RO          232    .ARM.Collect$$rtentry$$00000009  c_w.l(__rtentry2.o)
    0x0000031e   0x0000031e   0x00000004   Code   RO          233    .ARM.Collect$$rtentry$$0000000A  c_w.l(__rtentry2.o)
    0x00000322   0x00000322   0x00000000   Code   RO          235    .ARM.Collect$$rtentry$$0000000C  c_w.l(__rtentry2.o)
    0x00000322   0x00000322   0x00000008   Code   RO          236    .ARM.Collect$$rtentry$$0000000D  c_w.l(__rtentry2.o)
    0x0000032a   0x0000032a   0x00000002   Code   RO          257    .ARM.Collect$$rtexit$$00000000  c_w.l(rtexit.o)
    0x0000032c   0x0000032c   0x00000000   Code   RO          307    .ARM.Collect$$rtexit$$00000002  c_w.l(rtexit2.o)
    0x0000032c   0x0000032c   0x00000004   Code   RO          308    .ARM.Collect$$rtexit$$00000003  c_w.l(rtexit2.o)
    0x00000330   0x00000330   0x00000006   Code   RO          309    .ARM.Collect$$rtexit$$00000004  c_w.l(rtexit2.o)
    0x00000336   0x00000336   0x00000002   PAD
    0x00000338   0x00000338   0x0000003c   Code   RO          104    .text               random.o
    0x00000374   0x00000374   0x0000001a   Code   RO          149    .text               startup.o
    0x0000038e   0x0000038e   0x00000002   PAD
    0x00000390   0x00000390   0x00000114   Code   RO          204  * .text               startup_tm4c123.o
    0x000004a4   0x000004a4   0x00000006   Code   RO          224    .text               c_w.l(heapauxi.o)
    0x000004aa   0x000004aa   0x0000004a   Code   RO          244    .text               c_w.l(sys_stackheap_outer.o)
    0x000004f4   0x000004f4   0x00000012   Code   RO          246    .text               c_w.l(exit.o)
    0x00000506   0x00000506   0x00000002   PAD
    0x00000508   0x00000508   0x00000008   Code   RO          254    .text               c_w.l(libspace.o)
    0x00000510   0x00000510   0x0000000c   Code   RO          317    .text               c_w.l(sys_exit.o)
    0x0000051c   0x0000051c   0x00000002   Code   RO          332    .text               c_w.l(use_no_semi.o)
    0x0000051e   0x0000051e   0x00000000   Code   RO          334    .text               c_w.l(indicate_semi.o)
    0x0000051e   0x0000051e   0x00000002   PAD
    0x00000520   0x00000520   0x00000046   Code   RO            4    .text.ADC0_In       adc.o
    0x00000566   0x00000566   0x00000002   PAD
    0x00000568   0x00000568   0x000000ea   Code   RO            2    .text.ADC0_Init     adc.o
    0x00000652   0x00000652   0x00000002   PAD
    0x00000654   0x00000654   0x00000098   Code   RO          155    .text.Buttons_Init  buttons.o
    0x000006ec   0x000006ec   0x0000000a   Code   RO           15    .text.Convert       main.o
    0x000006f6   0x000006f6   0x00000002   PAD
    0x000006f8   0x000006f8   0x00000096   Code   RO          166    .text.DAC_Init      dac.o
    0x0000078e   0x0000078e   0x00000002   PAD
    0x00000790   0x00000790   0x00000024   Code   RO          168    .text.DAC_Out       dac.o
    0x000007b4   0x000007b4   0x00000094   Code   RO          177    .text.LED_Init      led.o
    0x00000848   0x00000848   0x0000002e   Code   RO           78    .text.Nokia5110_ClearBuffer  nokia5110.o
    0x00000876   0x00000876   0x00000002   PAD
    0x00000878   0x00000878   0x00000010   Code   RO           84    .text.Nokia5110_DisplayBuffer  nokia5110.o
    0x00000888   0x00000888   0x0000003a   Code   RO           74    .text.Nokia5110_DrawFullImage  nokia5110.o
    0x000008c2   0x000008c2   0x00000002   PAD
    0x000008c4   0x000008c4   0x00000160   Code   RO           60    .text.Nokia5110_Init  nokia5110.o
    0x00000a24   0x00000a24   0x00000206   Code   RO           76    .text.Nokia5110_PrintBMP  nokia5110.o
    0x00000c2a   0x00000c2a   0x00000002   PAD
    0x00000c2c   0x00000c2c   0x0000004c   Code   RO           70    .text.Nokia5110_SetCursor  nokia5110.o
    0x00000c78   0x00000c78   0x0000007e   Code   RO           96    .text.PLL_Init      pll.o
    0x00000cf6   0x00000cf6   0x00000002   PAD
    0x00000cf8   0x00000cf8   0x0000006a   Code   RO          110    .text.Play          sound.o
    0x00000d62   0x00000d62   0x00000002   PAD
    0x00000d64   0x00000d64   0x0000002e   Code   RO          112    .text.Sound_Init    sound.o
    0x00000d92   0x00000d92   0x00000002   PAD
    0x00000d94   0x00000d94   0x00000030   Code   RO           19    .text.SysTick_Handler  main.o
    0x00000dc4   0x00000dc4   0x0000010c   Code   RO          213    .text.SystemInit    system_tm4c123.o
    0x00000ed0   0x00000ed0   0x00000090   Code   RO          190    .text.Timer0_Init   timer0.o
    0x00000f60   0x00000f60   0x00000090   Code   RO           62    .text.lcdwrite      nokia5110.o
    0x00000ff0   0x00000ff0   0x00000080   Code   RO           13    .text.main          main.o
    0x00001070   0x00001070   0x0000001a   Code   RO          315    x$fpl$fpinit        fz_wm.l(fpinit.o)
    0x0000108a   0x0000108a   0x000000d7   Data   RO           25    .rodata.PlayerShip0  main.o
    0x00001161   0x00001161   0x00000003   PAD
    0x00001164   0x00001164   0x00000020   Data   RO          390    Region$$Table       anon$$obj.o


    Execution Region ER_RW (Exec base: 0x20000000, Load base: 0x00001184, Size: 0x00000004, Max: 0xffffffff, ABSOLUTE)

    Exec Addr    Load Addr    Size         Type   Attr      Idx    E Section Name        Object

    0x20000000   0x00001184   0x00000004   Data   RW          103    DATA                random.o


    Execution Region ER_ZI (Exec base: 0x20000008, Load base: 0x00001188, Size: 0x00000478, Max: 0xffffffff, ABSOLUTE)

    Exec Addr    Load Addr    Size         Type   Attr      Idx    E Section Name        Object

    0x20000008        -       0x00000060   Zero   RW          255    .bss                c_w.l(libspace.o)
    0x20000068        -       0x00000004   Zero   RW           26    .bss.ADCdata        main.o
    0x2000006c        -       0x00000004   Zero   RW          141    .bss.Count          sound.o
    0x20000070        -       0x00000004   Zero   RW           28    .bss.Flag           main.o
    0x20000074        -       0x00000004   Zero   RW          140    .bss.Index          sound.o
    0x20000078        -       0x00000004   Zero   RW          194    .bss.PeriodicTask   timer0.o
    0x2000007c        -       0x000001f8   Zero   RW           88    .bss.Screen         nokia5110.o
    0x20000274        -       0x00000004   Zero   RW          142    .bss.Wave           sound.o
    0x20000278        -       0x00000004   Zero   RW           27    .bss.Xpos           main.o
    0x2000027c   0x00001188   0x00000004   PAD
    0x20000280        -       0x00000000   Zero   RW          202    HEAP                startup_tm4c123.o
    0x20000280        -       0x00000200   Zero   RW          201    STACK               startup_tm4c123.o


==============================================================================

Image component sizes


      Code (inc. data)   RO Data    RW Data    ZI Data      Debug   Object Name

       304          0          0          0          0        791   adc.o
       152          0          0          0          0        740   buttons.o
       186          0          0          0          0        709   dac.o
       148          0          0          0          0        849   led.o
       186          0        215          0         12       2459   main.o
      1210          4          0          0        504       4294   nokia5110.o
       126          0          0          0          0        550   pll.o
        60         14          0          4          0        268   random.o
       152          0          0          0         12       2138   sound.o
        26          0          0          0          0        435   startup.o
       276         24        620          0        512       5444   startup_tm4c123.o
       268          0          0          0          0       6816   system_tm4c123.o
       144          0          0          0          4        830   timer0.o

    ----------------------------------------------------------------------
      3260         42        870          4       1048      26323   Object Totals
         0          0         32          0          0          0   (incl. Generated)
        22          0          3          0          4          0   (incl. Padding)

    ----------------------------------------------------------------------

      Code (inc. data)   RO Data    RW Data    ZI Data      Debug   Library Member Name

         8          0          0          0          0         68   __main.o
         0          0          0          0          0          0   __rtentry.o
        12          0          0          0          0          0   __rtentry2.o
         6          0          0          0          0          0   __rtentry4.o
        94          8          0          0          0          0   __scatter.o
        26          0          0          0          0          0   __scatter_copy.o
        28          0          0          0          0          0   __scatter_zi.o
        18          0          0          0          0         80   exit.o
         6          0          0          0          0        152   heapauxi.o
         0          0          0          0          0          0   indicate_semi.o
         2          0          0          0          0          0   libinit.o
         6          0          0          0          0          0   libinit2.o
         2          0          0          0          0          0   libshutdown.o
         2          0          0          0          0          0   libshutdown2.o
         8          4          0          0         96         68   libspace.o
         2          0          0          0          0          0   rtexit.o
        10          0          0          0          0          0   rtexit2.o
        12          4          0          0          0         68   sys_exit.o
        74          0          0          0          0         80   sys_stackheap_outer.o
         2          0          0          0          0         68   use_no_semi.o
        26          0          0          0          0        116   fpinit.o

    ----------------------------------------------------------------------
       354         16          0          0         96        700   Library Totals
        10          0          0          0          0          0   (incl. Padding)

    ----------------------------------------------------------------------

      Code (inc. data)   RO Data    RW Data    ZI Data      Debug   Library Name

       318         16          0          0         96        584   c_w.l
        26          0          0          0          0        116   fz_wm.l

    ----------------------------------------------------------------------
       354         16          0          0         96        700   Library Totals

    ----------------------------------------------------------------------

==============================================================================


      Code (inc. data)   RO Data    RW Data    ZI Data      Debug   

      3614         58        870          4       1144      26755   Grand Totals
      3614         58        870          4       1144      26755   ELF Image Totals
      3614         58        870          4          0          0   ROM Totals

==============================================================================

    Total RO  Size (Code + RO Data)                 4484 (   4.38kB)
    Total RW  Size (RW Data + ZI Data)              1148 (   1.12kB)
    Total ROM Size (Code + RO Data + RW Data)       4488 (   4.38kB)

==============================================================================

